#! /usr/bin/vvp
:ivl_version "12.0 (stable)";
:ivl_delay_selection "TYPICAL";
:vpi_time_precision - 12;
:vpi_module "/usr/lib/x86_64-linux-gnu/ivl/system.vpi";
:vpi_module "/usr/lib/x86_64-linux-gnu/ivl/vhdl_sys.vpi";
:vpi_module "/usr/lib/x86_64-linux-gnu/ivl/vhdl_textio.vpi";
:vpi_module "/usr/lib/x86_64-linux-gnu/ivl/v2005_math.vpi";
:vpi_module "/usr/lib/x86_64-linux-gnu/ivl/va_math.vpi";
:vpi_module "/usr/lib/x86_64-linux-gnu/ivl/v2009.vpi";
S_0x5bfad3a081d0 .scope package, "$unit" "$unit" 2 1;
 .timescale 0 0;
S_0x5bfad3a0d820 .scope module, "tb_pipeline" "tb_pipeline" 3 3;
 .timescale -9 -12;
v0x5bfad3a45a70_0 .var "clk", 0 0;
v0x5bfad3a45b30_0 .var/i "errors", 31 0;
v0x5bfad3a45bf0_0 .var/queue "expected_queue", 16;
v0x5bfad3a45c90_0 .var "measure_en", 0 0;
v0x5bfad3a45d30_0 .var "ready_in", 0 0;
v0x5bfad3a45e20_0 .net "ready_out", 0 0, L_0x5bfad3a07060;  1 drivers
v0x5bfad3a45ec0_0 .var "rst_n", 0 0;
v0x5bfad3a45f60_0 .var/i "total_cycles", 31 0;
v0x5bfad3a46000_0 .var "valid_in", 0 0;
v0x5bfad3a46130_0 .net "valid_out", 0 0, L_0x5bfad3a08da0;  1 drivers
v0x5bfad3a461d0_0 .var/i "valid_transfers", 31 0;
v0x5bfad3a46270_0 .var/s "x_in", 7 0;
v0x5bfad3a46310_0 .net/s "y_out", 15 0, L_0x5bfad3a07f30;  1 drivers
E_0x5bfad3a127a0 .event posedge, v0x5bfad3a08090_0;
S_0x5bfad3a17060 .scope begin, "$unm_blk_8" "$unm_blk_8" 3 58, 3 58 0, S_0x5bfad3a0d820;
 .timescale -9 -12;
v0x5bfad3a071c0_0 .var/s "exp_val", 15 0;
S_0x5bfad3a447a0 .scope module, "dut" "pipeline_3stage" 3 16, 4 3 0, S_0x5bfad3a0d820;
 .timescale -9 -12;
    .port_info 0 /INPUT 1 "clk";
    .port_info 1 /INPUT 1 "rst_n";
    .port_info 2 /INPUT 8 "x_in";
    .port_info 3 /INPUT 1 "valid_in";
    .port_info 4 /OUTPUT 1 "ready_out";
    .port_info 5 /OUTPUT 16 "y_out";
    .port_info 6 /OUTPUT 1 "valid_out";
    .port_info 7 /INPUT 1 "ready_in";
P_0x5bfad3a04040 .param/l "A" 1 4 15, +C4<00000101>;
P_0x5bfad3a04080 .param/l "B" 1 4 16, +C4<00000011>;
L_0x5bfad3a05970 .functor BUFZ 1, v0x5bfad3a45d30_0, C4<0>, C4<0>, C4<0>;
L_0x5bfad3a07060 .functor BUFZ 1, v0x5bfad3a45d30_0, C4<0>, C4<0>, C4<0>;
L_0x5bfad3a07f30 .functor BUFZ 16, v0x5bfad3a45080_0, C4<0000000000000000>, C4<0000000000000000>, C4<0000000000000000>;
L_0x5bfad3a08da0 .functor BUFZ 1, v0x5bfad3a45160_0, C4<0>, C4<0>, C4<0>;
v0x5bfad3a08090_0 .net "clk", 0 0, v0x5bfad3a45a70_0;  1 drivers
v0x5bfad3a08ec0_0 .net "pipe_en", 0 0, L_0x5bfad3a05970;  1 drivers
v0x5bfad3a09c00_0 .net "ready_in", 0 0, v0x5bfad3a45d30_0;  1 drivers
v0x5bfad3a09f90_0 .net "ready_out", 0 0, L_0x5bfad3a07060;  alias, 1 drivers
v0x5bfad3a0bc70_0 .net "rst_n", 0 0, v0x5bfad3a45ec0_0;  1 drivers
v0x5bfad3a44cb0_0 .var/s "stg1_data", 8 0;
v0x5bfad3a44d90_0 .var "stg1_valid", 0 0;
v0x5bfad3a44e50_0 .var/s "stg2_data", 15 0;
v0x5bfad3a44f30_0 .var "stg2_valid", 0 0;
v0x5bfad3a45080_0 .var/s "stg3_data", 15 0;
v0x5bfad3a45160_0 .var "stg3_valid", 0 0;
v0x5bfad3a45220_0 .net "valid_in", 0 0, v0x5bfad3a46000_0;  1 drivers
v0x5bfad3a452e0_0 .net "valid_out", 0 0, L_0x5bfad3a08da0;  alias, 1 drivers
v0x5bfad3a453a0_0 .net/s "x_in", 7 0, v0x5bfad3a46270_0;  1 drivers
v0x5bfad3a45480_0 .net/s "y_out", 15 0, L_0x5bfad3a07f30;  alias, 1 drivers
E_0x5bfad3a11d90/0 .event negedge, v0x5bfad3a0bc70_0;
E_0x5bfad3a11d90/1 .event posedge, v0x5bfad3a08090_0;
E_0x5bfad3a11d90 .event/or E_0x5bfad3a11d90/0, E_0x5bfad3a11d90/1;
S_0x5bfad3a45660 .scope autofunction.vec4.u16, "golden_model" "golden_model" 3 41, 3 41 0, S_0x5bfad3a0d820;
 .timescale -9 -12;
; Variable golden_model is vec4 return value of scope S_0x5bfad3a45660
v0x5bfad3a458d0_0 .var/s "x", 7 0;
v0x5bfad3a459b0_0 .var/s "y", 15 0;
TD_tb_pipeline.golden_model ;
    %load/vec4 v0x5bfad3a458d0_0;
    %pad/s 16;
    %addi 5, 0, 16;
    %muli 3, 0, 16;
    %ix/load 4, 4, 0;
    %flag_set/imm 4, 0;
    %shiftr/s 4;
    %store/vec4 v0x5bfad3a459b0_0, 0, 16;
    %load/vec4 v0x5bfad3a459b0_0;
    %ret/vec4 0, 0, 16;  Assign to golden_model (store_vec4_to_lval)
    %disable/flow S_0x5bfad3a45660;
    %end;
    .scope S_0x5bfad3a447a0;
T_1 ;
    %wait E_0x5bfad3a11d90;
    %load/vec4 v0x5bfad3a0bc70_0;
    %nor/r;
    %flag_set/vec4 8;
    %jmp/0xz  T_1.0, 8;
    %pushi/vec4 0, 0, 1;
    %assign/vec4 v0x5bfad3a44d90_0, 0;
    %pushi/vec4 0, 0, 1;
    %assign/vec4 v0x5bfad3a44f30_0, 0;
    %pushi/vec4 0, 0, 1;
    %assign/vec4 v0x5bfad3a45160_0, 0;
    %pushi/vec4 0, 0, 9;
    %assign/vec4 v0x5bfad3a44cb0_0, 0;
    %pushi/vec4 0, 0, 16;
    %assign/vec4 v0x5bfad3a44e50_0, 0;
    %pushi/vec4 0, 0, 16;
    %assign/vec4 v0x5bfad3a45080_0, 0;
    %jmp T_1.1;
T_1.0 ;
    %load/vec4 v0x5bfad3a08ec0_0;
    %flag_set/vec4 8;
    %jmp/0xz  T_1.2, 8;
    %load/vec4 v0x5bfad3a453a0_0;
    %pad/s 9;
    %addi 5, 0, 9;
    %assign/vec4 v0x5bfad3a44cb0_0, 0;
    %load/vec4 v0x5bfad3a45220_0;
    %assign/vec4 v0x5bfad3a44d90_0, 0;
    %load/vec4 v0x5bfad3a44cb0_0;
    %pad/s 16;
    %muli 3, 0, 16;
    %assign/vec4 v0x5bfad3a44e50_0, 0;
    %load/vec4 v0x5bfad3a44d90_0;
    %assign/vec4 v0x5bfad3a44f30_0, 0;
    %load/vec4 v0x5bfad3a44e50_0;
    %ix/load 4, 4, 0;
    %flag_set/imm 4, 0;
    %shiftr/s 4;
    %assign/vec4 v0x5bfad3a45080_0, 0;
    %load/vec4 v0x5bfad3a44f30_0;
    %assign/vec4 v0x5bfad3a45160_0, 0;
T_1.2 ;
T_1.1 ;
    %jmp T_1;
    .thread T_1;
    .scope S_0x5bfad3a0d820;
T_2 ;
    %pushi/vec4 0, 0, 32;
    %store/vec4 v0x5bfad3a45b30_0, 0, 32;
    %pushi/vec4 0, 0, 32;
    %store/vec4 v0x5bfad3a45f60_0, 0, 32;
    %pushi/vec4 0, 0, 32;
    %store/vec4 v0x5bfad3a461d0_0, 0, 32;
    %pushi/vec4 0, 0, 1;
    %store/vec4 v0x5bfad3a45c90_0, 0, 1;
    %end;
    .thread T_2, $init;
    .scope S_0x5bfad3a0d820;
T_3 ;
    %pushi/vec4 0, 0, 1;
    %store/vec4 v0x5bfad3a45a70_0, 0, 1;
T_3.0 ;
    %delay 5000, 0;
    %load/vec4 v0x5bfad3a45a70_0;
    %inv;
    %store/vec4 v0x5bfad3a45a70_0, 0, 1;
    %jmp T_3.0;
    %end;
    .thread T_3;
    .scope S_0x5bfad3a0d820;
T_4 ;
    %wait E_0x5bfad3a127a0;
    %load/vec4 v0x5bfad3a46000_0;
    %flag_set/vec4 10;
    %flag_get/vec4 10;
    %jmp/0 T_4.3, 10;
    %load/vec4 v0x5bfad3a45e20_0;
    %and;
T_4.3;
    %flag_set/vec4 9;
    %flag_get/vec4 9;
    %jmp/0 T_4.2, 9;
    %load/vec4 v0x5bfad3a45ec0_0;
    %and;
T_4.2;
    %flag_set/vec4 8;
    %jmp/0xz  T_4.0, 8;
    %ix/load 4, 0, 0;
    %alloc S_0x5bfad3a45660;
    %load/vec4 v0x5bfad3a46270_0;
    %store/vec4 v0x5bfad3a458d0_0, 0, 8;
    %callf/vec4 TD_tb_pipeline.golden_model, S_0x5bfad3a45660;
    %free S_0x5bfad3a45660;
    %store/qb/v v0x5bfad3a45bf0_0, 4, 16;
T_4.0 ;
    %jmp T_4;
    .thread T_4;
    .scope S_0x5bfad3a0d820;
T_5 ;
    %wait E_0x5bfad3a127a0;
    %load/vec4 v0x5bfad3a46130_0;
    %flag_set/vec4 10;
    %flag_get/vec4 10;
    %jmp/0 T_5.3, 10;
    %load/vec4 v0x5bfad3a45d30_0;
    %and;
T_5.3;
    %flag_set/vec4 9;
    %flag_get/vec4 9;
    %jmp/0 T_5.2, 9;
    %load/vec4 v0x5bfad3a45ec0_0;
    %and;
T_5.2;
    %flag_set/vec4 8;
    %jmp/0xz  T_5.0, 8;
    %fork t_1, S_0x5bfad3a17060;
    %jmp t_0;
    .scope S_0x5bfad3a17060;
t_1 ;
    %qpop/f/v v0x5bfad3a45bf0_0, 16;
    %store/vec4 v0x5bfad3a071c0_0, 0, 16;
    %load/vec4 v0x5bfad3a46310_0;
    %load/vec4 v0x5bfad3a071c0_0;
    %cmp/ne;
    %jmp/0xz  T_5.4, 6;
    %vpi_call/w 3 63 "$display", "ERROR en t=%0t: x_in=%d | Esperado=%d | Obtenido=%d", $time, v0x5bfad3a46270_0, v0x5bfad3a071c0_0, v0x5bfad3a46310_0 {0 0 0};
    ; show_stmt_assign_vector: Get l-value for compressed += operand
    %load/vec4 v0x5bfad3a45b30_0;
    %pushi/vec4 1, 0, 32;
    %add;
    %store/vec4 v0x5bfad3a45b30_0, 0, 32;
T_5.4 ;
    %end;
    .scope S_0x5bfad3a0d820;
t_0 %join;
T_5.0 ;
    %jmp T_5;
    .thread T_5;
    .scope S_0x5bfad3a0d820;
T_6 ;
    %wait E_0x5bfad3a127a0;
    %load/vec4 v0x5bfad3a45c90_0;
    %flag_set/vec4 8;
    %jmp/0xz  T_6.0, 8;
    ; show_stmt_assign_vector: Get l-value for compressed += operand
    %load/vec4 v0x5bfad3a45f60_0;
    %pushi/vec4 1, 0, 32;
    %add;
    %store/vec4 v0x5bfad3a45f60_0, 0, 32;
T_6.0 ;
    %load/vec4 v0x5bfad3a46130_0;
    %flag_set/vec4 11;
    %flag_get/vec4 11;
    %jmp/0 T_6.6, 11;
    %load/vec4 v0x5bfad3a45d30_0;
    %and;
T_6.6;
    %flag_set/vec4 10;
    %flag_get/vec4 10;
    %jmp/0 T_6.5, 10;
    %load/vec4 v0x5bfad3a45ec0_0;
    %and;
T_6.5;
    %flag_set/vec4 9;
    %flag_get/vec4 9;
    %jmp/0 T_6.4, 9;
    %load/vec4 v0x5bfad3a45c90_0;
    %and;
T_6.4;
    %flag_set/vec4 8;
    %jmp/0xz  T_6.2, 8;
    ; show_stmt_assign_vector: Get l-value for compressed += operand
    %load/vec4 v0x5bfad3a461d0_0;
    %pushi/vec4 1, 0, 32;
    %add;
    %store/vec4 v0x5bfad3a461d0_0, 0, 32;
T_6.2 ;
    %jmp T_6;
    .thread T_6;
    .scope S_0x5bfad3a0d820;
T_7 ;
    %vpi_call/w 3 85 "$dumpfile", "pipeline.vcd" {0 0 0};
    %vpi_call/w 3 86 "$dumpvars", 32'sb00000000000000000000000000000000, S_0x5bfad3a0d820 {0 0 0};
    %pushi/vec4 0, 0, 1;
    %store/vec4 v0x5bfad3a45ec0_0, 0, 1;
    %pushi/vec4 0, 0, 1;
    %store/vec4 v0x5bfad3a46000_0, 0, 1;
    %pushi/vec4 1, 0, 1;
    %store/vec4 v0x5bfad3a45d30_0, 0, 1;
    %pushi/vec4 0, 0, 8;
    %store/vec4 v0x5bfad3a46270_0, 0, 8;
    %delay 20000, 0;
    %pushi/vec4 1, 0, 1;
    %store/vec4 v0x5bfad3a45ec0_0, 0, 1;
    %wait E_0x5bfad3a127a0;
    %vpi_call/w 3 100 "$display", ">>> INICIANDO FASE 1: Transmision sin stalls..." {0 0 0};
    %pushi/vec4 1, 0, 1;
    %store/vec4 v0x5bfad3a45c90_0, 0, 1;
    %pushi/vec4 20, 0, 32;
T_7.0 %dup/vec4;
    %pushi/vec4 0, 0, 32;
    %cmp/s;
    %jmp/1xz T_7.1, 5;
    %jmp/1 T_7.1, 4;
    %pushi/vec4 1, 0, 32;
    %sub;
    %pushi/vec4 1, 0, 1;
    %assign/vec4 v0x5bfad3a46000_0, 0;
    %vpi_func 3 106 "$random" 32 {0 0 0};
    %pad/s 8;
    %assign/vec4 v0x5bfad3a46270_0, 0;
    %wait E_0x5bfad3a127a0;
    %jmp T_7.0;
T_7.1 ;
    %pop/vec4 1;
    %pushi/vec4 0, 0, 1;
    %assign/vec4 v0x5bfad3a46000_0, 0;
    %pushi/vec4 5, 0, 32;
T_7.2 %dup/vec4;
    %pushi/vec4 0, 0, 32;
    %cmp/s;
    %jmp/1xz T_7.3, 5;
    %jmp/1 T_7.3, 4;
    %pushi/vec4 1, 0, 32;
    %sub;
    %wait E_0x5bfad3a127a0;
    %jmp T_7.2;
T_7.3 ;
    %pop/vec4 1;
    %pushi/vec4 0, 0, 1;
    %store/vec4 v0x5bfad3a45c90_0, 0, 1;
    %vpi_call/w 3 115 "$display", "Rendimiento Fase 1 (Ideal): %0d muestras en %0d ciclos.", v0x5bfad3a461d0_0, v0x5bfad3a45f60_0 {0 0 0};
    %vpi_call/w 3 120 "$display", ">>> INICIANDO FASE 2: Transmision con STALLS..." {0 0 0};
    %pushi/vec4 0, 0, 32;
    %store/vec4 v0x5bfad3a45f60_0, 0, 32;
    %pushi/vec4 0, 0, 32;
    %store/vec4 v0x5bfad3a461d0_0, 0, 32;
    %pushi/vec4 1, 0, 1;
    %store/vec4 v0x5bfad3a45c90_0, 0, 1;
    %pushi/vec4 50, 0, 32;
T_7.4 %dup/vec4;
    %pushi/vec4 0, 0, 32;
    %cmp/s;
    %jmp/1xz T_7.5, 5;
    %jmp/1 T_7.5, 4;
    %pushi/vec4 1, 0, 32;
    %sub;
    %vpi_func 3 127 "$random" 32 {0 0 0};
    %pad/s 1;
    %assign/vec4 v0x5bfad3a45d30_0, 0;
    %vpi_func 3 128 "$random" 32 {0 0 0};
    %pad/s 1;
    %assign/vec4 v0x5bfad3a46000_0, 0;
    %load/vec4 v0x5bfad3a46000_0;
    %flag_set/vec4 9;
    %flag_get/vec4 9;
    %jmp/0 T_7.8, 9;
    %load/vec4 v0x5bfad3a45e20_0;
    %and;
T_7.8;
    %flag_set/vec4 8;
    %jmp/0xz  T_7.6, 8;
    %vpi_func 3 130 "$random" 32 {0 0 0};
    %pad/s 8;
    %assign/vec4 v0x5bfad3a46270_0, 0;
T_7.6 ;
    %wait E_0x5bfad3a127a0;
    %jmp T_7.4;
T_7.5 ;
    %pop/vec4 1;
    %pushi/vec4 0, 0, 1;
    %assign/vec4 v0x5bfad3a46000_0, 0;
    %pushi/vec4 1, 0, 1;
    %assign/vec4 v0x5bfad3a45d30_0, 0;
    %pushi/vec4 10, 0, 32;
T_7.9 %dup/vec4;
    %pushi/vec4 0, 0, 32;
    %cmp/s;
    %jmp/1xz T_7.10, 5;
    %jmp/1 T_7.10, 4;
    %pushi/vec4 1, 0, 32;
    %sub;
    %wait E_0x5bfad3a127a0;
    %jmp T_7.9;
T_7.10 ;
    %pop/vec4 1;
    %pushi/vec4 0, 0, 1;
    %store/vec4 v0x5bfad3a45c90_0, 0, 1;
    %vpi_call/w 3 141 "$display", "Rendimiento Fase 2 (Con Stalls): %0d muestras en %0d ciclos.", v0x5bfad3a461d0_0, v0x5bfad3a45f60_0 {0 0 0};
    %vpi_call/w 3 146 "$display", "\000" {0 0 0};
    %vpi_call/w 3 147 "$display", "==================================================" {0 0 0};
    %vpi_call/w 3 148 "$display", "   RESULTADOS DE LA SIMULACI\303\223N - PIPELINE AXI-S   " {0 0 0};
    %vpi_call/w 3 149 "$display", "==================================================" {0 0 0};
    %load/vec4 v0x5bfad3a45b30_0;
    %cmpi/e 0, 0, 32;
    %flag_get/vec4 4;
    %jmp/0 T_7.13, 4;
    %vpi_func 3 150 "$size" 32, v0x5bfad3a45bf0_0 {0 0 0};
    %pushi/vec4 0, 0, 32;
    %cmp/e;
    %flag_get/vec4 4;
    %and;
T_7.13;
    %flag_set/vec4 8;
    %jmp/0xz  T_7.11, 8;
    %vpi_call/w 3 151 "$display", "ESTADO: [ PASS ] - El pipeline funciona perfecto." {0 0 0};
    %jmp T_7.12;
T_7.11 ;
    %vpi_call/w 3 153 "$display", "ESTADO: [ FAIL ] - Se encontraron %0d errores.", v0x5bfad3a45b30_0 {0 0 0};
T_7.12 ;
    %vpi_call/w 3 155 "$display", "Throughput ideal teorico: 1.0 muestras/ciclo" {0 0 0};
    %vpi_call/w 3 156 "$display", "==================================================" {0 0 0};
    %vpi_call/w 3 157 "$display", "\000" {0 0 0};
    %vpi_call/w 3 159 "$finish" {0 0 0};
    %end;
    .thread T_7;
# The file index is used to find the file name in the following table.
:file_names 5;
    "N/A";
    "<interactive>";
    "-";
    "tb_pipeline.v";
    "pipeline_3stage.v";
