145. Printing statistics.

=== cordic_folded ===

   Number of wires:                635
   Number of wire bits:            725
   Number of public wires:          16
   Number of public wire bits:     106
   Number of ports:                 10
   Number of port bits:            100
   Number of memories:               0
   Number of memory bits:            0
   Number of processes:              0
   Number of cells:                674
     sky130_fd_sc_hd__a2111oi_2      1
     sky130_fd_sc_hd__a211o_2       11
     sky130_fd_sc_hd__a211oi_2       2
     sky130_fd_sc_hd__a21bo_2        6
     sky130_fd_sc_hd__a21boi_2       1
     sky130_fd_sc_hd__a21o_2        36
     sky130_fd_sc_hd__a21oi_2       27
     sky130_fd_sc_hd__a221o_2        7
     sky130_fd_sc_hd__a22o_2        24
     sky130_fd_sc_hd__a2bb2o_2       1
     sky130_fd_sc_hd__a311o_2        2
     sky130_fd_sc_hd__a31o_2         8
     sky130_fd_sc_hd__a31oi_2        2
     sky130_fd_sc_hd__a32o_2         1
     sky130_fd_sc_hd__a41oi_2        1
     sky130_fd_sc_hd__and2_2        42
     sky130_fd_sc_hd__and2b_2       13
     sky130_fd_sc_hd__and3_2         5
     sky130_fd_sc_hd__and3b_2        2
     sky130_fd_sc_hd__and4_2         1
     sky130_fd_sc_hd__and4b_2        1
     sky130_fd_sc_hd__and4bb_2       2
     sky130_fd_sc_hd__dfrtp_2       54
     sky130_fd_sc_hd__dfstp_2        1
     sky130_fd_sc_hd__inv_2         15
     sky130_fd_sc_hd__mux2_1       103
     sky130_fd_sc_hd__mux4_2        15
     sky130_fd_sc_hd__nand2_2       45
     sky130_fd_sc_hd__nand2b_2      10
     sky130_fd_sc_hd__nand3_2        2
     sky130_fd_sc_hd__nand3b_2       1
     sky130_fd_sc_hd__nand4_2        2
     sky130_fd_sc_hd__nor2_2        42
     sky130_fd_sc_hd__nor3_2         1
     sky130_fd_sc_hd__nor3b_2        2
     sky130_fd_sc_hd__nor4_2         2
     sky130_fd_sc_hd__nor4b_2        1
     sky130_fd_sc_hd__o211a_2        2
     sky130_fd_sc_hd__o21a_2        18
     sky130_fd_sc_hd__o21ai_2       14
     sky130_fd_sc_hd__o21ba_2        2
     sky130_fd_sc_hd__o21bai_2       1
     sky130_fd_sc_hd__o221a_2        1
     sky130_fd_sc_hd__o22a_2         7
     sky130_fd_sc_hd__o22ai_2        1
     sky130_fd_sc_hd__o2bb2a_2       2
     sky130_fd_sc_hd__o31a_2         8
     sky130_fd_sc_hd__o31ai_2        3
     sky130_fd_sc_hd__o32a_2         1
     sky130_fd_sc_hd__o41a_2         3
     sky130_fd_sc_hd__o41ai_2        1
     sky130_fd_sc_hd__or2_2         29
     sky130_fd_sc_hd__or3_2          5
     sky130_fd_sc_hd__or3b_2         1
     sky130_fd_sc_hd__or4_2          2
     sky130_fd_sc_hd__xnor2_2       48
     sky130_fd_sc_hd__xor2_2        33

   Chip area for module '\cordic_folded': 7737.420800
     of which used for sequential elements: 1445.136000 (18.68%)

