#! /usr/bin/vvp
:ivl_version "12.0 (stable)";
:ivl_delay_selection "TYPICAL";
:vpi_time_precision - 12;
:vpi_module "/usr/lib/x86_64-linux-gnu/ivl/system.vpi";
:vpi_module "/usr/lib/x86_64-linux-gnu/ivl/vhdl_sys.vpi";
:vpi_module "/usr/lib/x86_64-linux-gnu/ivl/vhdl_textio.vpi";
:vpi_module "/usr/lib/x86_64-linux-gnu/ivl/v2005_math.vpi";
:vpi_module "/usr/lib/x86_64-linux-gnu/ivl/va_math.vpi";
:vpi_module "/usr/lib/x86_64-linux-gnu/ivl/v2009.vpi";
S_0x641710428aa0 .scope package, "$unit" "$unit" 2 1;
 .timescale 0 0;
S_0x641710428c30 .scope module, "tb_bcd_counter" "tb_bcd_counter" 3 3;
 .timescale -9 -12;
v0x641710445270_0 .var "clk", 0 0;
v0x641710445330_0 .net "cnt", 3 0, v0x641710417090_0;  1 drivers
v0x6417104453d0_0 .var "en", 0 0;
v0x641710445470_0 .var "rst", 0 0;
v0x641710445510_0 .net "tc", 0 0, L_0x641710415ba0;  1 drivers
v0x641710445600_0 .var/i "tc_count", 31 0;
S_0x6417103ed500 .scope module, "dut" "bcd_counter" 3 13, 4 3 0, S_0x641710428c30;
 .timescale -9 -12;
    .port_info 0 /INPUT 1 "clk";
    .port_info 1 /INPUT 1 "rst";
    .port_info 2 /INPUT 1 "en";
    .port_info 3 /OUTPUT 4 "cnt";
    .port_info 4 /OUTPUT 1 "tc";
L_0x641710415ba0 .functor AND 1, L_0x6417104456a0, v0x6417104453d0_0, C4<1>, C4<1>;
L_0x7a8fd7291018 .functor BUFT 1, C4<1001>, C4<0>, C4<0>, C4<0>;
v0x6417104165f0_0 .net/2u *"_ivl_0", 3 0, L_0x7a8fd7291018;  1 drivers
v0x641710416800_0 .net *"_ivl_2", 0 0, L_0x6417104456a0;  1 drivers
v0x641710416d70_0 .net "clk", 0 0, v0x641710445270_0;  1 drivers
v0x641710417090_0 .var "cnt", 3 0;
v0x641710444f40_0 .net "en", 0 0, v0x6417104453d0_0;  1 drivers
v0x641710445050_0 .net "rst", 0 0, v0x641710445470_0;  1 drivers
v0x641710445110_0 .net "tc", 0 0, L_0x641710415ba0;  alias, 1 drivers
E_0x641710429330 .event posedge, v0x641710416d70_0;
L_0x6417104456a0 .cmp/eq 4, v0x641710417090_0, L_0x7a8fd7291018;
    .scope S_0x6417103ed500;
T_0 ;
    %wait E_0x641710429330;
    %load/vec4 v0x641710445050_0;
    %flag_set/vec4 8;
    %jmp/0xz  T_0.0, 8;
    %pushi/vec4 0, 0, 4;
    %assign/vec4 v0x641710417090_0, 0;
    %jmp T_0.1;
T_0.0 ;
    %load/vec4 v0x641710444f40_0;
    %flag_set/vec4 8;
    %jmp/0xz  T_0.2, 8;
    %load/vec4 v0x641710417090_0;
    %cmpi/e 9, 0, 4;
    %jmp/0xz  T_0.4, 4;
    %pushi/vec4 0, 0, 4;
    %assign/vec4 v0x641710417090_0, 0;
    %jmp T_0.5;
T_0.4 ;
    %load/vec4 v0x641710417090_0;
    %addi 1, 0, 4;
    %assign/vec4 v0x641710417090_0, 0;
T_0.5 ;
T_0.2 ;
T_0.1 ;
    %jmp T_0;
    .thread T_0;
    .scope S_0x641710428c30;
T_1 ;
    %pushi/vec4 0, 0, 1;
    %store/vec4 v0x641710445270_0, 0, 1;
T_1.0 ;
    %delay 5000, 0;
    %load/vec4 v0x641710445270_0;
    %inv;
    %store/vec4 v0x641710445270_0, 0, 1;
    %jmp T_1.0;
    %end;
    .thread T_1;
    .scope S_0x641710428c30;
T_2 ;
    %wait E_0x641710429330;
    %load/vec4 v0x641710445470_0;
    %flag_set/vec4 8;
    %jmp/0xz  T_2.0, 8;
    %pushi/vec4 0, 0, 32;
    %assign/vec4 v0x641710445600_0, 0;
    %jmp T_2.1;
T_2.0 ;
    %load/vec4 v0x641710445510_0;
    %flag_set/vec4 9;
    %flag_get/vec4 9;
    %jmp/0 T_2.4, 9;
    %load/vec4 v0x6417104453d0_0;
    %and;
T_2.4;
    %flag_set/vec4 8;
    %jmp/0xz  T_2.2, 8;
    %load/vec4 v0x641710445600_0;
    %addi 1, 0, 32;
    %assign/vec4 v0x641710445600_0, 0;
T_2.2 ;
T_2.1 ;
    %jmp T_2;
    .thread T_2;
    .scope S_0x641710428c30;
T_3 ;
    %vpi_call/w 3 40 "$dumpfile", "bcd_counter.vcd" {0 0 0};
    %vpi_call/w 3 41 "$dumpvars", 32'sb00000000000000000000000000000000, S_0x641710428c30 {0 0 0};
    %pushi/vec4 1, 0, 1;
    %store/vec4 v0x641710445470_0, 0, 1;
    %pushi/vec4 0, 0, 1;
    %store/vec4 v0x6417104453d0_0, 0, 1;
    %wait E_0x641710429330;
    %wait E_0x641710429330;
    %pushi/vec4 0, 0, 1;
    %store/vec4 v0x641710445470_0, 0, 1;
    %pushi/vec4 1, 0, 1;
    %store/vec4 v0x6417104453d0_0, 0, 1;
    %pushi/vec4 100, 0, 32;
T_3.0 %dup/vec4;
    %pushi/vec4 0, 0, 32;
    %cmp/s;
    %jmp/1xz T_3.1, 5;
    %jmp/1 T_3.1, 4;
    %pushi/vec4 1, 0, 32;
    %sub;
    %wait E_0x641710429330;
    %jmp T_3.0;
T_3.1 ;
    %pop/vec4 1;
    %pushi/vec4 0, 0, 1;
    %store/vec4 v0x6417104453d0_0, 0, 1;
    %wait E_0x641710429330;
    %vpi_call/w 3 63 "$display", "\000" {0 0 0};
    %vpi_call/w 3 64 "$display", "==================================================" {0 0 0};
    %vpi_call/w 3 65 "$display", "   RESULTADOS DE LA SIMULACI\303\223N - BCD COUNTER      " {0 0 0};
    %vpi_call/w 3 66 "$display", "==================================================" {0 0 0};
    %vpi_call/w 3 67 "$display", "Ciclos con EN=1 ejecutados: 100" {0 0 0};
    %vpi_call/w 3 68 "$display", "Pulsos 'tc' detectados:     %0d", v0x641710445600_0 {0 0 0};
    %vpi_call/w 3 69 "$display", "--------------------------------------------------" {0 0 0};
    %load/vec4 v0x641710445600_0;
    %cmpi/e 10, 0, 32;
    %jmp/0xz  T_3.2, 4;
    %vpi_call/w 3 72 "$display", "ESTADO: [ PASS ] - El rollover funciono perfecto." {0 0 0};
    %jmp T_3.3;
T_3.2 ;
    %vpi_call/w 3 74 "$display", "ESTADO: [ FAIL ] - Hubo un error en la cuenta." {0 0 0};
T_3.3 ;
    %vpi_call/w 3 76 "$display", "==================================================" {0 0 0};
    %vpi_call/w 3 77 "$display", "\000" {0 0 0};
    %vpi_call/w 3 80 "$finish" {0 0 0};
    %end;
    .thread T_3;
# The file index is used to find the file name in the following table.
:file_names 5;
    "N/A";
    "<interactive>";
    "-";
    "tb_bcd_counter.v";
    "bcd_counter.v";
