#! /usr/bin/vvp
:ivl_version "12.0 (stable)";
:ivl_delay_selection "TYPICAL";
:vpi_time_precision - 12;
:vpi_module "/usr/lib/x86_64-linux-gnu/ivl/system.vpi";
:vpi_module "/usr/lib/x86_64-linux-gnu/ivl/vhdl_sys.vpi";
:vpi_module "/usr/lib/x86_64-linux-gnu/ivl/vhdl_textio.vpi";
:vpi_module "/usr/lib/x86_64-linux-gnu/ivl/v2005_math.vpi";
:vpi_module "/usr/lib/x86_64-linux-gnu/ivl/va_math.vpi";
:vpi_module "/usr/lib/x86_64-linux-gnu/ivl/v2009.vpi";
S_0x5b03504e1d60 .scope package, "$unit" "$unit" 2 1;
 .timescale 0 0;
S_0x5b03504e1ef0 .scope module, "tb_cordic_folded" "tb_cordic_folded" 3 3;
 .timescale -9 -12;
v0x5b0350514cc0_0 .var "clk", 0 0;
v0x5b0350514d80_0 .net/s "cos_out", 15 0, L_0x5b03504e7ee0;  1 drivers
v0x5b0350514e20_0 .net "done", 0 0, v0x5b0350513b70_0;  1 drivers
v0x5b0350514ec0_0 .var "rst_n", 0 0;
v0x5b0350514f60_0 .net/s "sin_out", 15 0, L_0x5b03504e8380;  1 drivers
v0x5b0350515050_0 .var "start", 0 0;
v0x5b03505150f0_0 .var/s "theta_in", 15 0;
S_0x5b035049b500 .scope module, "dut" "cordic_folded" 3 13, 4 3 0, S_0x5b03504e1ef0;
 .timescale -9 -12;
    .port_info 0 /INPUT 1 "clk";
    .port_info 1 /INPUT 1 "rst_n";
    .port_info 2 /INPUT 1 "start";
    .port_info 3 /INPUT 16 "theta_in";
    .port_info 4 /OUTPUT 1 "done";
    .port_info 5 /OUTPUT 16 "sin_out";
    .port_info 6 /OUTPUT 16 "cos_out";
P_0x5b03504f1880 .param/l "ITERATIONS" 1 4 14, +C4<00000000000000000000000000001110>;
P_0x5b03504f18c0 .param/l "K_INV" 1 4 15, +C4<0010011011011101>;
enum0x5b03504c09e0 .enum4 (2)
   "IDLE" 2'b00,
   "ITER" 2'b01,
   "DONE_ST" 2'b10
 ;
L_0x5b03504e7ee0 .functor BUFZ 16, v0x5b0350514590_0, C4<0000000000000000>, C4<0000000000000000>, C4<0000000000000000>;
L_0x5b03504e8380 .functor BUFZ 16, v0x5b0350514670_0, C4<0000000000000000>, C4<0000000000000000>, C4<0000000000000000>;
L_0x79c80da2b018 .functor BUFT 1, C4<0011001001000011>, C4<0>, C4<0>, C4<0>;
v0x5b03504e84e0 .array "atan_rom", 13 0;
v0x5b03504e84e0_0 .net/s v0x5b03504e84e0 0, 15 0, L_0x79c80da2b018; 1 drivers
L_0x79c80da2b060 .functor BUFT 1, C4<0001110110101100>, C4<0>, C4<0>, C4<0>;
v0x5b03504e84e0_1 .net/s v0x5b03504e84e0 1, 15 0, L_0x79c80da2b060; 1 drivers
L_0x79c80da2b0a8 .functor BUFT 1, C4<0000111110101101>, C4<0>, C4<0>, C4<0>;
v0x5b03504e84e0_2 .net/s v0x5b03504e84e0 2, 15 0, L_0x79c80da2b0a8; 1 drivers
L_0x79c80da2b0f0 .functor BUFT 1, C4<0000011111110101>, C4<0>, C4<0>, C4<0>;
v0x5b03504e84e0_3 .net/s v0x5b03504e84e0 3, 15 0, L_0x79c80da2b0f0; 1 drivers
L_0x79c80da2b138 .functor BUFT 1, C4<0000001111111110>, C4<0>, C4<0>, C4<0>;
v0x5b03504e84e0_4 .net/s v0x5b03504e84e0 4, 15 0, L_0x79c80da2b138; 1 drivers
L_0x79c80da2b180 .functor BUFT 1, C4<0000000111111111>, C4<0>, C4<0>, C4<0>;
v0x5b03504e84e0_5 .net/s v0x5b03504e84e0 5, 15 0, L_0x79c80da2b180; 1 drivers
L_0x79c80da2b1c8 .functor BUFT 1, C4<0000000100000000>, C4<0>, C4<0>, C4<0>;
v0x5b03504e84e0_6 .net/s v0x5b03504e84e0 6, 15 0, L_0x79c80da2b1c8; 1 drivers
L_0x79c80da2b210 .functor BUFT 1, C4<0000000010000000>, C4<0>, C4<0>, C4<0>;
v0x5b03504e84e0_7 .net/s v0x5b03504e84e0 7, 15 0, L_0x79c80da2b210; 1 drivers
L_0x79c80da2b258 .functor BUFT 1, C4<0000000001000000>, C4<0>, C4<0>, C4<0>;
v0x5b03504e84e0_8 .net/s v0x5b03504e84e0 8, 15 0, L_0x79c80da2b258; 1 drivers
L_0x79c80da2b2a0 .functor BUFT 1, C4<0000000000100000>, C4<0>, C4<0>, C4<0>;
v0x5b03504e84e0_9 .net/s v0x5b03504e84e0 9, 15 0, L_0x79c80da2b2a0; 1 drivers
L_0x79c80da2b2e8 .functor BUFT 1, C4<0000000000010000>, C4<0>, C4<0>, C4<0>;
v0x5b03504e84e0_10 .net/s v0x5b03504e84e0 10, 15 0, L_0x79c80da2b2e8; 1 drivers
L_0x79c80da2b330 .functor BUFT 1, C4<0000000000001000>, C4<0>, C4<0>, C4<0>;
v0x5b03504e84e0_11 .net/s v0x5b03504e84e0 11, 15 0, L_0x79c80da2b330; 1 drivers
L_0x79c80da2b378 .functor BUFT 1, C4<0000000000000100>, C4<0>, C4<0>, C4<0>;
v0x5b03504e84e0_12 .net/s v0x5b03504e84e0 12, 15 0, L_0x79c80da2b378; 1 drivers
L_0x79c80da2b3c0 .functor BUFT 1, C4<0000000000000010>, C4<0>, C4<0>, C4<0>;
v0x5b03504e84e0_13 .net/s v0x5b03504e84e0 13, 15 0, L_0x79c80da2b3c0; 1 drivers
v0x5b03505139f0_0 .net "clk", 0 0, v0x5b0350514cc0_0;  1 drivers
v0x5b0350513ab0_0 .net/s "cos_out", 15 0, L_0x5b03504e7ee0;  alias, 1 drivers
v0x5b0350513b70_0 .var "done", 0 0;
v0x5b0350513c30_0 .var "iter_cnt", 3 0;
v0x5b0350513d10_0 .var "next_iter_cnt", 3 0;
v0x5b0350513df0_0 .var "next_state", 1 0;
v0x5b0350513ed0_0 .var/s "next_x", 15 0;
v0x5b0350513fb0_0 .var/s "next_y", 15 0;
v0x5b0350514090_0 .var/s "next_z", 15 0;
v0x5b0350514170_0 .net "rst_n", 0 0, v0x5b0350514ec0_0;  1 drivers
v0x5b0350514230_0 .net/s "sin_out", 15 0, L_0x5b03504e8380;  alias, 1 drivers
v0x5b0350514310_0 .net "start", 0 0, v0x5b0350515050_0;  1 drivers
v0x5b03505143d0_0 .var "state", 1 0;
v0x5b03505144b0_0 .net/s "theta_in", 15 0, v0x5b03505150f0_0;  1 drivers
v0x5b0350514590_0 .var/s "x", 15 0;
v0x5b0350514670_0 .var/s "y", 15 0;
v0x5b0350514750_0 .var/s "z", 15 0;
E_0x5b03504d9fb0/0 .event anyedge, v0x5b03505143d0_0, v0x5b0350514590_0, v0x5b0350514670_0, v0x5b0350514750_0;
E_0x5b03504d9fb0/1 .event anyedge, v0x5b0350513c30_0, v0x5b0350514310_0, v0x5b03505144b0_0, v0x5b03504e84e0_0;
E_0x5b03504d9fb0/2 .event anyedge, v0x5b03504e84e0_1, v0x5b03504e84e0_2, v0x5b03504e84e0_3, v0x5b03504e84e0_4;
E_0x5b03504d9fb0/3 .event anyedge, v0x5b03504e84e0_5, v0x5b03504e84e0_6, v0x5b03504e84e0_7, v0x5b03504e84e0_8;
E_0x5b03504d9fb0/4 .event anyedge, v0x5b03504e84e0_9, v0x5b03504e84e0_10, v0x5b03504e84e0_11, v0x5b03504e84e0_12;
E_0x5b03504d9fb0/5 .event anyedge, v0x5b03504e84e0_13;
E_0x5b03504d9fb0 .event/or E_0x5b03504d9fb0/0, E_0x5b03504d9fb0/1, E_0x5b03504d9fb0/2, E_0x5b03504d9fb0/3, E_0x5b03504d9fb0/4, E_0x5b03504d9fb0/5;
E_0x5b035049bda0/0 .event negedge, v0x5b0350514170_0;
E_0x5b035049bda0/1 .event posedge, v0x5b03505139f0_0;
E_0x5b035049bda0 .event/or E_0x5b035049bda0/0, E_0x5b035049bda0/1;
S_0x5b0350514910 .scope task, "test_angle" "test_angle" 3 25, 3 25 0, S_0x5b03504e1ef0;
 .timescale -9 -12;
v0x5b0350514b00_0 .var/s "angle", 15 0;
v0x5b0350514c00_0 .var/str "name";
E_0x5b03504d9e30 .event posedge, v0x5b03505139f0_0;
E_0x5b035049c060 .event anyedge, v0x5b0350513b70_0;
TD_tb_cordic_folded.test_angle ;
    %wait E_0x5b03504d9e30;
    %load/vec4 v0x5b0350514b00_0;
    %store/vec4 v0x5b03505150f0_0, 0, 16;
    %pushi/vec4 1, 0, 1;
    %store/vec4 v0x5b0350515050_0, 0, 1;
    %wait E_0x5b03504d9e30;
    %pushi/vec4 0, 0, 1;
    %store/vec4 v0x5b0350515050_0, 0, 1;
T_0.0 ;
    %load/vec4 v0x5b0350514e20_0;
    %cmpi/ne 1, 0, 1;
    %jmp/0xz T_0.1, 6;
    %wait E_0x5b035049c060;
    %jmp T_0.0;
T_0.1 ;
    %wait E_0x5b03504d9e30;
    %vpi_call/w 3 35 "$display", "Test %s completado. Seno: %d, Coseno: %d", v0x5b0350514c00_0, v0x5b0350514f60_0, v0x5b0350514d80_0 {0 0 0};
    %delay 10000, 0;
    %end;
    .scope S_0x5b035049b500;
T_1 ;
    %wait E_0x5b035049bda0;
    %load/vec4 v0x5b0350514170_0;
    %nor/r;
    %flag_set/vec4 8;
    %jmp/0xz  T_1.0, 8;
    %pushi/vec4 0, 0, 2;
    %assign/vec4 v0x5b03505143d0_0, 0;
    %pushi/vec4 0, 0, 16;
    %assign/vec4 v0x5b0350514590_0, 0;
    %pushi/vec4 0, 0, 16;
    %assign/vec4 v0x5b0350514670_0, 0;
    %pushi/vec4 0, 0, 16;
    %assign/vec4 v0x5b0350514750_0, 0;
    %pushi/vec4 0, 0, 4;
    %assign/vec4 v0x5b0350513c30_0, 0;
    %jmp T_1.1;
T_1.0 ;
    %load/vec4 v0x5b0350513df0_0;
    %assign/vec4 v0x5b03505143d0_0, 0;
    %load/vec4 v0x5b0350513ed0_0;
    %assign/vec4 v0x5b0350514590_0, 0;
    %load/vec4 v0x5b0350513fb0_0;
    %assign/vec4 v0x5b0350514670_0, 0;
    %load/vec4 v0x5b0350514090_0;
    %assign/vec4 v0x5b0350514750_0, 0;
    %load/vec4 v0x5b0350513d10_0;
    %assign/vec4 v0x5b0350513c30_0, 0;
T_1.1 ;
    %jmp T_1;
    .thread T_1;
    .scope S_0x5b035049b500;
T_2 ;
Ewait_0 .event/or E_0x5b03504d9fb0, E_0x0;
    %wait Ewait_0;
    %load/vec4 v0x5b03505143d0_0;
    %store/vec4 v0x5b0350513df0_0, 0, 2;
    %load/vec4 v0x5b0350514590_0;
    %store/vec4 v0x5b0350513ed0_0, 0, 16;
    %load/vec4 v0x5b0350514670_0;
    %store/vec4 v0x5b0350513fb0_0, 0, 16;
    %load/vec4 v0x5b0350514750_0;
    %store/vec4 v0x5b0350514090_0, 0, 16;
    %load/vec4 v0x5b0350513c30_0;
    %store/vec4 v0x5b0350513d10_0, 0, 4;
    %pushi/vec4 0, 0, 1;
    %store/vec4 v0x5b0350513b70_0, 0, 1;
    %load/vec4 v0x5b03505143d0_0;
    %dup/vec4;
    %pushi/vec4 0, 0, 2;
    %cmp/u;
    %jmp/1 T_2.0, 6;
    %dup/vec4;
    %pushi/vec4 1, 0, 2;
    %cmp/u;
    %jmp/1 T_2.1, 6;
    %dup/vec4;
    %pushi/vec4 2, 0, 2;
    %cmp/u;
    %jmp/1 T_2.2, 6;
    %jmp T_2.3;
T_2.0 ;
    %load/vec4 v0x5b0350514310_0;
    %flag_set/vec4 8;
    %jmp/0xz  T_2.4, 8;
    %pushi/vec4 9949, 0, 16;
    %store/vec4 v0x5b0350513ed0_0, 0, 16;
    %pushi/vec4 0, 0, 16;
    %store/vec4 v0x5b0350513fb0_0, 0, 16;
    %load/vec4 v0x5b03505144b0_0;
    %store/vec4 v0x5b0350514090_0, 0, 16;
    %pushi/vec4 0, 0, 4;
    %store/vec4 v0x5b0350513d10_0, 0, 4;
    %pushi/vec4 1, 0, 2;
    %store/vec4 v0x5b0350513df0_0, 0, 2;
T_2.4 ;
    %jmp T_2.3;
T_2.1 ;
    %load/vec4 v0x5b0350514750_0;
    %pad/s 32;
    %cmpi/s 0, 0, 32;
    %flag_inv 5; GE is !LT
    %jmp/0xz  T_2.6, 5;
    %load/vec4 v0x5b0350514590_0;
    %load/vec4 v0x5b0350514670_0;
    %ix/getv 4, v0x5b0350513c30_0;
    %shiftr/s 4;
    %sub;
    %store/vec4 v0x5b0350513ed0_0, 0, 16;
    %load/vec4 v0x5b0350514670_0;
    %load/vec4 v0x5b0350514590_0;
    %ix/getv 4, v0x5b0350513c30_0;
    %shiftr/s 4;
    %add;
    %store/vec4 v0x5b0350513fb0_0, 0, 16;
    %load/vec4 v0x5b0350514750_0;
    %load/vec4 v0x5b0350513c30_0;
    %pad/u 5;
    %ix/vec4 4;
    %load/vec4a v0x5b03504e84e0, 4;
    %sub;
    %store/vec4 v0x5b0350514090_0, 0, 16;
    %jmp T_2.7;
T_2.6 ;
    %load/vec4 v0x5b0350514590_0;
    %load/vec4 v0x5b0350514670_0;
    %ix/getv 4, v0x5b0350513c30_0;
    %shiftr/s 4;
    %add;
    %store/vec4 v0x5b0350513ed0_0, 0, 16;
    %load/vec4 v0x5b0350514670_0;
    %load/vec4 v0x5b0350514590_0;
    %ix/getv 4, v0x5b0350513c30_0;
    %shiftr/s 4;
    %sub;
    %store/vec4 v0x5b0350513fb0_0, 0, 16;
    %load/vec4 v0x5b0350514750_0;
    %load/vec4 v0x5b0350513c30_0;
    %pad/u 5;
    %ix/vec4 4;
    %load/vec4a v0x5b03504e84e0, 4;
    %add;
    %store/vec4 v0x5b0350514090_0, 0, 16;
T_2.7 ;
    %load/vec4 v0x5b0350513c30_0;
    %pad/u 32;
    %cmpi/e 13, 0, 32;
    %jmp/0xz  T_2.8, 4;
    %pushi/vec4 2, 0, 2;
    %store/vec4 v0x5b0350513df0_0, 0, 2;
    %jmp T_2.9;
T_2.8 ;
    %load/vec4 v0x5b0350513c30_0;
    %addi 1, 0, 4;
    %store/vec4 v0x5b0350513d10_0, 0, 4;
T_2.9 ;
    %jmp T_2.3;
T_2.2 ;
    %pushi/vec4 1, 0, 1;
    %store/vec4 v0x5b0350513b70_0, 0, 1;
    %pushi/vec4 0, 0, 2;
    %store/vec4 v0x5b0350513df0_0, 0, 2;
    %jmp T_2.3;
T_2.3 ;
    %pop/vec4 1;
    %jmp T_2;
    .thread T_2, $push;
    .scope S_0x5b03504e1ef0;
T_3 ;
    %delay 5000, 0;
    %load/vec4 v0x5b0350514cc0_0;
    %inv;
    %store/vec4 v0x5b0350514cc0_0, 0, 1;
    %jmp T_3;
    .thread T_3;
    .scope S_0x5b03504e1ef0;
T_4 ;
    %vpi_call/w 3 41 "$dumpfile", "cordic.vcd" {0 0 0};
    %vpi_call/w 3 42 "$dumpvars", 32'sb00000000000000000000000000000000, S_0x5b03504e1ef0 {0 0 0};
    %pushi/vec4 0, 0, 1;
    %store/vec4 v0x5b0350514cc0_0, 0, 1;
    %pushi/vec4 0, 0, 1;
    %store/vec4 v0x5b0350514ec0_0, 0, 1;
    %pushi/vec4 0, 0, 1;
    %store/vec4 v0x5b0350515050_0, 0, 1;
    %pushi/vec4 0, 0, 16;
    %store/vec4 v0x5b03505150f0_0, 0, 16;
    %delay 15000, 0;
    %pushi/vec4 1, 0, 1;
    %store/vec4 v0x5b0350514ec0_0, 0, 1;
    %pushi/vec4 8578, 0, 16;
    %store/vec4 v0x5b0350514b00_0, 0, 16;
    %pushi/str "Pi/6";
    %store/str v0x5b0350514c00_0;
    %fork TD_tb_cordic_folded.test_angle, S_0x5b0350514910;
    %join;
    %pushi/vec4 12867, 0, 16;
    %store/vec4 v0x5b0350514b00_0, 0, 16;
    %pushi/str "Pi/4";
    %store/str v0x5b0350514c00_0;
    %fork TD_tb_cordic_folded.test_angle, S_0x5b0350514910;
    %join;
    %pushi/vec4 17157, 0, 16;
    %store/vec4 v0x5b0350514b00_0, 0, 16;
    %pushi/str "Pi/3";
    %store/str v0x5b0350514c00_0;
    %fork TD_tb_cordic_folded.test_angle, S_0x5b0350514910;
    %join;
    %vpi_call/w 3 58 "$finish" {0 0 0};
    %end;
    .thread T_4;
# The file index is used to find the file name in the following table.
:file_names 5;
    "N/A";
    "<interactive>";
    "-";
    "tb_cordic_folded.sv";
    "cordic_folded.sv";
