#! /usr/bin/vvp
:ivl_version "12.0 (stable)";
:ivl_delay_selection "TYPICAL";
:vpi_time_precision - 12;
:vpi_module "/usr/lib/x86_64-linux-gnu/ivl/system.vpi";
:vpi_module "/usr/lib/x86_64-linux-gnu/ivl/vhdl_sys.vpi";
:vpi_module "/usr/lib/x86_64-linux-gnu/ivl/vhdl_textio.vpi";
:vpi_module "/usr/lib/x86_64-linux-gnu/ivl/v2005_math.vpi";
:vpi_module "/usr/lib/x86_64-linux-gnu/ivl/va_math.vpi";
:vpi_module "/usr/lib/x86_64-linux-gnu/ivl/v2009.vpi";
S_0x6464b324f830 .scope package, "$unit" "$unit" 2 1;
 .timescale 0 0;
S_0x6464b324f9c0 .scope module, "tb_cordic_vectoring" "tb_cordic_vectoring" 3 3;
 .timescale -9 -12;
v0x6464b3286b10_0 .var "clk", 0 0;
v0x6464b3286bd0_0 .net "done", 0 0, v0x6464b32855f0_0;  1 drivers
v0x6464b3286c70_0 .net/s "phi_out", 15 0, L_0x6464b3257700;  1 drivers
v0x6464b3286d10_0 .net/s "r_out", 15 0, L_0x6464b32972a0;  1 drivers
v0x6464b3286db0_0 .var "rst_n", 0 0;
v0x6464b3286ea0_0 .var "start", 0 0;
v0x6464b3286f40_0 .var/s "x_in", 15 0;
v0x6464b3286fe0_0 .var/s "y_in", 15 0;
S_0x6464b3205500 .scope module, "dut" "cordic_vectoring" 3 14, 4 3 0, S_0x6464b324f9c0;
 .timescale -9 -12;
    .port_info 0 /INPUT 1 "clk";
    .port_info 1 /INPUT 1 "rst_n";
    .port_info 2 /INPUT 1 "start";
    .port_info 3 /INPUT 16 "x_in";
    .port_info 4 /INPUT 16 "y_in";
    .port_info 5 /OUTPUT 1 "done";
    .port_info 6 /OUTPUT 16 "r_out";
    .port_info 7 /OUTPUT 16 "phi_out";
P_0x6464b3205690 .param/l "ITERATIONS" 1 4 14, +C4<00000000000000000000000000010000>;
P_0x6464b32056d0 .param/l "K_INV" 1 4 16, +C4<0100110110111010>;
P_0x6464b3205710 .param/l "PI_S1613" 1 4 18, +C4<0110010010001000>;
enum0x6464b322a970 .enum4 (2)
   "IDLE" 2'b00,
   "ITER" 2'b01,
   "MULT_K" 2'b10,
   "DONE_ST" 2'b11
 ;
L_0x6464b3257700 .functor BUFZ 16, v0x6464b32864c0_0, C4<0000000000000000>, C4<0000000000000000>, C4<0000000000000000>;
v0x6464b3257df0_0 .net/s *"_ivl_0", 33 0, L_0x6464b3287080;  1 drivers
L_0x7a9017fb7018 .functor BUFT 1, C4<0000000000000000000100110110111010>, C4<0>, C4<0>, C4<0>;
v0x6464b32851b0_0 .net/2s *"_ivl_2", 33 0, L_0x7a9017fb7018;  1 drivers
v0x6464b3285290 .array/s "atan_rom", 15 0, 15 0;
v0x6464b3285530_0 .net "clk", 0 0, v0x6464b3286b10_0;  1 drivers
v0x6464b32855f0_0 .var "done", 0 0;
v0x6464b3285700_0 .var "iter_cnt", 4 0;
v0x6464b32857e0_0 .var "next_iter_cnt", 4 0;
v0x6464b32858c0_0 .var "next_state", 1 0;
v0x6464b32859a0_0 .var/s "next_x", 17 0;
v0x6464b3285a80_0 .var/s "next_y", 17 0;
v0x6464b3285b60_0 .var/s "next_z", 15 0;
v0x6464b3285c40_0 .net/s "phi_out", 15 0, L_0x6464b3257700;  alias, 1 drivers
v0x6464b3285d20_0 .net/s "r_mult", 33 0, L_0x6464b3297130;  1 drivers
v0x6464b3285e00_0 .net/s "r_out", 15 0, L_0x6464b32972a0;  alias, 1 drivers
v0x6464b3285ee0_0 .net "rst_n", 0 0, v0x6464b3286db0_0;  1 drivers
v0x6464b3285fa0_0 .net "start", 0 0, v0x6464b3286ea0_0;  1 drivers
v0x6464b3286060_0 .var "state", 1 0;
v0x6464b3286140_0 .var/s "x", 17 0;
v0x6464b3286220_0 .net/s "x_in", 15 0, v0x6464b3286f40_0;  1 drivers
v0x6464b3286300_0 .var/s "y", 17 0;
v0x6464b32863e0_0 .net/s "y_in", 15 0, v0x6464b3286fe0_0;  1 drivers
v0x6464b32864c0_0 .var/s "z", 15 0;
E_0x6464b323fa90/0 .event anyedge, v0x6464b3286060_0, v0x6464b3286140_0, v0x6464b3286300_0, v0x6464b32864c0_0;
E_0x6464b323fa90/1 .event anyedge, v0x6464b3285700_0, v0x6464b3285fa0_0, v0x6464b3286220_0, v0x6464b3286220_0;
v0x6464b3285290_0 .array/port v0x6464b3285290, 0;
v0x6464b3285290_1 .array/port v0x6464b3285290, 1;
E_0x6464b323fa90/2 .event anyedge, v0x6464b32863e0_0, v0x6464b32863e0_0, v0x6464b3285290_0, v0x6464b3285290_1;
v0x6464b3285290_2 .array/port v0x6464b3285290, 2;
v0x6464b3285290_3 .array/port v0x6464b3285290, 3;
v0x6464b3285290_4 .array/port v0x6464b3285290, 4;
v0x6464b3285290_5 .array/port v0x6464b3285290, 5;
E_0x6464b323fa90/3 .event anyedge, v0x6464b3285290_2, v0x6464b3285290_3, v0x6464b3285290_4, v0x6464b3285290_5;
v0x6464b3285290_6 .array/port v0x6464b3285290, 6;
v0x6464b3285290_7 .array/port v0x6464b3285290, 7;
v0x6464b3285290_8 .array/port v0x6464b3285290, 8;
v0x6464b3285290_9 .array/port v0x6464b3285290, 9;
E_0x6464b323fa90/4 .event anyedge, v0x6464b3285290_6, v0x6464b3285290_7, v0x6464b3285290_8, v0x6464b3285290_9;
v0x6464b3285290_10 .array/port v0x6464b3285290, 10;
v0x6464b3285290_11 .array/port v0x6464b3285290, 11;
v0x6464b3285290_12 .array/port v0x6464b3285290, 12;
v0x6464b3285290_13 .array/port v0x6464b3285290, 13;
E_0x6464b323fa90/5 .event anyedge, v0x6464b3285290_10, v0x6464b3285290_11, v0x6464b3285290_12, v0x6464b3285290_13;
v0x6464b3285290_14 .array/port v0x6464b3285290, 14;
v0x6464b3285290_15 .array/port v0x6464b3285290, 15;
E_0x6464b323fa90/6 .event anyedge, v0x6464b3285290_14, v0x6464b3285290_15;
E_0x6464b323fa90 .event/or E_0x6464b323fa90/0, E_0x6464b323fa90/1, E_0x6464b323fa90/2, E_0x6464b323fa90/3, E_0x6464b323fa90/4, E_0x6464b323fa90/5, E_0x6464b323fa90/6;
E_0x6464b32453e0/0 .event negedge, v0x6464b3285ee0_0;
E_0x6464b32453e0/1 .event posedge, v0x6464b3285530_0;
E_0x6464b32453e0 .event/or E_0x6464b32453e0/0, E_0x6464b32453e0/1;
L_0x6464b3287080 .extend/s 34, v0x6464b3286140_0;
L_0x6464b3297130 .arith/mult 34, L_0x6464b3287080, L_0x7a9017fb7018;
L_0x6464b32972a0 .part L_0x6464b3297130, 15, 16;
S_0x6464b32866a0 .scope task, "test_vector" "test_vector" 3 27, 3 27 0, S_0x6464b324f9c0;
 .timescale -9 -12;
v0x6464b3286890_0 .var/str "quad";
v0x6464b3286970_0 .var/s "vx", 15 0;
v0x6464b3286a50_0 .var/s "vy", 15 0;
E_0x6464b323f620 .event posedge, v0x6464b3285530_0;
E_0x6464b3205da0 .event anyedge, v0x6464b32855f0_0;
TD_tb_cordic_vectoring.test_vector ;
    %wait E_0x6464b323f620;
    %load/vec4 v0x6464b3286970_0;
    %store/vec4 v0x6464b3286f40_0, 0, 16;
    %load/vec4 v0x6464b3286a50_0;
    %store/vec4 v0x6464b3286fe0_0, 0, 16;
    %pushi/vec4 1, 0, 1;
    %store/vec4 v0x6464b3286ea0_0, 0, 1;
    %wait E_0x6464b323f620;
    %pushi/vec4 0, 0, 1;
    %store/vec4 v0x6464b3286ea0_0, 0, 1;
T_0.0 ;
    %load/vec4 v0x6464b3286bd0_0;
    %cmpi/ne 1, 0, 1;
    %jmp/0xz T_0.1, 6;
    %wait E_0x6464b3205da0;
    %jmp T_0.0;
T_0.1 ;
    %wait E_0x6464b323f620;
    %vpi_call/w 3 38 "$display", "Test %s | X: %d, Y: %d -> Magnitud R: %d, Fase Phi: %d", v0x6464b3286890_0, v0x6464b3286970_0, v0x6464b3286a50_0, v0x6464b3286d10_0, v0x6464b3286c70_0 {0 0 0};
    %delay 10000, 0;
    %end;
    .scope S_0x6464b3205500;
T_1 ;
    %pushi/vec4 6434, 0, 16;
    %ix/load 4, 0, 0;
    %flag_set/imm 4, 0;
    %store/vec4a v0x6464b3285290, 4, 0;
    %pushi/vec4 3798, 0, 16;
    %ix/load 4, 1, 0;
    %flag_set/imm 4, 0;
    %store/vec4a v0x6464b3285290, 4, 0;
    %pushi/vec4 2007, 0, 16;
    %ix/load 4, 2, 0;
    %flag_set/imm 4, 0;
    %store/vec4a v0x6464b3285290, 4, 0;
    %pushi/vec4 1019, 0, 16;
    %ix/load 4, 3, 0;
    %flag_set/imm 4, 0;
    %store/vec4a v0x6464b3285290, 4, 0;
    %pushi/vec4 511, 0, 16;
    %ix/load 4, 4, 0;
    %flag_set/imm 4, 0;
    %store/vec4a v0x6464b3285290, 4, 0;
    %pushi/vec4 256, 0, 16;
    %ix/load 4, 5, 0;
    %flag_set/imm 4, 0;
    %store/vec4a v0x6464b3285290, 4, 0;
    %pushi/vec4 128, 0, 16;
    %ix/load 4, 6, 0;
    %flag_set/imm 4, 0;
    %store/vec4a v0x6464b3285290, 4, 0;
    %pushi/vec4 64, 0, 16;
    %ix/load 4, 7, 0;
    %flag_set/imm 4, 0;
    %store/vec4a v0x6464b3285290, 4, 0;
    %pushi/vec4 32, 0, 16;
    %ix/load 4, 8, 0;
    %flag_set/imm 4, 0;
    %store/vec4a v0x6464b3285290, 4, 0;
    %pushi/vec4 16, 0, 16;
    %ix/load 4, 9, 0;
    %flag_set/imm 4, 0;
    %store/vec4a v0x6464b3285290, 4, 0;
    %pushi/vec4 8, 0, 16;
    %ix/load 4, 10, 0;
    %flag_set/imm 4, 0;
    %store/vec4a v0x6464b3285290, 4, 0;
    %pushi/vec4 4, 0, 16;
    %ix/load 4, 11, 0;
    %flag_set/imm 4, 0;
    %store/vec4a v0x6464b3285290, 4, 0;
    %pushi/vec4 2, 0, 16;
    %ix/load 4, 12, 0;
    %flag_set/imm 4, 0;
    %store/vec4a v0x6464b3285290, 4, 0;
    %pushi/vec4 1, 0, 16;
    %ix/load 4, 13, 0;
    %flag_set/imm 4, 0;
    %store/vec4a v0x6464b3285290, 4, 0;
    %pushi/vec4 0, 0, 16;
    %ix/load 4, 14, 0;
    %flag_set/imm 4, 0;
    %store/vec4a v0x6464b3285290, 4, 0;
    %pushi/vec4 0, 0, 16;
    %ix/load 4, 15, 0;
    %flag_set/imm 4, 0;
    %store/vec4a v0x6464b3285290, 4, 0;
    %end;
    .thread T_1;
    .scope S_0x6464b3205500;
T_2 ;
    %wait E_0x6464b32453e0;
    %load/vec4 v0x6464b3285ee0_0;
    %nor/r;
    %flag_set/vec4 8;
    %jmp/0xz  T_2.0, 8;
    %pushi/vec4 0, 0, 2;
    %assign/vec4 v0x6464b3286060_0, 0;
    %pushi/vec4 0, 0, 18;
    %assign/vec4 v0x6464b3286140_0, 0;
    %pushi/vec4 0, 0, 18;
    %assign/vec4 v0x6464b3286300_0, 0;
    %pushi/vec4 0, 0, 16;
    %assign/vec4 v0x6464b32864c0_0, 0;
    %pushi/vec4 0, 0, 5;
    %assign/vec4 v0x6464b3285700_0, 0;
    %jmp T_2.1;
T_2.0 ;
    %load/vec4 v0x6464b32858c0_0;
    %assign/vec4 v0x6464b3286060_0, 0;
    %load/vec4 v0x6464b32859a0_0;
    %assign/vec4 v0x6464b3286140_0, 0;
    %load/vec4 v0x6464b3285a80_0;
    %assign/vec4 v0x6464b3286300_0, 0;
    %load/vec4 v0x6464b3285b60_0;
    %assign/vec4 v0x6464b32864c0_0, 0;
    %load/vec4 v0x6464b32857e0_0;
    %assign/vec4 v0x6464b3285700_0, 0;
T_2.1 ;
    %jmp T_2;
    .thread T_2;
    .scope S_0x6464b3205500;
T_3 ;
Ewait_0 .event/or E_0x6464b323fa90, E_0x0;
    %wait Ewait_0;
    %load/vec4 v0x6464b3286060_0;
    %store/vec4 v0x6464b32858c0_0, 0, 2;
    %load/vec4 v0x6464b3286140_0;
    %store/vec4 v0x6464b32859a0_0, 0, 18;
    %load/vec4 v0x6464b3286300_0;
    %store/vec4 v0x6464b3285a80_0, 0, 18;
    %load/vec4 v0x6464b32864c0_0;
    %store/vec4 v0x6464b3285b60_0, 0, 16;
    %load/vec4 v0x6464b3285700_0;
    %store/vec4 v0x6464b32857e0_0, 0, 5;
    %pushi/vec4 0, 0, 1;
    %store/vec4 v0x6464b32855f0_0, 0, 1;
    %load/vec4 v0x6464b3286060_0;
    %dup/vec4;
    %pushi/vec4 0, 0, 2;
    %cmp/u;
    %jmp/1 T_3.0, 6;
    %dup/vec4;
    %pushi/vec4 1, 0, 2;
    %cmp/u;
    %jmp/1 T_3.1, 6;
    %dup/vec4;
    %pushi/vec4 2, 0, 2;
    %cmp/u;
    %jmp/1 T_3.2, 6;
    %dup/vec4;
    %pushi/vec4 3, 0, 2;
    %cmp/u;
    %jmp/1 T_3.3, 6;
    %jmp T_3.4;
T_3.0 ;
    %load/vec4 v0x6464b3285fa0_0;
    %flag_set/vec4 8;
    %jmp/0xz  T_3.5, 8;
    %load/vec4 v0x6464b3286220_0;
    %pad/s 32;
    %cmpi/s 0, 0, 32;
    %jmp/0xz  T_3.7, 5;
    %load/vec4 v0x6464b3286220_0;
    %parti/s 1, 15, 5;
    %replicate 2;
    %load/vec4 v0x6464b3286220_0;
    %concat/vec4; draw_concat_vec4
    %inv;
    %pushi/vec4 1, 0, 18;
    %add;
    %store/vec4 v0x6464b32859a0_0, 0, 18;
    %load/vec4 v0x6464b32863e0_0;
    %parti/s 1, 15, 5;
    %replicate 2;
    %load/vec4 v0x6464b32863e0_0;
    %concat/vec4; draw_concat_vec4
    %inv;
    %pushi/vec4 1, 0, 18;
    %add;
    %store/vec4 v0x6464b3285a80_0, 0, 18;
    %load/vec4 v0x6464b32863e0_0;
    %pad/s 32;
    %cmpi/s 0, 0, 32;
    %flag_inv 5; GE is !LT
    %flag_mov 8, 5;
    %jmp/0 T_3.9, 8;
    %pushi/vec4 25736, 0, 16;
    %jmp/1 T_3.10, 8;
T_3.9 ; End of true expr.
    %pushi/vec4 39800, 0, 16;
    %jmp/0 T_3.10, 8;
 ; End of false expr.
    %blend;
T_3.10;
    %store/vec4 v0x6464b3285b60_0, 0, 16;
    %jmp T_3.8;
T_3.7 ;
    %load/vec4 v0x6464b3286220_0;
    %parti/s 1, 15, 5;
    %replicate 2;
    %load/vec4 v0x6464b3286220_0;
    %concat/vec4; draw_concat_vec4
    %store/vec4 v0x6464b32859a0_0, 0, 18;
    %load/vec4 v0x6464b32863e0_0;
    %parti/s 1, 15, 5;
    %replicate 2;
    %load/vec4 v0x6464b32863e0_0;
    %concat/vec4; draw_concat_vec4
    %store/vec4 v0x6464b3285a80_0, 0, 18;
    %pushi/vec4 0, 0, 16;
    %store/vec4 v0x6464b3285b60_0, 0, 16;
T_3.8 ;
    %pushi/vec4 0, 0, 5;
    %store/vec4 v0x6464b32857e0_0, 0, 5;
    %pushi/vec4 1, 0, 2;
    %store/vec4 v0x6464b32858c0_0, 0, 2;
T_3.5 ;
    %jmp T_3.4;
T_3.1 ;
    %load/vec4 v0x6464b3286300_0;
    %pad/s 32;
    %cmpi/s 0, 0, 32;
    %jmp/0xz  T_3.11, 5;
    %load/vec4 v0x6464b3286140_0;
    %load/vec4 v0x6464b3286300_0;
    %ix/getv 4, v0x6464b3285700_0;
    %shiftr/s 4;
    %sub;
    %store/vec4 v0x6464b32859a0_0, 0, 18;
    %load/vec4 v0x6464b3286300_0;
    %load/vec4 v0x6464b3286140_0;
    %ix/getv 4, v0x6464b3285700_0;
    %shiftr/s 4;
    %add;
    %store/vec4 v0x6464b3285a80_0, 0, 18;
    %load/vec4 v0x6464b32864c0_0;
    %load/vec4 v0x6464b3285700_0;
    %pad/u 6;
    %ix/vec4 4;
    %load/vec4a v0x6464b3285290, 4;
    %sub;
    %store/vec4 v0x6464b3285b60_0, 0, 16;
    %jmp T_3.12;
T_3.11 ;
    %load/vec4 v0x6464b3286140_0;
    %load/vec4 v0x6464b3286300_0;
    %ix/getv 4, v0x6464b3285700_0;
    %shiftr/s 4;
    %add;
    %store/vec4 v0x6464b32859a0_0, 0, 18;
    %load/vec4 v0x6464b3286300_0;
    %load/vec4 v0x6464b3286140_0;
    %ix/getv 4, v0x6464b3285700_0;
    %shiftr/s 4;
    %sub;
    %store/vec4 v0x6464b3285a80_0, 0, 18;
    %load/vec4 v0x6464b32864c0_0;
    %load/vec4 v0x6464b3285700_0;
    %pad/u 6;
    %ix/vec4 4;
    %load/vec4a v0x6464b3285290, 4;
    %add;
    %store/vec4 v0x6464b3285b60_0, 0, 16;
T_3.12 ;
    %load/vec4 v0x6464b3285700_0;
    %pad/u 32;
    %cmpi/e 15, 0, 32;
    %jmp/0xz  T_3.13, 4;
    %pushi/vec4 2, 0, 2;
    %store/vec4 v0x6464b32858c0_0, 0, 2;
    %jmp T_3.14;
T_3.13 ;
    %load/vec4 v0x6464b3285700_0;
    %addi 1, 0, 5;
    %store/vec4 v0x6464b32857e0_0, 0, 5;
T_3.14 ;
    %jmp T_3.4;
T_3.2 ;
    %pushi/vec4 3, 0, 2;
    %store/vec4 v0x6464b32858c0_0, 0, 2;
    %jmp T_3.4;
T_3.3 ;
    %pushi/vec4 1, 0, 1;
    %store/vec4 v0x6464b32855f0_0, 0, 1;
    %pushi/vec4 0, 0, 2;
    %store/vec4 v0x6464b32858c0_0, 0, 2;
    %jmp T_3.4;
T_3.4 ;
    %pop/vec4 1;
    %jmp T_3;
    .thread T_3, $push;
    .scope S_0x6464b324f9c0;
T_4 ;
    %delay 5000, 0;
    %load/vec4 v0x6464b3286b10_0;
    %inv;
    %store/vec4 v0x6464b3286b10_0, 0, 1;
    %jmp T_4;
    .thread T_4;
    .scope S_0x6464b324f9c0;
T_5 ;
    %vpi_call/w 3 44 "$dumpfile", "vectoring.vcd" {0 0 0};
    %vpi_call/w 3 45 "$dumpvars", 32'sb00000000000000000000000000000000, S_0x6464b324f9c0 {0 0 0};
    %pushi/vec4 0, 0, 1;
    %store/vec4 v0x6464b3286b10_0, 0, 1;
    %pushi/vec4 0, 0, 1;
    %store/vec4 v0x6464b3286db0_0, 0, 1;
    %pushi/vec4 0, 0, 1;
    %store/vec4 v0x6464b3286ea0_0, 0, 1;
    %pushi/vec4 0, 0, 16;
    %store/vec4 v0x6464b3286f40_0, 0, 16;
    %pushi/vec4 0, 0, 16;
    %store/vec4 v0x6464b3286fe0_0, 0, 16;
    %delay 15000, 0;
    %pushi/vec4 1, 0, 1;
    %store/vec4 v0x6464b3286db0_0, 0, 1;
    %pushi/vec4 16384, 0, 16;
    %store/vec4 v0x6464b3286970_0, 0, 16;
    %pushi/vec4 16384, 0, 16;
    %store/vec4 v0x6464b3286a50_0, 0, 16;
    %pushi/str "Cuadrante I  ";
    %store/str v0x6464b3286890_0;
    %fork TD_tb_cordic_vectoring.test_vector, S_0x6464b32866a0;
    %join;
    %pushi/vec4 49152, 0, 16;
    %store/vec4 v0x6464b3286970_0, 0, 16;
    %pushi/vec4 16384, 0, 16;
    %store/vec4 v0x6464b3286a50_0, 0, 16;
    %pushi/str "Cuadrante II ";
    %store/str v0x6464b3286890_0;
    %fork TD_tb_cordic_vectoring.test_vector, S_0x6464b32866a0;
    %join;
    %pushi/vec4 49152, 0, 16;
    %store/vec4 v0x6464b3286970_0, 0, 16;
    %pushi/vec4 49152, 0, 16;
    %store/vec4 v0x6464b3286a50_0, 0, 16;
    %pushi/str "Cuadrante III";
    %store/str v0x6464b3286890_0;
    %fork TD_tb_cordic_vectoring.test_vector, S_0x6464b32866a0;
    %join;
    %pushi/vec4 16384, 0, 16;
    %store/vec4 v0x6464b3286970_0, 0, 16;
    %pushi/vec4 49152, 0, 16;
    %store/vec4 v0x6464b3286a50_0, 0, 16;
    %pushi/str "Cuadrante IV ";
    %store/str v0x6464b3286890_0;
    %fork TD_tb_cordic_vectoring.test_vector, S_0x6464b32866a0;
    %join;
    %vpi_call/w 3 67 "$finish" {0 0 0};
    %end;
    .thread T_5;
# The file index is used to find the file name in the following table.
:file_names 5;
    "N/A";
    "<interactive>";
    "-";
    "tb_cordic_vectoring.sv";
    "cordic_vectoring.sv";
