#! /usr/bin/vvp
:ivl_version "12.0 (stable)";
:ivl_delay_selection "TYPICAL";
:vpi_time_precision - 12;
:vpi_module "/usr/lib/x86_64-linux-gnu/ivl/system.vpi";
:vpi_module "/usr/lib/x86_64-linux-gnu/ivl/vhdl_sys.vpi";
:vpi_module "/usr/lib/x86_64-linux-gnu/ivl/vhdl_textio.vpi";
:vpi_module "/usr/lib/x86_64-linux-gnu/ivl/v2005_math.vpi";
:vpi_module "/usr/lib/x86_64-linux-gnu/ivl/va_math.vpi";
:vpi_module "/usr/lib/x86_64-linux-gnu/ivl/v2009.vpi";
S_0x6151ce3c2dc0 .scope package, "$unit" "$unit" 2 1;
 .timescale 0 0;
S_0x6151ce3c9480 .scope module, "tb_rca" "tb_rca" 3 3;
 .timescale -9 -12;
P_0x6151ce3a8790 .param/l "N" 1 3 4, +C4<00000000000000000000000000001000>;
v0x6151ce3f52f0_0 .var "a", 7 0;
v0x6151ce3f53d0_0 .var "b", 7 0;
v0x6151ce3f5470_0 .var "cin", 0 0;
v0x6151ce3f5570_0 .net "cout", 0 0, L_0x6151ce3fba20;  1 drivers
v0x6151ce3f5640_0 .var/2s "errors", 31 0;
v0x6151ce3f5730_0 .var "expected", 8 0;
v0x6151ce3f57d0_0 .net "s", 7 0, L_0x6151ce3faec0;  1 drivers
S_0x6151ce3c6120 .scope begin, "$ivl_for_loop0" "$ivl_for_loop0" 3 47, 3 47 0, S_0x6151ce3c9480;
 .timescale -9 -12;
v0x6151ce3c34a0_0 .var/2s "i", 31 0;
S_0x6151ce3ec4c0 .scope task, "check_result" "check_result" 3 21, 3 21 0, S_0x6151ce3c9480;
 .timescale -9 -12;
v0x6151ce3c0140_0 .var/str "name";
TD_tb_rca.check_result ;
    %load/vec4 v0x6151ce3f52f0_0;
    %pad/u 9;
    %load/vec4 v0x6151ce3f53d0_0;
    %pad/u 9;
    %add;
    %load/vec4 v0x6151ce3f5470_0;
    %pad/u 9;
    %add;
    %store/vec4 v0x6151ce3f5730_0, 0, 9;
    %load/vec4 v0x6151ce3f5570_0;
    %load/vec4 v0x6151ce3f57d0_0;
    %concat/vec4; draw_concat_vec4
    %load/vec4 v0x6151ce3f5730_0;
    %cmp/ne;
    %jmp/0xz  T_0.0, 6;
    %vpi_call/w 3 24 "$display", "[FAIL] %s: a=%d, b=%d, cin=%b | Obtenido: {cout=%b, s=%d}, Esperado: %d", v0x6151ce3c0140_0, v0x6151ce3f52f0_0, v0x6151ce3f53d0_0, v0x6151ce3f5470_0, v0x6151ce3f5570_0, v0x6151ce3f57d0_0, v0x6151ce3f5730_0 {0 0 0};
    ; show_stmt_assign_vector: Get l-value for compressed += operand
    %load/vec4 v0x6151ce3f5640_0;
    %pushi/vec4 1, 0, 32;
    %add;
    %cast2;
    %store/vec4 v0x6151ce3f5640_0, 0, 32;
T_0.0 ;
    %end;
S_0x6151ce3ec6e0 .scope module, "dut" "rca" 3 13, 4 1 0, S_0x6151ce3c9480;
 .timescale 0 0;
    .port_info 0 /INPUT 8 "a";
    .port_info 1 /INPUT 8 "b";
    .port_info 2 /INPUT 1 "cin";
    .port_info 3 /OUTPUT 8 "s";
    .port_info 4 /OUTPUT 1 "cout";
P_0x6151ce3ec8c0 .param/l "N" 0 4 2, +C4<00000000000000000000000000001000>;
L_0x6151ce3f5e20 .functor BUFZ 1, v0x6151ce3f5470_0, C4<0>, C4<0>, C4<0>;
v0x6151ce3f4c70_0 .net *"_ivl_61", 0 0, L_0x6151ce3f5e20;  1 drivers
v0x6151ce3f4d70_0 .net "a", 7 0, v0x6151ce3f52f0_0;  1 drivers
v0x6151ce3f4e50_0 .net "b", 7 0, v0x6151ce3f53d0_0;  1 drivers
v0x6151ce3f4f10_0 .net "c", 8 0, L_0x6151ce3fb5c0;  1 drivers
v0x6151ce3f4ff0_0 .net "cin", 0 0, v0x6151ce3f5470_0;  1 drivers
v0x6151ce3f50b0_0 .net "cout", 0 0, L_0x6151ce3fba20;  alias, 1 drivers
v0x6151ce3f5170_0 .net "s", 7 0, L_0x6151ce3faec0;  alias, 1 drivers
L_0x6151ce3f61d0 .part v0x6151ce3f52f0_0, 0, 1;
L_0x6151ce3f6310 .part v0x6151ce3f53d0_0, 0, 1;
L_0x6151ce3f6450 .part L_0x6151ce3fb5c0, 0, 1;
L_0x6151ce3f6ce0 .part v0x6151ce3f52f0_0, 1, 1;
L_0x6151ce3f6dd0 .part v0x6151ce3f53d0_0, 1, 1;
L_0x6151ce3f6ec0 .part L_0x6151ce3fb5c0, 1, 1;
L_0x6151ce3f77d0 .part v0x6151ce3f52f0_0, 2, 1;
L_0x6151ce3f7950 .part v0x6151ce3f53d0_0, 2, 1;
L_0x6151ce3f7ad0 .part L_0x6151ce3fb5c0, 2, 1;
L_0x6151ce3f8280 .part v0x6151ce3f52f0_0, 3, 1;
L_0x6151ce3f83d0 .part v0x6151ce3f53d0_0, 3, 1;
L_0x6151ce3f8470 .part L_0x6151ce3fb5c0, 3, 1;
L_0x6151ce3f8d70 .part v0x6151ce3f52f0_0, 4, 1;
L_0x6151ce3f8e60 .part v0x6151ce3f53d0_0, 4, 1;
L_0x6151ce3f8fd0 .part L_0x6151ce3fb5c0, 4, 1;
L_0x6151ce3f97f0 .part v0x6151ce3f52f0_0, 5, 1;
L_0x6151ce3f9970 .part v0x6151ce3f53d0_0, 5, 1;
L_0x6151ce3f9a10 .part L_0x6151ce3fb5c0, 5, 1;
L_0x6151ce3fa230 .part v0x6151ce3f52f0_0, 6, 1;
L_0x6151ce3fa320 .part v0x6151ce3f53d0_0, 6, 1;
L_0x6151ce3f9b00 .part L_0x6151ce3fb5c0, 6, 1;
L_0x6151ce3fadd0 .part v0x6151ce3f52f0_0, 7, 1;
L_0x6151ce3fa520 .part v0x6151ce3f53d0_0, 7, 1;
L_0x6151ce3fafd0 .part L_0x6151ce3fb5c0, 7, 1;
LS_0x6151ce3faec0_0_0 .concat8 [ 1 1 1 1], L_0x6151ce3f5990, L_0x6151ce3f65e0, L_0x6151ce3f70e0, L_0x6151ce3f7c10;
LS_0x6151ce3faec0_0_4 .concat8 [ 1 1 1 1], L_0x6151ce3f8700, L_0x6151ce3f9110, L_0x6151ce3f9c40, L_0x6151ce3fa6c0;
L_0x6151ce3faec0 .concat8 [ 4 4 0 0], LS_0x6151ce3faec0_0_0, LS_0x6151ce3faec0_0_4;
LS_0x6151ce3fb5c0_0_0 .concat8 [ 1 1 1 1], L_0x6151ce3f5e20, L_0x6151ce3f5890, L_0x6151ce3f6540, L_0x6151ce3f7040;
LS_0x6151ce3fb5c0_0_4 .concat8 [ 1 1 1 1], L_0x6151ce3f7b70, L_0x6151ce3f8660, L_0x6151ce3f9070, L_0x6151ce3f9ba0;
LS_0x6151ce3fb5c0_0_8 .concat8 [ 1 0 0 0], L_0x6151ce3fa620;
L_0x6151ce3fb5c0 .concat8 [ 4 4 1 0], LS_0x6151ce3fb5c0_0_0, LS_0x6151ce3fb5c0_0_4, LS_0x6151ce3fb5c0_0_8;
L_0x6151ce3fba20 .part L_0x6151ce3fb5c0, 8, 1;
S_0x6151ce3ec9e0 .scope generate, "fa_chain[0]" "fa_chain[0]" 4 15, 4 15 0, S_0x6151ce3ec6e0;
 .timescale 0 0;
P_0x6151ce3ecbe0 .param/l "i" 1 4 15, +C4<00>;
S_0x6151ce3eccc0 .scope module, "u_fa" "full_adder" 4 16, 5 1 0, S_0x6151ce3ec9e0;
 .timescale 0 0;
    .port_info 0 /INPUT 1 "a";
    .port_info 1 /INPUT 1 "b";
    .port_info 2 /INPUT 1 "cin";
    .port_info 3 /OUTPUT 1 "s";
    .port_info 4 /OUTPUT 1 "cout";
L_0x725a27eda060 .functor BUFT 1, C4<0>, C4<0>, C4<0>, C4<0>;
v0x6151ce3bcde0_0 .net *"_ivl_10", 0 0, L_0x725a27eda060;  1 drivers
v0x6151ce3b9a80_0 .net *"_ivl_11", 1 0, L_0x6151ce3f5d80;  1 drivers
v0x6151ce3a96b0_0 .net *"_ivl_13", 1 0, L_0x6151ce3f5f30;  1 drivers
L_0x725a27eda0a8 .functor BUFT 1, C4<0>, C4<0>, C4<0>, C4<0>;
v0x6151ce3a6330_0 .net *"_ivl_16", 0 0, L_0x725a27eda0a8;  1 drivers
v0x6151ce3c6460_0 .net *"_ivl_17", 1 0, L_0x6151ce3f6090;  1 drivers
v0x6151ce3c3100_0 .net *"_ivl_3", 1 0, L_0x6151ce3f5ab0;  1 drivers
L_0x725a27eda018 .functor BUFT 1, C4<0>, C4<0>, C4<0>, C4<0>;
v0x6151ce3bfda0_0 .net *"_ivl_6", 0 0, L_0x725a27eda018;  1 drivers
v0x6151ce3bca40_0 .net *"_ivl_7", 1 0, L_0x6151ce3f5c00;  1 drivers
v0x6151ce3b96e0_0 .net "a", 0 0, L_0x6151ce3f61d0;  1 drivers
v0x6151ce3a9310_0 .net "b", 0 0, L_0x6151ce3f6310;  1 drivers
v0x6151ce3a5f30_0 .net "cin", 0 0, L_0x6151ce3f6450;  1 drivers
v0x6151ce3ed1d0_0 .net "cout", 0 0, L_0x6151ce3f5890;  1 drivers
v0x6151ce3ed290_0 .net "s", 0 0, L_0x6151ce3f5990;  1 drivers
L_0x6151ce3f5890 .part L_0x6151ce3f6090, 1, 1;
L_0x6151ce3f5990 .part L_0x6151ce3f6090, 0, 1;
L_0x6151ce3f5ab0 .concat [ 1 1 0 0], L_0x6151ce3f61d0, L_0x725a27eda018;
L_0x6151ce3f5c00 .concat [ 1 1 0 0], L_0x6151ce3f6310, L_0x725a27eda060;
L_0x6151ce3f5d80 .arith/sum 2, L_0x6151ce3f5ab0, L_0x6151ce3f5c00;
L_0x6151ce3f5f30 .concat [ 1 1 0 0], L_0x6151ce3f6450, L_0x725a27eda0a8;
L_0x6151ce3f6090 .arith/sum 2, L_0x6151ce3f5d80, L_0x6151ce3f5f30;
S_0x6151ce3ed3f0 .scope generate, "fa_chain[1]" "fa_chain[1]" 4 15, 4 15 0, S_0x6151ce3ec6e0;
 .timescale 0 0;
P_0x6151ce3ed5c0 .param/l "i" 1 4 15, +C4<01>;
S_0x6151ce3ed680 .scope module, "u_fa" "full_adder" 4 16, 5 1 0, S_0x6151ce3ed3f0;
 .timescale 0 0;
    .port_info 0 /INPUT 1 "a";
    .port_info 1 /INPUT 1 "b";
    .port_info 2 /INPUT 1 "cin";
    .port_info 3 /OUTPUT 1 "s";
    .port_info 4 /OUTPUT 1 "cout";
L_0x725a27eda138 .functor BUFT 1, C4<0>, C4<0>, C4<0>, C4<0>;
v0x6151ce3ed8e0_0 .net *"_ivl_10", 0 0, L_0x725a27eda138;  1 drivers
v0x6151ce3ed9e0_0 .net *"_ivl_11", 1 0, L_0x6151ce3f6930;  1 drivers
v0x6151ce3edac0_0 .net *"_ivl_13", 1 0, L_0x6151ce3f6a70;  1 drivers
L_0x725a27eda180 .functor BUFT 1, C4<0>, C4<0>, C4<0>, C4<0>;
v0x6151ce3edb80_0 .net *"_ivl_16", 0 0, L_0x725a27eda180;  1 drivers
v0x6151ce3edc60_0 .net *"_ivl_17", 1 0, L_0x6151ce3f6ba0;  1 drivers
v0x6151ce3edd90_0 .net *"_ivl_3", 1 0, L_0x6151ce3f66d0;  1 drivers
L_0x725a27eda0f0 .functor BUFT 1, C4<0>, C4<0>, C4<0>, C4<0>;
v0x6151ce3ede70_0 .net *"_ivl_6", 0 0, L_0x725a27eda0f0;  1 drivers
v0x6151ce3edf50_0 .net *"_ivl_7", 1 0, L_0x6151ce3f67c0;  1 drivers
v0x6151ce3ee030_0 .net "a", 0 0, L_0x6151ce3f6ce0;  1 drivers
v0x6151ce3ee180_0 .net "b", 0 0, L_0x6151ce3f6dd0;  1 drivers
v0x6151ce3ee240_0 .net "cin", 0 0, L_0x6151ce3f6ec0;  1 drivers
v0x6151ce3ee300_0 .net "cout", 0 0, L_0x6151ce3f6540;  1 drivers
v0x6151ce3ee3c0_0 .net "s", 0 0, L_0x6151ce3f65e0;  1 drivers
L_0x6151ce3f6540 .part L_0x6151ce3f6ba0, 1, 1;
L_0x6151ce3f65e0 .part L_0x6151ce3f6ba0, 0, 1;
L_0x6151ce3f66d0 .concat [ 1 1 0 0], L_0x6151ce3f6ce0, L_0x725a27eda0f0;
L_0x6151ce3f67c0 .concat [ 1 1 0 0], L_0x6151ce3f6dd0, L_0x725a27eda138;
L_0x6151ce3f6930 .arith/sum 2, L_0x6151ce3f66d0, L_0x6151ce3f67c0;
L_0x6151ce3f6a70 .concat [ 1 1 0 0], L_0x6151ce3f6ec0, L_0x725a27eda180;
L_0x6151ce3f6ba0 .arith/sum 2, L_0x6151ce3f6930, L_0x6151ce3f6a70;
S_0x6151ce3ee520 .scope generate, "fa_chain[2]" "fa_chain[2]" 4 15, 4 15 0, S_0x6151ce3ec6e0;
 .timescale 0 0;
P_0x6151ce3ee6d0 .param/l "i" 1 4 15, +C4<010>;
S_0x6151ce3ee790 .scope module, "u_fa" "full_adder" 4 16, 5 1 0, S_0x6151ce3ee520;
 .timescale 0 0;
    .port_info 0 /INPUT 1 "a";
    .port_info 1 /INPUT 1 "b";
    .port_info 2 /INPUT 1 "cin";
    .port_info 3 /OUTPUT 1 "s";
    .port_info 4 /OUTPUT 1 "cout";
L_0x725a27eda210 .functor BUFT 1, C4<0>, C4<0>, C4<0>, C4<0>;
v0x6151ce3ee9f0_0 .net *"_ivl_10", 0 0, L_0x725a27eda210;  1 drivers
v0x6151ce3eeaf0_0 .net *"_ivl_11", 1 0, L_0x6151ce3f73b0;  1 drivers
v0x6151ce3eebd0_0 .net *"_ivl_13", 1 0, L_0x6151ce3f74f0;  1 drivers
L_0x725a27eda258 .functor BUFT 1, C4<0>, C4<0>, C4<0>, C4<0>;
v0x6151ce3eec90_0 .net *"_ivl_16", 0 0, L_0x725a27eda258;  1 drivers
v0x6151ce3eed70_0 .net *"_ivl_17", 1 0, L_0x6151ce3f76e0;  1 drivers
v0x6151ce3eeea0_0 .net *"_ivl_3", 1 0, L_0x6151ce3f71d0;  1 drivers
L_0x725a27eda1c8 .functor BUFT 1, C4<0>, C4<0>, C4<0>, C4<0>;
v0x6151ce3eef80_0 .net *"_ivl_6", 0 0, L_0x725a27eda1c8;  1 drivers
v0x6151ce3ef060_0 .net *"_ivl_7", 1 0, L_0x6151ce3f72c0;  1 drivers
v0x6151ce3ef140_0 .net "a", 0 0, L_0x6151ce3f77d0;  1 drivers
v0x6151ce3ef290_0 .net "b", 0 0, L_0x6151ce3f7950;  1 drivers
v0x6151ce3ef350_0 .net "cin", 0 0, L_0x6151ce3f7ad0;  1 drivers
v0x6151ce3ef410_0 .net "cout", 0 0, L_0x6151ce3f7040;  1 drivers
v0x6151ce3ef4d0_0 .net "s", 0 0, L_0x6151ce3f70e0;  1 drivers
L_0x6151ce3f7040 .part L_0x6151ce3f76e0, 1, 1;
L_0x6151ce3f70e0 .part L_0x6151ce3f76e0, 0, 1;
L_0x6151ce3f71d0 .concat [ 1 1 0 0], L_0x6151ce3f77d0, L_0x725a27eda1c8;
L_0x6151ce3f72c0 .concat [ 1 1 0 0], L_0x6151ce3f7950, L_0x725a27eda210;
L_0x6151ce3f73b0 .arith/sum 2, L_0x6151ce3f71d0, L_0x6151ce3f72c0;
L_0x6151ce3f74f0 .concat [ 1 1 0 0], L_0x6151ce3f7ad0, L_0x725a27eda258;
L_0x6151ce3f76e0 .arith/sum 2, L_0x6151ce3f73b0, L_0x6151ce3f74f0;
S_0x6151ce3ef630 .scope generate, "fa_chain[3]" "fa_chain[3]" 4 15, 4 15 0, S_0x6151ce3ec6e0;
 .timescale 0 0;
P_0x6151ce3ef7e0 .param/l "i" 1 4 15, +C4<011>;
S_0x6151ce3ef8c0 .scope module, "u_fa" "full_adder" 4 16, 5 1 0, S_0x6151ce3ef630;
 .timescale 0 0;
    .port_info 0 /INPUT 1 "a";
    .port_info 1 /INPUT 1 "b";
    .port_info 2 /INPUT 1 "cin";
    .port_info 3 /OUTPUT 1 "s";
    .port_info 4 /OUTPUT 1 "cout";
L_0x725a27eda2e8 .functor BUFT 1, C4<0>, C4<0>, C4<0>, C4<0>;
v0x6151ce3efb20_0 .net *"_ivl_10", 0 0, L_0x725a27eda2e8;  1 drivers
v0x6151ce3efc20_0 .net *"_ivl_11", 1 0, L_0x6151ce3f7ee0;  1 drivers
v0x6151ce3efd00_0 .net *"_ivl_13", 1 0, L_0x6151ce3f8020;  1 drivers
L_0x725a27eda330 .functor BUFT 1, C4<0>, C4<0>, C4<0>, C4<0>;
v0x6151ce3efdc0_0 .net *"_ivl_16", 0 0, L_0x725a27eda330;  1 drivers
v0x6151ce3efea0_0 .net *"_ivl_17", 1 0, L_0x6151ce3f8140;  1 drivers
v0x6151ce3effd0_0 .net *"_ivl_3", 1 0, L_0x6151ce3f7d00;  1 drivers
L_0x725a27eda2a0 .functor BUFT 1, C4<0>, C4<0>, C4<0>, C4<0>;
v0x6151ce3f00b0_0 .net *"_ivl_6", 0 0, L_0x725a27eda2a0;  1 drivers
v0x6151ce3f0190_0 .net *"_ivl_7", 1 0, L_0x6151ce3f7df0;  1 drivers
v0x6151ce3f0270_0 .net "a", 0 0, L_0x6151ce3f8280;  1 drivers
v0x6151ce3f03c0_0 .net "b", 0 0, L_0x6151ce3f83d0;  1 drivers
v0x6151ce3f0480_0 .net "cin", 0 0, L_0x6151ce3f8470;  1 drivers
v0x6151ce3f0540_0 .net "cout", 0 0, L_0x6151ce3f7b70;  1 drivers
v0x6151ce3f0600_0 .net "s", 0 0, L_0x6151ce3f7c10;  1 drivers
L_0x6151ce3f7b70 .part L_0x6151ce3f8140, 1, 1;
L_0x6151ce3f7c10 .part L_0x6151ce3f8140, 0, 1;
L_0x6151ce3f7d00 .concat [ 1 1 0 0], L_0x6151ce3f8280, L_0x725a27eda2a0;
L_0x6151ce3f7df0 .concat [ 1 1 0 0], L_0x6151ce3f83d0, L_0x725a27eda2e8;
L_0x6151ce3f7ee0 .arith/sum 2, L_0x6151ce3f7d00, L_0x6151ce3f7df0;
L_0x6151ce3f8020 .concat [ 1 1 0 0], L_0x6151ce3f8470, L_0x725a27eda330;
L_0x6151ce3f8140 .arith/sum 2, L_0x6151ce3f7ee0, L_0x6151ce3f8020;
S_0x6151ce3f0760 .scope generate, "fa_chain[4]" "fa_chain[4]" 4 15, 4 15 0, S_0x6151ce3ec6e0;
 .timescale 0 0;
P_0x6151ce3f0960 .param/l "i" 1 4 15, +C4<0100>;
S_0x6151ce3f0a40 .scope module, "u_fa" "full_adder" 4 16, 5 1 0, S_0x6151ce3f0760;
 .timescale 0 0;
    .port_info 0 /INPUT 1 "a";
    .port_info 1 /INPUT 1 "b";
    .port_info 2 /INPUT 1 "cin";
    .port_info 3 /OUTPUT 1 "s";
    .port_info 4 /OUTPUT 1 "cout";
L_0x725a27eda3c0 .functor BUFT 1, C4<0>, C4<0>, C4<0>, C4<0>;
v0x6151ce3f0ca0_0 .net *"_ivl_10", 0 0, L_0x725a27eda3c0;  1 drivers
v0x6151ce3f0da0_0 .net *"_ivl_11", 1 0, L_0x6151ce3f8990;  1 drivers
v0x6151ce3f0e80_0 .net *"_ivl_13", 1 0, L_0x6151ce3f8ad0;  1 drivers
L_0x725a27eda408 .functor BUFT 1, C4<0>, C4<0>, C4<0>, C4<0>;
v0x6151ce3f0f40_0 .net *"_ivl_16", 0 0, L_0x725a27eda408;  1 drivers
v0x6151ce3f1020_0 .net *"_ivl_17", 1 0, L_0x6151ce3f8c30;  1 drivers
v0x6151ce3f1150_0 .net *"_ivl_3", 1 0, L_0x6151ce3f87a0;  1 drivers
L_0x725a27eda378 .functor BUFT 1, C4<0>, C4<0>, C4<0>, C4<0>;
v0x6151ce3f1230_0 .net *"_ivl_6", 0 0, L_0x725a27eda378;  1 drivers
v0x6151ce3f1310_0 .net *"_ivl_7", 1 0, L_0x6151ce3f8840;  1 drivers
v0x6151ce3f13f0_0 .net "a", 0 0, L_0x6151ce3f8d70;  1 drivers
v0x6151ce3f1540_0 .net "b", 0 0, L_0x6151ce3f8e60;  1 drivers
v0x6151ce3f1600_0 .net "cin", 0 0, L_0x6151ce3f8fd0;  1 drivers
v0x6151ce3f16c0_0 .net "cout", 0 0, L_0x6151ce3f8660;  1 drivers
v0x6151ce3f1780_0 .net "s", 0 0, L_0x6151ce3f8700;  1 drivers
L_0x6151ce3f8660 .part L_0x6151ce3f8c30, 1, 1;
L_0x6151ce3f8700 .part L_0x6151ce3f8c30, 0, 1;
L_0x6151ce3f87a0 .concat [ 1 1 0 0], L_0x6151ce3f8d70, L_0x725a27eda378;
L_0x6151ce3f8840 .concat [ 1 1 0 0], L_0x6151ce3f8e60, L_0x725a27eda3c0;
L_0x6151ce3f8990 .arith/sum 2, L_0x6151ce3f87a0, L_0x6151ce3f8840;
L_0x6151ce3f8ad0 .concat [ 1 1 0 0], L_0x6151ce3f8fd0, L_0x725a27eda408;
L_0x6151ce3f8c30 .arith/sum 2, L_0x6151ce3f8990, L_0x6151ce3f8ad0;
S_0x6151ce3f18e0 .scope generate, "fa_chain[5]" "fa_chain[5]" 4 15, 4 15 0, S_0x6151ce3ec6e0;
 .timescale 0 0;
P_0x6151ce3f1a90 .param/l "i" 1 4 15, +C4<0101>;
S_0x6151ce3f1b70 .scope module, "u_fa" "full_adder" 4 16, 5 1 0, S_0x6151ce3f18e0;
 .timescale 0 0;
    .port_info 0 /INPUT 1 "a";
    .port_info 1 /INPUT 1 "b";
    .port_info 2 /INPUT 1 "cin";
    .port_info 3 /OUTPUT 1 "s";
    .port_info 4 /OUTPUT 1 "cout";
L_0x725a27eda498 .functor BUFT 1, C4<0>, C4<0>, C4<0>, C4<0>;
v0x6151ce3f1dd0_0 .net *"_ivl_10", 0 0, L_0x725a27eda498;  1 drivers
v0x6151ce3f1ed0_0 .net *"_ivl_11", 1 0, L_0x6151ce3f9410;  1 drivers
v0x6151ce3f1fb0_0 .net *"_ivl_13", 1 0, L_0x6151ce3f9550;  1 drivers
L_0x725a27eda4e0 .functor BUFT 1, C4<0>, C4<0>, C4<0>, C4<0>;
v0x6151ce3f2070_0 .net *"_ivl_16", 0 0, L_0x725a27eda4e0;  1 drivers
v0x6151ce3f2150_0 .net *"_ivl_17", 1 0, L_0x6151ce3f96b0;  1 drivers
v0x6151ce3f2280_0 .net *"_ivl_3", 1 0, L_0x6151ce3f9200;  1 drivers
L_0x725a27eda450 .functor BUFT 1, C4<0>, C4<0>, C4<0>, C4<0>;
v0x6151ce3f2360_0 .net *"_ivl_6", 0 0, L_0x725a27eda450;  1 drivers
v0x6151ce3f2440_0 .net *"_ivl_7", 1 0, L_0x6151ce3f92f0;  1 drivers
v0x6151ce3f2520_0 .net "a", 0 0, L_0x6151ce3f97f0;  1 drivers
v0x6151ce3f2670_0 .net "b", 0 0, L_0x6151ce3f9970;  1 drivers
v0x6151ce3f2730_0 .net "cin", 0 0, L_0x6151ce3f9a10;  1 drivers
v0x6151ce3f27f0_0 .net "cout", 0 0, L_0x6151ce3f9070;  1 drivers
v0x6151ce3f28b0_0 .net "s", 0 0, L_0x6151ce3f9110;  1 drivers
L_0x6151ce3f9070 .part L_0x6151ce3f96b0, 1, 1;
L_0x6151ce3f9110 .part L_0x6151ce3f96b0, 0, 1;
L_0x6151ce3f9200 .concat [ 1 1 0 0], L_0x6151ce3f97f0, L_0x725a27eda450;
L_0x6151ce3f92f0 .concat [ 1 1 0 0], L_0x6151ce3f9970, L_0x725a27eda498;
L_0x6151ce3f9410 .arith/sum 2, L_0x6151ce3f9200, L_0x6151ce3f92f0;
L_0x6151ce3f9550 .concat [ 1 1 0 0], L_0x6151ce3f9a10, L_0x725a27eda4e0;
L_0x6151ce3f96b0 .arith/sum 2, L_0x6151ce3f9410, L_0x6151ce3f9550;
S_0x6151ce3f2a10 .scope generate, "fa_chain[6]" "fa_chain[6]" 4 15, 4 15 0, S_0x6151ce3ec6e0;
 .timescale 0 0;
P_0x6151ce3f2bc0 .param/l "i" 1 4 15, +C4<0110>;
S_0x6151ce3f2ca0 .scope module, "u_fa" "full_adder" 4 16, 5 1 0, S_0x6151ce3f2a10;
 .timescale 0 0;
    .port_info 0 /INPUT 1 "a";
    .port_info 1 /INPUT 1 "b";
    .port_info 2 /INPUT 1 "cin";
    .port_info 3 /OUTPUT 1 "s";
    .port_info 4 /OUTPUT 1 "cout";
L_0x725a27eda570 .functor BUFT 1, C4<0>, C4<0>, C4<0>, C4<0>;
v0x6151ce3f2f00_0 .net *"_ivl_10", 0 0, L_0x725a27eda570;  1 drivers
v0x6151ce3f3000_0 .net *"_ivl_11", 1 0, L_0x6151ce3f9ec0;  1 drivers
v0x6151ce3f30e0_0 .net *"_ivl_13", 1 0, L_0x6151ce3fa000;  1 drivers
L_0x725a27eda5b8 .functor BUFT 1, C4<0>, C4<0>, C4<0>, C4<0>;
v0x6151ce3f31a0_0 .net *"_ivl_16", 0 0, L_0x725a27eda5b8;  1 drivers
v0x6151ce3f3280_0 .net *"_ivl_17", 1 0, L_0x6151ce3fa0f0;  1 drivers
v0x6151ce3f33b0_0 .net *"_ivl_3", 1 0, L_0x6151ce3f9ce0;  1 drivers
L_0x725a27eda528 .functor BUFT 1, C4<0>, C4<0>, C4<0>, C4<0>;
v0x6151ce3f3490_0 .net *"_ivl_6", 0 0, L_0x725a27eda528;  1 drivers
v0x6151ce3f3570_0 .net *"_ivl_7", 1 0, L_0x6151ce3f9dd0;  1 drivers
v0x6151ce3f3650_0 .net "a", 0 0, L_0x6151ce3fa230;  1 drivers
v0x6151ce3f37a0_0 .net "b", 0 0, L_0x6151ce3fa320;  1 drivers
v0x6151ce3f3860_0 .net "cin", 0 0, L_0x6151ce3f9b00;  1 drivers
v0x6151ce3f3920_0 .net "cout", 0 0, L_0x6151ce3f9ba0;  1 drivers
v0x6151ce3f39e0_0 .net "s", 0 0, L_0x6151ce3f9c40;  1 drivers
L_0x6151ce3f9ba0 .part L_0x6151ce3fa0f0, 1, 1;
L_0x6151ce3f9c40 .part L_0x6151ce3fa0f0, 0, 1;
L_0x6151ce3f9ce0 .concat [ 1 1 0 0], L_0x6151ce3fa230, L_0x725a27eda528;
L_0x6151ce3f9dd0 .concat [ 1 1 0 0], L_0x6151ce3fa320, L_0x725a27eda570;
L_0x6151ce3f9ec0 .arith/sum 2, L_0x6151ce3f9ce0, L_0x6151ce3f9dd0;
L_0x6151ce3fa000 .concat [ 1 1 0 0], L_0x6151ce3f9b00, L_0x725a27eda5b8;
L_0x6151ce3fa0f0 .arith/sum 2, L_0x6151ce3f9ec0, L_0x6151ce3fa000;
S_0x6151ce3f3b40 .scope generate, "fa_chain[7]" "fa_chain[7]" 4 15, 4 15 0, S_0x6151ce3ec6e0;
 .timescale 0 0;
P_0x6151ce3f3cf0 .param/l "i" 1 4 15, +C4<0111>;
S_0x6151ce3f3dd0 .scope module, "u_fa" "full_adder" 4 16, 5 1 0, S_0x6151ce3f3b40;
 .timescale 0 0;
    .port_info 0 /INPUT 1 "a";
    .port_info 1 /INPUT 1 "b";
    .port_info 2 /INPUT 1 "cin";
    .port_info 3 /OUTPUT 1 "s";
    .port_info 4 /OUTPUT 1 "cout";
L_0x725a27eda648 .functor BUFT 1, C4<0>, C4<0>, C4<0>, C4<0>;
v0x6151ce3f4030_0 .net *"_ivl_10", 0 0, L_0x725a27eda648;  1 drivers
v0x6151ce3f4130_0 .net *"_ivl_11", 1 0, L_0x6151ce3fa9f0;  1 drivers
v0x6151ce3f4210_0 .net *"_ivl_13", 1 0, L_0x6151ce3fab30;  1 drivers
L_0x725a27eda690 .functor BUFT 1, C4<0>, C4<0>, C4<0>, C4<0>;
v0x6151ce3f42d0_0 .net *"_ivl_16", 0 0, L_0x725a27eda690;  1 drivers
v0x6151ce3f43b0_0 .net *"_ivl_17", 1 0, L_0x6151ce3fac90;  1 drivers
v0x6151ce3f44e0_0 .net *"_ivl_3", 1 0, L_0x6151ce3fa7b0;  1 drivers
L_0x725a27eda600 .functor BUFT 1, C4<0>, C4<0>, C4<0>, C4<0>;
v0x6151ce3f45c0_0 .net *"_ivl_6", 0 0, L_0x725a27eda600;  1 drivers
v0x6151ce3f46a0_0 .net *"_ivl_7", 1 0, L_0x6151ce3fa8a0;  1 drivers
v0x6151ce3f4780_0 .net "a", 0 0, L_0x6151ce3fadd0;  1 drivers
v0x6151ce3f48d0_0 .net "b", 0 0, L_0x6151ce3fa520;  1 drivers
v0x6151ce3f4990_0 .net "cin", 0 0, L_0x6151ce3fafd0;  1 drivers
v0x6151ce3f4a50_0 .net "cout", 0 0, L_0x6151ce3fa620;  1 drivers
v0x6151ce3f4b10_0 .net "s", 0 0, L_0x6151ce3fa6c0;  1 drivers
L_0x6151ce3fa620 .part L_0x6151ce3fac90, 1, 1;
L_0x6151ce3fa6c0 .part L_0x6151ce3fac90, 0, 1;
L_0x6151ce3fa7b0 .concat [ 1 1 0 0], L_0x6151ce3fadd0, L_0x725a27eda600;
L_0x6151ce3fa8a0 .concat [ 1 1 0 0], L_0x6151ce3fa520, L_0x725a27eda648;
L_0x6151ce3fa9f0 .arith/sum 2, L_0x6151ce3fa7b0, L_0x6151ce3fa8a0;
L_0x6151ce3fab30 .concat [ 1 1 0 0], L_0x6151ce3fafd0, L_0x725a27eda690;
L_0x6151ce3fac90 .arith/sum 2, L_0x6151ce3fa9f0, L_0x6151ce3fab30;
    .scope S_0x6151ce3c9480;
T_1 ;
    %pushi/vec4 0, 0, 32;
    %store/vec4 v0x6151ce3f5640_0, 0, 32;
    %end;
    .thread T_1, $init;
    .scope S_0x6151ce3c9480;
T_2 ;
    %vpi_call/w 3 31 "$dumpfile", "rca.vcd" {0 0 0};
    %vpi_call/w 3 32 "$dumpvars", 32'sb00000000000000000000000000000000, S_0x6151ce3c9480 {0 0 0};
    %pushi/vec4 0, 0, 8;
    %store/vec4 v0x6151ce3f52f0_0, 0, 8;
    %pushi/vec4 0, 0, 8;
    %store/vec4 v0x6151ce3f53d0_0, 0, 8;
    %pushi/vec4 0, 0, 1;
    %store/vec4 v0x6151ce3f5470_0, 0, 1;
    %delay 10000, 0;
    %pushi/str "Borde Inferior";
    %store/str v0x6151ce3c0140_0;
    %fork TD_tb_rca.check_result, S_0x6151ce3ec4c0;
    %join;
    %pushi/vec4 255, 0, 8;
    %store/vec4 v0x6151ce3f52f0_0, 0, 8;
    %pushi/vec4 255, 0, 8;
    %store/vec4 v0x6151ce3f53d0_0, 0, 8;
    %pushi/vec4 0, 0, 1;
    %store/vec4 v0x6151ce3f5470_0, 0, 1;
    %delay 10000, 0;
    %pushi/str "Borde Superior";
    %store/str v0x6151ce3c0140_0;
    %fork TD_tb_rca.check_result, S_0x6151ce3ec4c0;
    %join;
    %pushi/vec4 255, 0, 8;
    %store/vec4 v0x6151ce3f52f0_0, 0, 8;
    %pushi/vec4 1, 0, 8;
    %store/vec4 v0x6151ce3f53d0_0, 0, 8;
    %pushi/vec4 0, 0, 1;
    %store/vec4 v0x6151ce3f5470_0, 0, 1;
    %delay 10000, 0;
    %pushi/str "Carry-out en 1";
    %store/str v0x6151ce3c0140_0;
    %fork TD_tb_rca.check_result, S_0x6151ce3ec4c0;
    %join;
    %fork t_1, S_0x6151ce3c6120;
    %jmp t_0;
    .scope S_0x6151ce3c6120;
t_1 ;
    %pushi/vec4 0, 0, 32;
    %store/vec4 v0x6151ce3c34a0_0, 0, 32;
T_2.0 ;
    %load/vec4 v0x6151ce3c34a0_0;
    %cmpi/s 500, 0, 32;
    %jmp/0xz T_2.1, 5;
    %vpi_func 3 48 "$urandom" 32 {0 0 0};
    %pad/u 8;
    %store/vec4 v0x6151ce3f52f0_0, 0, 8;
    %vpi_func 3 49 "$urandom" 32 {0 0 0};
    %pad/u 8;
    %store/vec4 v0x6151ce3f53d0_0, 0, 8;
    %vpi_func 3 50 "$urandom_range" 32, 32'sb00000000000000000000000000000000, 32'sb00000000000000000000000000000001 {0 0 0};
    %pad/u 1;
    %store/vec4 v0x6151ce3f5470_0, 0, 1;
    %delay 10000, 0;
    %pushi/str "Random";
    %store/str v0x6151ce3c0140_0;
    %fork TD_tb_rca.check_result, S_0x6151ce3ec4c0;
    %join;
    ; show_stmt_assign_vector: Get l-value for compressed += operand
    %load/vec4 v0x6151ce3c34a0_0;
    %pushi/vec4 1, 0, 32;
    %add;
    %cast2;
    %store/vec4 v0x6151ce3c34a0_0, 0, 32;
    %jmp T_2.0;
T_2.1 ;
    %end;
    .scope S_0x6151ce3c9480;
t_0 %join;
    %load/vec4 v0x6151ce3f5640_0;
    %cmpi/e 0, 0, 32;
    %jmp/0xz  T_2.2, 4;
    %vpi_call/w 3 57 "$display", "=========================================" {0 0 0};
    %vpi_call/w 3 58 "$display", "PASS: Todos los casos evaluados con exito." {0 0 0};
    %vpi_call/w 3 59 "$display", "=========================================" {0 0 0};
    %jmp T_2.3;
T_2.2 ;
    %vpi_call/w 3 61 "$display", "=========================================" {0 0 0};
    %vpi_call/w 3 62 "$display", "FAIL: Se encontraron %0d errores.", v0x6151ce3f5640_0 {0 0 0};
    %vpi_call/w 3 63 "$display", "=========================================" {0 0 0};
T_2.3 ;
    %vpi_call/w 3 66 "$finish" {0 0 0};
    %end;
    .thread T_2;
# The file index is used to find the file name in the following table.
:file_names 6;
    "N/A";
    "<interactive>";
    "-";
    "tb_rca.sv";
    "rca.sv";
    "full_adder.sv";
