#! /usr/bin/vvp
:ivl_version "12.0 (stable)";
:ivl_delay_selection "TYPICAL";
:vpi_time_precision - 12;
:vpi_module "/usr/lib/x86_64-linux-gnu/ivl/system.vpi";
:vpi_module "/usr/lib/x86_64-linux-gnu/ivl/vhdl_sys.vpi";
:vpi_module "/usr/lib/x86_64-linux-gnu/ivl/vhdl_textio.vpi";
:vpi_module "/usr/lib/x86_64-linux-gnu/ivl/v2005_math.vpi";
:vpi_module "/usr/lib/x86_64-linux-gnu/ivl/va_math.vpi";
:vpi_module "/usr/lib/x86_64-linux-gnu/ivl/v2009.vpi";
S_0x5929dca26360 .scope package, "$unit" "$unit" 2 1;
 .timescale 0 0;
S_0x5929dca37c20 .scope module, "tb_booth" "tb_booth" 3 3;
 .timescale -9 -12;
v0x5929dca4d960_0 .var/s "A", 3 0;
v0x5929dca4da20_0 .var/s "B", 3 0;
v0x5929dca4dac0_0 .net/s "P", 7 0, L_0x5929dca4de80;  1 drivers
S_0x5929dca37db0 .scope module, "dut" "booth" 3 12, 4 1 0, S_0x5929dca37c20;
 .timescale 0 0;
    .port_info 0 /INPUT 4 "A";
    .port_info 1 /INPUT 4 "B";
    .port_info 2 /OUTPUT 8 "P";
v0x5929dca37fe0_0 .net/s "A", 3 0, v0x5929dca4d960_0;  1 drivers
v0x5929dca4d150_0 .net/s "B", 3 0, v0x5929dca4da20_0;  1 drivers
v0x5929dca4d230_0 .net "B_ext", 4 0, L_0x5929dca4db60;  1 drivers
v0x5929dca4d2f0_0 .net/s "P", 7 0, L_0x5929dca4de80;  alias, 1 drivers
L_0x7f0c3d22d018 .functor BUFT 1, C4<0>, C4<0>, C4<0>, C4<0>;
v0x5929dca4d3d0_0 .net/2u *"_ivl_0", 0 0, L_0x7f0c3d22d018;  1 drivers
v0x5929dca4d500_0 .net/s *"_ivl_6", 7 0, L_0x5929dca4dc50;  1 drivers
v0x5929dca4d5e0_0 .net/s *"_ivl_9", 7 0, L_0x5929dca4dd60;  1 drivers
v0x5929dca4d6c0_0 .var/i "i", 31 0;
v0x5929dca4d7a0 .array/s "pp", 3 0, 7 0;
E_0x5929dc9fbb20 .event anyedge, v0x5929dca4d230_0, v0x5929dca37fe0_0;
L_0x5929dca4db60 .concat [ 1 4 0 0], L_0x7f0c3d22d018, v0x5929dca4da20_0;
v0x5929dca4d7a0_0 .array/port v0x5929dca4d7a0, 0;
v0x5929dca4d7a0_1 .array/port v0x5929dca4d7a0, 1;
L_0x5929dca4dc50 .arith/sum 8, v0x5929dca4d7a0_0, v0x5929dca4d7a0_1;
v0x5929dca4d7a0_2 .array/port v0x5929dca4d7a0, 2;
L_0x5929dca4dd60 .arith/sum 8, L_0x5929dca4dc50, v0x5929dca4d7a0_2;
v0x5929dca4d7a0_3 .array/port v0x5929dca4d7a0, 3;
L_0x5929dca4de80 .arith/sum 8, L_0x5929dca4dd60, v0x5929dca4d7a0_3;
    .scope S_0x5929dca37db0;
T_0 ;
    %wait E_0x5929dc9fbb20;
    %pushi/vec4 0, 0, 32;
    %store/vec4 v0x5929dca4d6c0_0, 0, 32;
T_0.0 ;
    %load/vec4 v0x5929dca4d6c0_0;
    %cmpi/s 4, 0, 32;
    %jmp/0xz T_0.1, 5;
    %load/vec4 v0x5929dca4d230_0;
    %load/vec4 v0x5929dca4d6c0_0;
    %addi 1, 0, 32;
    %part/s 1;
    %load/vec4 v0x5929dca4d230_0;
    %load/vec4 v0x5929dca4d6c0_0;
    %part/s 1;
    %concat/vec4; draw_concat_vec4
    %dup/vec4;
    %pushi/vec4 1, 0, 2;
    %cmp/u;
    %jmp/1 T_0.2, 6;
    %dup/vec4;
    %pushi/vec4 2, 0, 2;
    %cmp/u;
    %jmp/1 T_0.3, 6;
    %pushi/vec4 0, 0, 8;
    %ix/getv/s 4, v0x5929dca4d6c0_0;
    %store/vec4a v0x5929dca4d7a0, 4, 0;
    %jmp T_0.5;
T_0.2 ;
    %load/vec4 v0x5929dca37fe0_0;
    %pad/s 8;
    %load/vec4 v0x5929dca4d6c0_0;
    %ix/vec4 4;
    %shiftl 4;
    %ix/getv/s 4, v0x5929dca4d6c0_0;
    %store/vec4a v0x5929dca4d7a0, 4, 0;
    %jmp T_0.5;
T_0.3 ;
    %load/vec4 v0x5929dca37fe0_0;
    %pad/s 8;
    %inv;
    %pushi/vec4 1, 0, 8;
    %add;
    %load/vec4 v0x5929dca4d6c0_0;
    %ix/vec4 4;
    %shiftl 4;
    %ix/getv/s 4, v0x5929dca4d6c0_0;
    %store/vec4a v0x5929dca4d7a0, 4, 0;
    %jmp T_0.5;
T_0.5 ;
    %pop/vec4 1;
    %load/vec4 v0x5929dca4d6c0_0;
    %addi 1, 0, 32;
    %store/vec4 v0x5929dca4d6c0_0, 0, 32;
    %jmp T_0.0;
T_0.1 ;
    %jmp T_0;
    .thread T_0, $push;
    .scope S_0x5929dca37c20;
T_1 ;
    %vpi_call/w 3 20 "$dumpfile", "booth.vcd" {0 0 0};
    %vpi_call/w 3 21 "$dumpvars", 32'sb00000000000000000000000000000000, S_0x5929dca37c20 {0 0 0};
    %pushi/vec4 0, 0, 4;
    %store/vec4 v0x5929dca4d960_0, 0, 4;
    %pushi/vec4 0, 0, 4;
    %store/vec4 v0x5929dca4da20_0, 0, 4;
    %delay 10000, 0;
    %pushi/vec4 6, 0, 4;
    %store/vec4 v0x5929dca4d960_0, 0, 4;
    %pushi/vec4 11, 0, 4;
    %store/vec4 v0x5929dca4da20_0, 0, 4;
    %delay 20000, 0;
    %vpi_call/w 3 33 "$display", "Simulaci\303\263n terminada. Revisa el VCD en GTKWave." {0 0 0};
    %vpi_call/w 3 34 "$finish" {0 0 0};
    %end;
    .thread T_1;
# The file index is used to find the file name in the following table.
:file_names 5;
    "N/A";
    "<interactive>";
    "-";
    "tb_booth.v";
    "booth.v";
