#! /usr/bin/vvp
:ivl_version "12.0 (stable)";
:ivl_delay_selection "TYPICAL";
:vpi_time_precision - 12;
:vpi_module "/usr/lib/x86_64-linux-gnu/ivl/system.vpi";
:vpi_module "/usr/lib/x86_64-linux-gnu/ivl/vhdl_sys.vpi";
:vpi_module "/usr/lib/x86_64-linux-gnu/ivl/vhdl_textio.vpi";
:vpi_module "/usr/lib/x86_64-linux-gnu/ivl/v2005_math.vpi";
:vpi_module "/usr/lib/x86_64-linux-gnu/ivl/va_math.vpi";
:vpi_module "/usr/lib/x86_64-linux-gnu/ivl/v2009.vpi";
S_0x560162d22c10 .scope package, "$unit" "$unit" 2 1;
 .timescale 0 0;
S_0x560162d27a70 .scope module, "tb_casos" "tb_casos" 3 3;
 .timescale -9 -12;
P_0x560162d27c00 .param/l "WIDTH" 0 3 4, +C4<00000000000000000000000000000100>;
v0x560162d56180_0 .net "a_A", 3 0, v0x560162d22340_0;  1 drivers
v0x560162d56260_0 .net "a_B", 3 0, v0x560162d55c80_0;  1 drivers
v0x560162d56330_0 .net "b_A", 3 0, v0x560162d555a0_0;  1 drivers
v0x560162d56430_0 .net "b_B", 3 0, v0x560162d55d60_0;  1 drivers
v0x560162d56500_0 .net "c_A", 3 0, v0x560162d55680_0;  1 drivers
v0x560162d565f0_0 .net "c_B", 3 0, v0x560162d55e40_0;  1 drivers
v0x560162d566c0_0 .var "clk", 0 0;
v0x560162d567b0_0 .var "rst_n", 0 0;
S_0x560162d27ca0 .scope module, "DUT_A" "caso_a" 3 11, 4 6 0, S_0x560162d27a70;
 .timescale -9 -12;
    .port_info 0 /INPUT 1 "clk";
    .port_info 1 /INPUT 1 "rst_n";
    .port_info 2 /OUTPUT 4 "a";
    .port_info 3 /OUTPUT 4 "b";
    .port_info 4 /OUTPUT 4 "c";
P_0x560162d3b650 .param/l "WIDTH" 0 4 7, +C4<00000000000000000000000000000100>;
v0x560162d22340_0 .var "a", 3 0;
v0x560162d555a0_0 .var "b", 3 0;
v0x560162d55680_0 .var "c", 3 0;
v0x560162d55740_0 .net "clk", 0 0, v0x560162d566c0_0;  1 drivers
v0x560162d55800_0 .net "rst_n", 0 0, v0x560162d567b0_0;  1 drivers
E_0x560162d3ac40/0 .event negedge, v0x560162d55800_0;
E_0x560162d3ac40/1 .event posedge, v0x560162d55740_0;
E_0x560162d3ac40 .event/or E_0x560162d3ac40/0, E_0x560162d3ac40/1;
S_0x560162d559b0 .scope module, "DUT_B" "caso_b" 3 19, 5 6 0, S_0x560162d27a70;
 .timescale -9 -12;
    .port_info 0 /INPUT 1 "clk";
    .port_info 1 /INPUT 1 "rst_n";
    .port_info 2 /OUTPUT 4 "a";
    .port_info 3 /OUTPUT 4 "b";
    .port_info 4 /OUTPUT 4 "c";
P_0x560162d55bb0 .param/l "WIDTH" 0 5 7, +C4<00000000000000000000000000000100>;
v0x560162d55c80_0 .var "a", 3 0;
v0x560162d55d60_0 .var "b", 3 0;
v0x560162d55e40_0 .var "c", 3 0;
v0x560162d55f30_0 .net "clk", 0 0, v0x560162d566c0_0;  alias, 1 drivers
v0x560162d56000_0 .net "rst_n", 0 0, v0x560162d567b0_0;  alias, 1 drivers
    .scope S_0x560162d27ca0;
T_0 ;
    %pushi/vec4 1, 0, 4;
    %store/vec4 v0x560162d22340_0, 0, 4;
    %pushi/vec4 2, 0, 4;
    %store/vec4 v0x560162d555a0_0, 0, 4;
    %pushi/vec4 3, 0, 4;
    %store/vec4 v0x560162d55680_0, 0, 4;
    %end;
    .thread T_0;
    .scope S_0x560162d27ca0;
T_1 ;
    %wait E_0x560162d3ac40;
    %load/vec4 v0x560162d55800_0;
    %nor/r;
    %flag_set/vec4 8;
    %jmp/0xz  T_1.0, 8;
    %pushi/vec4 1, 0, 4;
    %store/vec4 v0x560162d22340_0, 0, 4;
    %pushi/vec4 2, 0, 4;
    %store/vec4 v0x560162d555a0_0, 0, 4;
    %pushi/vec4 3, 0, 4;
    %store/vec4 v0x560162d55680_0, 0, 4;
    %jmp T_1.1;
T_1.0 ;
    %load/vec4 v0x560162d555a0_0;
    %store/vec4 v0x560162d22340_0, 0, 4;
    %load/vec4 v0x560162d55680_0;
    %store/vec4 v0x560162d555a0_0, 0, 4;
    %load/vec4 v0x560162d22340_0;
    %store/vec4 v0x560162d55680_0, 0, 4;
T_1.1 ;
    %jmp T_1;
    .thread T_1;
    .scope S_0x560162d559b0;
T_2 ;
    %pushi/vec4 1, 0, 4;
    %store/vec4 v0x560162d55c80_0, 0, 4;
    %pushi/vec4 2, 0, 4;
    %store/vec4 v0x560162d55d60_0, 0, 4;
    %pushi/vec4 3, 0, 4;
    %store/vec4 v0x560162d55e40_0, 0, 4;
    %end;
    .thread T_2;
    .scope S_0x560162d559b0;
T_3 ;
    %wait E_0x560162d3ac40;
    %load/vec4 v0x560162d56000_0;
    %nor/r;
    %flag_set/vec4 8;
    %jmp/0xz  T_3.0, 8;
    %pushi/vec4 1, 0, 4;
    %assign/vec4 v0x560162d55c80_0, 0;
    %pushi/vec4 2, 0, 4;
    %assign/vec4 v0x560162d55d60_0, 0;
    %pushi/vec4 3, 0, 4;
    %assign/vec4 v0x560162d55e40_0, 0;
    %jmp T_3.1;
T_3.0 ;
    %load/vec4 v0x560162d55d60_0;
    %assign/vec4 v0x560162d55c80_0, 0;
    %load/vec4 v0x560162d55e40_0;
    %assign/vec4 v0x560162d55d60_0, 0;
    %load/vec4 v0x560162d55c80_0;
    %assign/vec4 v0x560162d55e40_0, 0;
T_3.1 ;
    %jmp T_3;
    .thread T_3;
    .scope S_0x560162d27a70;
T_4 ;
    %pushi/vec4 0, 0, 1;
    %store/vec4 v0x560162d566c0_0, 0, 1;
    %pushi/vec4 0, 0, 1;
    %store/vec4 v0x560162d567b0_0, 0, 1;
    %end;
    .thread T_4, $init;
    .scope S_0x560162d27a70;
T_5 ;
    %delay 5000, 0;
    %load/vec4 v0x560162d566c0_0;
    %inv;
    %store/vec4 v0x560162d566c0_0, 0, 1;
    %jmp T_5;
    .thread T_5;
    .scope S_0x560162d27a70;
T_6 ;
    %vpi_call/w 3 29 "$dumpfile", "tb_casos.vcd" {0 0 0};
    %vpi_call/w 3 30 "$dumpvars", 32'sb00000000000000000000000000000000, S_0x560162d27a70 {0 0 0};
    %vpi_call/w 3 33 "$display", "\000" {0 0 0};
    %vpi_call/w 3 34 "$display", "Tiempo |  Caso A (blocking)      |  Caso B (non-blocking)" {0 0 0};
    %vpi_call/w 3 35 "$display", "-------+-------------------------+-------------------------" {0 0 0};
    %pushi/vec4 0, 0, 1;
    %store/vec4 v0x560162d567b0_0, 0, 1;
    %delay 1000, 0;
    %vpi_call/w 3 39 "$display", " reset |  a=%0d b=%0d c=%0d            |  a=%0d b=%0d c=%0d", v0x560162d56180_0, v0x560162d56330_0, v0x560162d56500_0, v0x560162d56260_0, v0x560162d56430_0, v0x560162d565f0_0 {0 0 0};
    %pushi/vec4 1, 0, 1;
    %store/vec4 v0x560162d567b0_0, 0, 1;
    %delay 9000, 0;
    %vpi_call/w 3 44 "$display", "  10ns |  a=%0d b=%0d c=%0d            |  a=%0d b=%0d c=%0d", v0x560162d56180_0, v0x560162d56330_0, v0x560162d56500_0, v0x560162d56260_0, v0x560162d56430_0, v0x560162d565f0_0 {0 0 0};
    %delay 10000, 0;
    %vpi_call/w 3 48 "$display", "  20ns |  a=%0d b=%0d c=%0d            |  a=%0d b=%0d c=%0d", v0x560162d56180_0, v0x560162d56330_0, v0x560162d56500_0, v0x560162d56260_0, v0x560162d56430_0, v0x560162d565f0_0 {0 0 0};
    %delay 10000, 0;
    %vpi_call/w 3 52 "$display", "  30ns |  a=%0d b=%0d c=%0d            |  a=%0d b=%0d c=%0d", v0x560162d56180_0, v0x560162d56330_0, v0x560162d56500_0, v0x560162d56260_0, v0x560162d56430_0, v0x560162d565f0_0 {0 0 0};
    %vpi_call/w 3 54 "$display", "\000" {0 0 0};
    %vpi_call/w 3 55 "$display", "Observar: Caso B rota circularmente (1,2,3)->(2,3,1)->(3,1,2)->(1,2,3)" {0 0 0};
    %vpi_call/w 3 56 "$display", "          Caso A NO rota -- el orden de = importa y rompe la abstraccion." {0 0 0};
    %vpi_call/w 3 57 "$display", "\000" {0 0 0};
    %delay 6000, 0;
    %vpi_call/w 3 59 "$finish" {0 0 0};
    %end;
    .thread T_6;
# The file index is used to find the file name in the following table.
:file_names 6;
    "N/A";
    "<interactive>";
    "-";
    "tb_casos.v";
    "caso_a.v";
    "caso_b.v";
