#! /usr/bin/vvp
:ivl_version "12.0 (stable)";
:ivl_delay_selection "TYPICAL";
:vpi_time_precision - 12;
:vpi_module "/usr/lib/x86_64-linux-gnu/ivl/system.vpi";
:vpi_module "/usr/lib/x86_64-linux-gnu/ivl/vhdl_sys.vpi";
:vpi_module "/usr/lib/x86_64-linux-gnu/ivl/vhdl_textio.vpi";
:vpi_module "/usr/lib/x86_64-linux-gnu/ivl/v2005_math.vpi";
:vpi_module "/usr/lib/x86_64-linux-gnu/ivl/va_math.vpi";
:vpi_module "/usr/lib/x86_64-linux-gnu/ivl/v2009.vpi";
S_0x5710f5114d00 .scope package, "$unit" "$unit" 2 1;
 .timescale 0 0;
S_0x5710f505d500 .scope module, "tb_csla" "tb_csla" 3 3;
 .timescale -9 -12;
v0x5710f51528a0_0 .var "a", 15 0;
v0x5710f5152980_0 .var "b", 15 0;
v0x5710f5152a50_0 .var "cin", 0 0;
v0x5710f5152b20_0 .net "cout", 0 0, L_0x5710f5169a40;  1 drivers
v0x5710f5152bc0_0 .var/2s "errors", 31 0;
v0x5710f5152cb0_0 .var "expected", 16 0;
v0x5710f5152d70_0 .net "s", 15 0, L_0x5710f5169710;  1 drivers
S_0x5710f505d690 .scope begin, "$ivl_for_loop0" "$ivl_for_loop0" 3 43, 3 43 0, S_0x5710f505d500;
 .timescale -9 -12;
v0x5710f50abbe0_0 .var/2s "i", 31 0;
S_0x5710f5132c20 .scope task, "check_result" "check_result" 3 17, 3 17 0, S_0x5710f505d500;
 .timescale -9 -12;
v0x5710f5132e20_0 .var/str "name";
TD_tb_csla.check_result ;
    %load/vec4 v0x5710f51528a0_0;
    %pad/u 17;
    %load/vec4 v0x5710f5152980_0;
    %pad/u 17;
    %add;
    %load/vec4 v0x5710f5152a50_0;
    %pad/u 17;
    %add;
    %store/vec4 v0x5710f5152cb0_0, 0, 17;
    %load/vec4 v0x5710f5152b20_0;
    %load/vec4 v0x5710f5152d70_0;
    %concat/vec4; draw_concat_vec4
    %load/vec4 v0x5710f5152cb0_0;
    %cmp/ne;
    %jmp/0xz  T_0.0, 6;
    %vpi_call/w 3 20 "$display", "[FAIL] %s: a=%h, b=%h, cin=%b | Obtenido: {cout=%b, s=%h}, Esperado: %h", v0x5710f5132e20_0, v0x5710f51528a0_0, v0x5710f5152980_0, v0x5710f5152a50_0, v0x5710f5152b20_0, v0x5710f5152d70_0, v0x5710f5152cb0_0 {0 0 0};
    ; show_stmt_assign_vector: Get l-value for compressed += operand
    %load/vec4 v0x5710f5152bc0_0;
    %pushi/vec4 1, 0, 32;
    %add;
    %cast2;
    %store/vec4 v0x5710f5152bc0_0, 0, 32;
T_0.0 ;
    %end;
S_0x5710f5132ee0 .scope module, "dut" "csla16" 3 9, 4 3 0, S_0x5710f505d500;
 .timescale -9 -12;
    .port_info 0 /INPUT 16 "a";
    .port_info 1 /INPUT 16 "b";
    .port_info 2 /INPUT 1 "cin";
    .port_info 3 /OUTPUT 16 "s";
    .port_info 4 /OUTPUT 1 "cout";
P_0x5710f51330c0 .param/l "N" 0 4 4, +C4<00000000000000000000000000010000>;
v0x5710f5151590_0 .net *"_ivl_20", 3 0, L_0x5710f515c7b0;  1 drivers
v0x5710f5151690_0 .net *"_ivl_38", 3 0, L_0x5710f5162c60;  1 drivers
v0x5710f5151770_0 .net *"_ivl_57", 3 0, L_0x5710f51698f0;  1 drivers
v0x5710f5151830_0 .net "a", 15 0, v0x5710f51528a0_0;  1 drivers
v0x5710f5151910_0 .net "b", 15 0, v0x5710f5152980_0;  1 drivers
v0x5710f51519f0_0 .net "c12", 0 0, L_0x5710f5162d50;  1 drivers
v0x5710f5151ab0_0 .net "c12_0", 0 0, L_0x5710f515f810;  1 drivers
v0x5710f5151b50_0 .net "c12_1", 0 0, L_0x5710f51629c0;  1 drivers
v0x5710f5151c20_0 .net "c4", 0 0, L_0x5710f5155ee0;  1 drivers
v0x5710f5151d80_0 .net "c8", 0 0, L_0x5710f515c850;  1 drivers
v0x5710f5151e20_0 .net "c8_0", 0 0, L_0x5710f5159040;  1 drivers
v0x5710f5151ef0_0 .net "c8_1", 0 0, L_0x5710f515c420;  1 drivers
v0x5710f5151fc0_0 .net "cin", 0 0, v0x5710f5152a50_0;  1 drivers
v0x5710f5152090_0 .net "cout", 0 0, L_0x5710f5169a40;  alias, 1 drivers
v0x5710f5152130_0 .net "cout_0", 0 0, L_0x5710f5166150;  1 drivers
v0x5710f5152200_0 .net "cout_1", 0 0, L_0x5710f5169330;  1 drivers
v0x5710f51522d0_0 .net "s", 15 0, L_0x5710f5169710;  alias, 1 drivers
v0x5710f5152370_0 .net "s1_0", 3 0, L_0x5710f5158160;  1 drivers
v0x5710f5152440_0 .net "s1_1", 3 0, L_0x5710f515b4b0;  1 drivers
v0x5710f5152510_0 .net "s2_0", 3 0, L_0x5710f515e8a0;  1 drivers
v0x5710f51525e0_0 .net "s2_1", 3 0, L_0x5710f5161a50;  1 drivers
v0x5710f51526b0_0 .net "s3_0", 3 0, L_0x5710f51651e0;  1 drivers
v0x5710f5152780_0 .net "s3_1", 3 0, L_0x5710f51683c0;  1 drivers
L_0x5710f5155fd0 .part v0x5710f51528a0_0, 0, 4;
L_0x5710f51560c0 .part v0x5710f5152980_0, 0, 4;
L_0x5710f5159130 .part v0x5710f51528a0_0, 4, 4;
L_0x5710f51591d0 .part v0x5710f5152980_0, 4, 4;
L_0x5710f515c510 .part v0x5710f51528a0_0, 4, 4;
L_0x5710f515c640 .part v0x5710f5152980_0, 4, 4;
L_0x5710f515c7b0 .functor MUXZ 4, L_0x5710f5158160, L_0x5710f515b4b0, L_0x5710f5155ee0, C4<>;
L_0x5710f515c850 .functor MUXZ 1, L_0x5710f5159040, L_0x5710f515c420, L_0x5710f5155ee0, C4<>;
L_0x5710f515f900 .part v0x5710f51528a0_0, 8, 4;
L_0x5710f515f9a0 .part v0x5710f5152980_0, 8, 4;
L_0x5710f5162ab0 .part v0x5710f51528a0_0, 8, 4;
L_0x5710f5162b50 .part v0x5710f5152980_0, 8, 4;
L_0x5710f5162c60 .functor MUXZ 4, L_0x5710f515e8a0, L_0x5710f5161a50, L_0x5710f515c850, C4<>;
L_0x5710f5162d50 .functor MUXZ 1, L_0x5710f515f810, L_0x5710f51629c0, L_0x5710f515c850, C4<>;
L_0x5710f5166240 .part v0x5710f51528a0_0, 12, 4;
L_0x5710f51662e0 .part v0x5710f5152980_0, 12, 4;
L_0x5710f5169420 .part v0x5710f51528a0_0, 12, 4;
L_0x5710f51694c0 .part v0x5710f5152980_0, 12, 4;
L_0x5710f5169710 .concat8 [ 4 4 4 4], L_0x5710f5154fc0, L_0x5710f515c7b0, L_0x5710f5162c60, L_0x5710f51698f0;
L_0x5710f51698f0 .functor MUXZ 4, L_0x5710f51651e0, L_0x5710f51683c0, L_0x5710f5162d50, C4<>;
L_0x5710f5169a40 .functor MUXZ 1, L_0x5710f5166150, L_0x5710f5169330, L_0x5710f5162d50, C4<>;
S_0x5710f51331e0 .scope module, "b0" "rca4" 4 17, 5 3 0, S_0x5710f5132ee0;
 .timescale -9 -12;
    .port_info 0 /INPUT 4 "a";
    .port_info 1 /INPUT 4 "b";
    .port_info 2 /INPUT 1 "cin";
    .port_info 3 /OUTPUT 4 "s";
    .port_info 4 /OUTPUT 1 "cout";
P_0x5710f51333c0 .param/l "N" 0 5 4, +C4<00000000000000000000000000000100>;
L_0x5710f51535a0 .functor BUFZ 1, v0x5710f5152a50_0, C4<0>, C4<0>, C4<0>;
v0x5710f5136860_0 .net *"_ivl_0", 0 0, L_0x5710f5152e30;  1 drivers
v0x5710f5136960_0 .net *"_ivl_14", 0 0, L_0x5710f5154610;  1 drivers
v0x5710f5136a40_0 .net *"_ivl_16", 0 0, L_0x5710f51546b0;  1 drivers
v0x5710f5136b00_0 .net *"_ivl_2", 0 0, L_0x5710f5152f30;  1 drivers
v0x5710f5136be0_0 .net *"_ivl_21", 0 0, L_0x5710f51551b0;  1 drivers
v0x5710f5136cc0_0 .net *"_ivl_23", 0 0, L_0x5710f5155250;  1 drivers
v0x5710f5136da0_0 .net *"_ivl_33", 0 0, L_0x5710f51535a0;  1 drivers
v0x5710f5136e80_0 .net *"_ivl_7", 0 0, L_0x5710f5153a40;  1 drivers
v0x5710f5136f60_0 .net *"_ivl_9", 0 0, L_0x5710f5153ae0;  1 drivers
v0x5710f51370d0_0 .net "a", 3 0, L_0x5710f5155fd0;  1 drivers
v0x5710f51371b0_0 .net "b", 3 0, L_0x5710f51560c0;  1 drivers
v0x5710f5137290_0 .net "c", 4 0, L_0x5710f5155c80;  1 drivers
v0x5710f5137370_0 .net "cin", 0 0, v0x5710f5152a50_0;  alias, 1 drivers
v0x5710f5137430_0 .net "cout", 0 0, L_0x5710f5155ee0;  alias, 1 drivers
v0x5710f51374f0_0 .net "s", 3 0, L_0x5710f5154fc0;  1 drivers
L_0x5710f5153050 .part L_0x5710f5155fd0, 0, 1;
L_0x5710f5153290 .part L_0x5710f51560c0, 0, 1;
L_0x5710f51536b0 .part L_0x5710f5155c80, 0, 1;
L_0x5710f5153bd0 .part L_0x5710f5155fd0, 1, 1;
L_0x5710f5153e30 .part L_0x5710f51560c0, 1, 1;
L_0x5710f5154220 .part L_0x5710f5155c80, 1, 1;
L_0x5710f51547a0 .part L_0x5710f5155fd0, 2, 1;
L_0x5710f5154980 .part L_0x5710f51560c0, 2, 1;
L_0x5710f5154cf0 .part L_0x5710f5155c80, 2, 1;
L_0x5710f5154fc0 .concat8 [ 1 1 1 1], L_0x5710f5152f30, L_0x5710f5153ae0, L_0x5710f51546b0, L_0x5710f5155250;
L_0x5710f5155340 .part L_0x5710f5155fd0, 3, 1;
L_0x5710f5155560 .part L_0x5710f51560c0, 3, 1;
L_0x5710f51558e0 .part L_0x5710f5155c80, 3, 1;
LS_0x5710f5155c80_0_0 .concat8 [ 1 1 1 1], L_0x5710f51535a0, L_0x5710f5152e30, L_0x5710f5153a40, L_0x5710f5154610;
LS_0x5710f5155c80_0_4 .concat8 [ 1 0 0 0], L_0x5710f51551b0;
L_0x5710f5155c80 .concat8 [ 4 1 0 0], LS_0x5710f5155c80_0_0, LS_0x5710f5155c80_0_4;
L_0x5710f5155ee0 .part L_0x5710f5155c80, 4, 1;
S_0x5710f51334e0 .scope generate, "fa_chain[0]" "fa_chain[0]" 5 17, 5 17 0, S_0x5710f51331e0;
 .timescale -9 -12;
P_0x5710f5133700 .param/l "i" 1 5 17, +C4<00>;
L_0x7a6d69186060 .functor BUFT 1, C4<0>, C4<0>, C4<0>, C4<0>;
v0x5710f51337e0_0 .net *"_ivl_12", 0 0, L_0x7a6d69186060;  1 drivers
v0x5710f51338c0_0 .net *"_ivl_13", 1 0, L_0x5710f5153500;  1 drivers
v0x5710f51339a0_0 .net *"_ivl_15", 0 0, L_0x5710f51536b0;  1 drivers
v0x5710f5133a60_0 .net *"_ivl_16", 1 0, L_0x5710f5153750;  1 drivers
L_0x7a6d691860a8 .functor BUFT 1, C4<0>, C4<0>, C4<0>, C4<0>;
v0x5710f5133b40_0 .net *"_ivl_19", 0 0, L_0x7a6d691860a8;  1 drivers
v0x5710f5133c70_0 .net *"_ivl_20", 1 0, L_0x5710f5153900;  1 drivers
v0x5710f5133d50_0 .net *"_ivl_3", 0 0, L_0x5710f5153050;  1 drivers
v0x5710f5133e30_0 .net *"_ivl_4", 1 0, L_0x5710f5153120;  1 drivers
L_0x7a6d69186018 .functor BUFT 1, C4<0>, C4<0>, C4<0>, C4<0>;
v0x5710f5133f10_0 .net *"_ivl_7", 0 0, L_0x7a6d69186018;  1 drivers
v0x5710f5133ff0_0 .net *"_ivl_8", 0 0, L_0x5710f5153290;  1 drivers
v0x5710f51340d0_0 .net *"_ivl_9", 1 0, L_0x5710f5153360;  1 drivers
L_0x5710f5152e30 .part L_0x5710f5153900, 1, 1;
L_0x5710f5152f30 .part L_0x5710f5153900, 0, 1;
L_0x5710f5153120 .concat [ 1 1 0 0], L_0x5710f5153050, L_0x7a6d69186018;
L_0x5710f5153360 .concat [ 1 1 0 0], L_0x5710f5153290, L_0x7a6d69186060;
L_0x5710f5153500 .arith/sum 2, L_0x5710f5153120, L_0x5710f5153360;
L_0x5710f5153750 .concat [ 1 1 0 0], L_0x5710f51536b0, L_0x7a6d691860a8;
L_0x5710f5153900 .arith/sum 2, L_0x5710f5153500, L_0x5710f5153750;
S_0x5710f51341b0 .scope generate, "fa_chain[1]" "fa_chain[1]" 5 17, 5 17 0, S_0x5710f51331e0;
 .timescale -9 -12;
P_0x5710f5134380 .param/l "i" 1 5 17, +C4<01>;
L_0x7a6d69186138 .functor BUFT 1, C4<0>, C4<0>, C4<0>, C4<0>;
v0x5710f5134440_0 .net *"_ivl_12", 0 0, L_0x7a6d69186138;  1 drivers
v0x5710f5134520_0 .net *"_ivl_13", 1 0, L_0x5710f51540e0;  1 drivers
v0x5710f5134600_0 .net *"_ivl_15", 0 0, L_0x5710f5154220;  1 drivers
v0x5710f51346c0_0 .net *"_ivl_16", 1 0, L_0x5710f5154350;  1 drivers
L_0x7a6d69186180 .functor BUFT 1, C4<0>, C4<0>, C4<0>, C4<0>;
v0x5710f51347a0_0 .net *"_ivl_19", 0 0, L_0x7a6d69186180;  1 drivers
v0x5710f51348d0_0 .net *"_ivl_20", 1 0, L_0x5710f51544d0;  1 drivers
v0x5710f51349b0_0 .net *"_ivl_3", 0 0, L_0x5710f5153bd0;  1 drivers
v0x5710f5134a90_0 .net *"_ivl_4", 1 0, L_0x5710f5153cf0;  1 drivers
L_0x7a6d691860f0 .functor BUFT 1, C4<0>, C4<0>, C4<0>, C4<0>;
v0x5710f5134b70_0 .net *"_ivl_7", 0 0, L_0x7a6d691860f0;  1 drivers
v0x5710f5134ce0_0 .net *"_ivl_8", 0 0, L_0x5710f5153e30;  1 drivers
v0x5710f5134dc0_0 .net *"_ivl_9", 1 0, L_0x5710f5153f20;  1 drivers
L_0x5710f5153a40 .part L_0x5710f51544d0, 1, 1;
L_0x5710f5153ae0 .part L_0x5710f51544d0, 0, 1;
L_0x5710f5153cf0 .concat [ 1 1 0 0], L_0x5710f5153bd0, L_0x7a6d691860f0;
L_0x5710f5153f20 .concat [ 1 1 0 0], L_0x5710f5153e30, L_0x7a6d69186138;
L_0x5710f51540e0 .arith/sum 2, L_0x5710f5153cf0, L_0x5710f5153f20;
L_0x5710f5154350 .concat [ 1 1 0 0], L_0x5710f5154220, L_0x7a6d69186180;
L_0x5710f51544d0 .arith/sum 2, L_0x5710f51540e0, L_0x5710f5154350;
S_0x5710f5134ea0 .scope generate, "fa_chain[2]" "fa_chain[2]" 5 17, 5 17 0, S_0x5710f51331e0;
 .timescale -9 -12;
P_0x5710f5135050 .param/l "i" 1 5 17, +C4<010>;
L_0x7a6d69186210 .functor BUFT 1, C4<0>, C4<0>, C4<0>, C4<0>;
v0x5710f5135110_0 .net *"_ivl_12", 0 0, L_0x7a6d69186210;  1 drivers
v0x5710f51351f0_0 .net *"_ivl_13", 1 0, L_0x5710f5154bb0;  1 drivers
v0x5710f51352d0_0 .net *"_ivl_15", 0 0, L_0x5710f5154cf0;  1 drivers
v0x5710f5135390_0 .net *"_ivl_16", 1 0, L_0x5710f5154d90;  1 drivers
L_0x7a6d69186258 .functor BUFT 1, C4<0>, C4<0>, C4<0>, C4<0>;
v0x5710f5135470_0 .net *"_ivl_19", 0 0, L_0x7a6d69186258;  1 drivers
v0x5710f51355a0_0 .net *"_ivl_20", 1 0, L_0x5710f5154ed0;  1 drivers
v0x5710f5135680_0 .net *"_ivl_3", 0 0, L_0x5710f51547a0;  1 drivers
v0x5710f5135760_0 .net *"_ivl_4", 1 0, L_0x5710f5154840;  1 drivers
L_0x7a6d691861c8 .functor BUFT 1, C4<0>, C4<0>, C4<0>, C4<0>;
v0x5710f5135840_0 .net *"_ivl_7", 0 0, L_0x7a6d691861c8;  1 drivers
v0x5710f51359b0_0 .net *"_ivl_8", 0 0, L_0x5710f5154980;  1 drivers
v0x5710f5135a90_0 .net *"_ivl_9", 1 0, L_0x5710f5154a70;  1 drivers
L_0x5710f5154610 .part L_0x5710f5154ed0, 1, 1;
L_0x5710f51546b0 .part L_0x5710f5154ed0, 0, 1;
L_0x5710f5154840 .concat [ 1 1 0 0], L_0x5710f51547a0, L_0x7a6d691861c8;
L_0x5710f5154a70 .concat [ 1 1 0 0], L_0x5710f5154980, L_0x7a6d69186210;
L_0x5710f5154bb0 .arith/sum 2, L_0x5710f5154840, L_0x5710f5154a70;
L_0x5710f5154d90 .concat [ 1 1 0 0], L_0x5710f5154cf0, L_0x7a6d69186258;
L_0x5710f5154ed0 .arith/sum 2, L_0x5710f5154bb0, L_0x5710f5154d90;
S_0x5710f5135b70 .scope generate, "fa_chain[3]" "fa_chain[3]" 5 17, 5 17 0, S_0x5710f51331e0;
 .timescale -9 -12;
P_0x5710f5135d20 .param/l "i" 1 5 17, +C4<011>;
L_0x7a6d691862e8 .functor BUFT 1, C4<0>, C4<0>, C4<0>, C4<0>;
v0x5710f5135e00_0 .net *"_ivl_12", 0 0, L_0x7a6d691862e8;  1 drivers
v0x5710f5135ee0_0 .net *"_ivl_13", 1 0, L_0x5710f51557a0;  1 drivers
v0x5710f5135fc0_0 .net *"_ivl_15", 0 0, L_0x5710f51558e0;  1 drivers
v0x5710f5136080_0 .net *"_ivl_16", 1 0, L_0x5710f5155a10;  1 drivers
L_0x7a6d69186330 .functor BUFT 1, C4<0>, C4<0>, C4<0>, C4<0>;
v0x5710f5136160_0 .net *"_ivl_19", 0 0, L_0x7a6d69186330;  1 drivers
v0x5710f5136290_0 .net *"_ivl_20", 1 0, L_0x5710f5155b40;  1 drivers
v0x5710f5136370_0 .net *"_ivl_3", 0 0, L_0x5710f5155340;  1 drivers
v0x5710f5136450_0 .net *"_ivl_4", 1 0, L_0x5710f5155470;  1 drivers
L_0x7a6d691862a0 .functor BUFT 1, C4<0>, C4<0>, C4<0>, C4<0>;
v0x5710f5136530_0 .net *"_ivl_7", 0 0, L_0x7a6d691862a0;  1 drivers
v0x5710f51366a0_0 .net *"_ivl_8", 0 0, L_0x5710f5155560;  1 drivers
v0x5710f5136780_0 .net *"_ivl_9", 1 0, L_0x5710f5155700;  1 drivers
L_0x5710f51551b0 .part L_0x5710f5155b40, 1, 1;
L_0x5710f5155250 .part L_0x5710f5155b40, 0, 1;
L_0x5710f5155470 .concat [ 1 1 0 0], L_0x5710f5155340, L_0x7a6d691862a0;
L_0x5710f5155700 .concat [ 1 1 0 0], L_0x5710f5155560, L_0x7a6d691862e8;
L_0x5710f51557a0 .arith/sum 2, L_0x5710f5155470, L_0x5710f5155700;
L_0x5710f5155a10 .concat [ 1 1 0 0], L_0x5710f51558e0, L_0x7a6d69186330;
L_0x5710f5155b40 .arith/sum 2, L_0x5710f51557a0, L_0x5710f5155a10;
S_0x5710f5137670 .scope module, "b1_0" "rca4" 4 26, 5 3 0, S_0x5710f5132ee0;
 .timescale -9 -12;
    .port_info 0 /INPUT 4 "a";
    .port_info 1 /INPUT 4 "b";
    .port_info 2 /INPUT 1 "cin";
    .port_info 3 /OUTPUT 4 "s";
    .port_info 4 /OUTPUT 1 "cout";
P_0x5710f5137820 .param/l "N" 0 5 4, +C4<00000000000000000000000000000100>;
L_0x7a6d691866d8 .functor BUFT 1, C4<0>, C4<0>, C4<0>, C4<0>;
L_0x5710f51567a0 .functor BUFZ 1, L_0x7a6d691866d8, C4<0>, C4<0>, C4<0>;
v0x5710f513ad30_0 .net *"_ivl_0", 0 0, L_0x5710f51561b0;  1 drivers
v0x5710f513ae30_0 .net *"_ivl_14", 0 0, L_0x5710f5157760;  1 drivers
v0x5710f513af10_0 .net *"_ivl_16", 0 0, L_0x5710f5157800;  1 drivers
v0x5710f513afd0_0 .net *"_ivl_2", 0 0, L_0x5710f5156250;  1 drivers
v0x5710f513b0b0_0 .net *"_ivl_21", 0 0, L_0x5710f51583a0;  1 drivers
v0x5710f513b190_0 .net *"_ivl_23", 0 0, L_0x5710f5158440;  1 drivers
v0x5710f513b270_0 .net *"_ivl_33", 0 0, L_0x5710f51567a0;  1 drivers
v0x5710f513b350_0 .net *"_ivl_7", 0 0, L_0x5710f5156c10;  1 drivers
v0x5710f513b430_0 .net *"_ivl_9", 0 0, L_0x5710f5156cb0;  1 drivers
v0x5710f513b5a0_0 .net "a", 3 0, L_0x5710f5159130;  1 drivers
v0x5710f513b680_0 .net "b", 3 0, L_0x5710f51591d0;  1 drivers
v0x5710f513b760_0 .net "c", 4 0, L_0x5710f5158de0;  1 drivers
v0x5710f513b840_0 .net "cin", 0 0, L_0x7a6d691866d8;  1 drivers
v0x5710f513b900_0 .net "cout", 0 0, L_0x5710f5159040;  alias, 1 drivers
v0x5710f513b9c0_0 .net "s", 3 0, L_0x5710f5158160;  alias, 1 drivers
L_0x5710f5156340 .part L_0x5710f5159130, 0, 1;
L_0x5710f5156520 .part L_0x5710f51591d0, 0, 1;
L_0x5710f51568b0 .part L_0x5710f5158de0, 0, 1;
L_0x5710f5156da0 .part L_0x5710f5159130, 1, 1;
L_0x5710f5156fd0 .part L_0x5710f51591d0, 1, 1;
L_0x5710f5157370 .part L_0x5710f5158de0, 1, 1;
L_0x5710f51578f0 .part L_0x5710f5159130, 2, 1;
L_0x5710f5157ad0 .part L_0x5710f51591d0, 2, 1;
L_0x5710f5157e40 .part L_0x5710f5158de0, 2, 1;
L_0x5710f5158160 .concat8 [ 1 1 1 1], L_0x5710f5156250, L_0x5710f5156cb0, L_0x5710f5157800, L_0x5710f5158440;
L_0x5710f5158530 .part L_0x5710f5159130, 3, 1;
L_0x5710f51586c0 .part L_0x5710f51591d0, 3, 1;
L_0x5710f5158a40 .part L_0x5710f5158de0, 3, 1;
LS_0x5710f5158de0_0_0 .concat8 [ 1 1 1 1], L_0x5710f51567a0, L_0x5710f51561b0, L_0x5710f5156c10, L_0x5710f5157760;
LS_0x5710f5158de0_0_4 .concat8 [ 1 0 0 0], L_0x5710f51583a0;
L_0x5710f5158de0 .concat8 [ 4 1 0 0], LS_0x5710f5158de0_0_0, LS_0x5710f5158de0_0_4;
L_0x5710f5159040 .part L_0x5710f5158de0, 4, 1;
S_0x5710f51379d0 .scope generate, "fa_chain[0]" "fa_chain[0]" 5 17, 5 17 0, S_0x5710f5137670;
 .timescale -9 -12;
P_0x5710f5137bd0 .param/l "i" 1 5 17, +C4<00>;
L_0x7a6d691863c0 .functor BUFT 1, C4<0>, C4<0>, C4<0>, C4<0>;
v0x5710f5137cb0_0 .net *"_ivl_12", 0 0, L_0x7a6d691863c0;  1 drivers
v0x5710f5137d90_0 .net *"_ivl_13", 1 0, L_0x5710f5156700;  1 drivers
v0x5710f5137e70_0 .net *"_ivl_15", 0 0, L_0x5710f51568b0;  1 drivers
v0x5710f5137f30_0 .net *"_ivl_16", 1 0, L_0x5710f5156950;  1 drivers
L_0x7a6d69186408 .functor BUFT 1, C4<0>, C4<0>, C4<0>, C4<0>;
v0x5710f5138010_0 .net *"_ivl_19", 0 0, L_0x7a6d69186408;  1 drivers
v0x5710f5138140_0 .net *"_ivl_20", 1 0, L_0x5710f5156ad0;  1 drivers
v0x5710f5138220_0 .net *"_ivl_3", 0 0, L_0x5710f5156340;  1 drivers
v0x5710f5138300_0 .net *"_ivl_4", 1 0, L_0x5710f51563e0;  1 drivers
L_0x7a6d69186378 .functor BUFT 1, C4<0>, C4<0>, C4<0>, C4<0>;
v0x5710f51383e0_0 .net *"_ivl_7", 0 0, L_0x7a6d69186378;  1 drivers
v0x5710f51384c0_0 .net *"_ivl_8", 0 0, L_0x5710f5156520;  1 drivers
v0x5710f51385a0_0 .net *"_ivl_9", 1 0, L_0x5710f51565c0;  1 drivers
L_0x5710f51561b0 .part L_0x5710f5156ad0, 1, 1;
L_0x5710f5156250 .part L_0x5710f5156ad0, 0, 1;
L_0x5710f51563e0 .concat [ 1 1 0 0], L_0x5710f5156340, L_0x7a6d69186378;
L_0x5710f51565c0 .concat [ 1 1 0 0], L_0x5710f5156520, L_0x7a6d691863c0;
L_0x5710f5156700 .arith/sum 2, L_0x5710f51563e0, L_0x5710f51565c0;
L_0x5710f5156950 .concat [ 1 1 0 0], L_0x5710f51568b0, L_0x7a6d69186408;
L_0x5710f5156ad0 .arith/sum 2, L_0x5710f5156700, L_0x5710f5156950;
S_0x5710f5138680 .scope generate, "fa_chain[1]" "fa_chain[1]" 5 17, 5 17 0, S_0x5710f5137670;
 .timescale -9 -12;
P_0x5710f5138850 .param/l "i" 1 5 17, +C4<01>;
L_0x7a6d69186498 .functor BUFT 1, C4<0>, C4<0>, C4<0>, C4<0>;
v0x5710f5138910_0 .net *"_ivl_12", 0 0, L_0x7a6d69186498;  1 drivers
v0x5710f51389f0_0 .net *"_ivl_13", 1 0, L_0x5710f5157230;  1 drivers
v0x5710f5138ad0_0 .net *"_ivl_15", 0 0, L_0x5710f5157370;  1 drivers
v0x5710f5138b90_0 .net *"_ivl_16", 1 0, L_0x5710f51574a0;  1 drivers
L_0x7a6d691864e0 .functor BUFT 1, C4<0>, C4<0>, C4<0>, C4<0>;
v0x5710f5138c70_0 .net *"_ivl_19", 0 0, L_0x7a6d691864e0;  1 drivers
v0x5710f5138da0_0 .net *"_ivl_20", 1 0, L_0x5710f5157620;  1 drivers
v0x5710f5138e80_0 .net *"_ivl_3", 0 0, L_0x5710f5156da0;  1 drivers
v0x5710f5138f60_0 .net *"_ivl_4", 1 0, L_0x5710f5156e90;  1 drivers
L_0x7a6d69186450 .functor BUFT 1, C4<0>, C4<0>, C4<0>, C4<0>;
v0x5710f5139040_0 .net *"_ivl_7", 0 0, L_0x7a6d69186450;  1 drivers
v0x5710f51391b0_0 .net *"_ivl_8", 0 0, L_0x5710f5156fd0;  1 drivers
v0x5710f5139290_0 .net *"_ivl_9", 1 0, L_0x5710f51570c0;  1 drivers
L_0x5710f5156c10 .part L_0x5710f5157620, 1, 1;
L_0x5710f5156cb0 .part L_0x5710f5157620, 0, 1;
L_0x5710f5156e90 .concat [ 1 1 0 0], L_0x5710f5156da0, L_0x7a6d69186450;
L_0x5710f51570c0 .concat [ 1 1 0 0], L_0x5710f5156fd0, L_0x7a6d69186498;
L_0x5710f5157230 .arith/sum 2, L_0x5710f5156e90, L_0x5710f51570c0;
L_0x5710f51574a0 .concat [ 1 1 0 0], L_0x5710f5157370, L_0x7a6d691864e0;
L_0x5710f5157620 .arith/sum 2, L_0x5710f5157230, L_0x5710f51574a0;
S_0x5710f5139370 .scope generate, "fa_chain[2]" "fa_chain[2]" 5 17, 5 17 0, S_0x5710f5137670;
 .timescale -9 -12;
P_0x5710f5139520 .param/l "i" 1 5 17, +C4<010>;
L_0x7a6d69186570 .functor BUFT 1, C4<0>, C4<0>, C4<0>, C4<0>;
v0x5710f51395e0_0 .net *"_ivl_12", 0 0, L_0x7a6d69186570;  1 drivers
v0x5710f51396c0_0 .net *"_ivl_13", 1 0, L_0x5710f5157d00;  1 drivers
v0x5710f51397a0_0 .net *"_ivl_15", 0 0, L_0x5710f5157e40;  1 drivers
v0x5710f5139860_0 .net *"_ivl_16", 1 0, L_0x5710f5157ee0;  1 drivers
L_0x7a6d691865b8 .functor BUFT 1, C4<0>, C4<0>, C4<0>, C4<0>;
v0x5710f5139940_0 .net *"_ivl_19", 0 0, L_0x7a6d691865b8;  1 drivers
v0x5710f5139a70_0 .net *"_ivl_20", 1 0, L_0x5710f5158020;  1 drivers
v0x5710f5139b50_0 .net *"_ivl_3", 0 0, L_0x5710f51578f0;  1 drivers
v0x5710f5139c30_0 .net *"_ivl_4", 1 0, L_0x5710f5157990;  1 drivers
L_0x7a6d69186528 .functor BUFT 1, C4<0>, C4<0>, C4<0>, C4<0>;
v0x5710f5139d10_0 .net *"_ivl_7", 0 0, L_0x7a6d69186528;  1 drivers
v0x5710f5139e80_0 .net *"_ivl_8", 0 0, L_0x5710f5157ad0;  1 drivers
v0x5710f5139f60_0 .net *"_ivl_9", 1 0, L_0x5710f5157bc0;  1 drivers
L_0x5710f5157760 .part L_0x5710f5158020, 1, 1;
L_0x5710f5157800 .part L_0x5710f5158020, 0, 1;
L_0x5710f5157990 .concat [ 1 1 0 0], L_0x5710f51578f0, L_0x7a6d69186528;
L_0x5710f5157bc0 .concat [ 1 1 0 0], L_0x5710f5157ad0, L_0x7a6d69186570;
L_0x5710f5157d00 .arith/sum 2, L_0x5710f5157990, L_0x5710f5157bc0;
L_0x5710f5157ee0 .concat [ 1 1 0 0], L_0x5710f5157e40, L_0x7a6d691865b8;
L_0x5710f5158020 .arith/sum 2, L_0x5710f5157d00, L_0x5710f5157ee0;
S_0x5710f513a040 .scope generate, "fa_chain[3]" "fa_chain[3]" 5 17, 5 17 0, S_0x5710f5137670;
 .timescale -9 -12;
P_0x5710f513a1f0 .param/l "i" 1 5 17, +C4<011>;
L_0x7a6d69186648 .functor BUFT 1, C4<0>, C4<0>, C4<0>, C4<0>;
v0x5710f513a2d0_0 .net *"_ivl_12", 0 0, L_0x7a6d69186648;  1 drivers
v0x5710f513a3b0_0 .net *"_ivl_13", 1 0, L_0x5710f5158900;  1 drivers
v0x5710f513a490_0 .net *"_ivl_15", 0 0, L_0x5710f5158a40;  1 drivers
v0x5710f513a550_0 .net *"_ivl_16", 1 0, L_0x5710f5158b70;  1 drivers
L_0x7a6d69186690 .functor BUFT 1, C4<0>, C4<0>, C4<0>, C4<0>;
v0x5710f513a630_0 .net *"_ivl_19", 0 0, L_0x7a6d69186690;  1 drivers
v0x5710f513a760_0 .net *"_ivl_20", 1 0, L_0x5710f5158ca0;  1 drivers
v0x5710f513a840_0 .net *"_ivl_3", 0 0, L_0x5710f5158530;  1 drivers
v0x5710f513a920_0 .net *"_ivl_4", 1 0, L_0x5710f51585d0;  1 drivers
L_0x7a6d69186600 .functor BUFT 1, C4<0>, C4<0>, C4<0>, C4<0>;
v0x5710f513aa00_0 .net *"_ivl_7", 0 0, L_0x7a6d69186600;  1 drivers
v0x5710f513ab70_0 .net *"_ivl_8", 0 0, L_0x5710f51586c0;  1 drivers
v0x5710f513ac50_0 .net *"_ivl_9", 1 0, L_0x5710f5158860;  1 drivers
L_0x5710f51583a0 .part L_0x5710f5158ca0, 1, 1;
L_0x5710f5158440 .part L_0x5710f5158ca0, 0, 1;
L_0x5710f51585d0 .concat [ 1 1 0 0], L_0x5710f5158530, L_0x7a6d69186600;
L_0x5710f5158860 .concat [ 1 1 0 0], L_0x5710f51586c0, L_0x7a6d69186648;
L_0x5710f5158900 .arith/sum 2, L_0x5710f51585d0, L_0x5710f5158860;
L_0x5710f5158b70 .concat [ 1 1 0 0], L_0x5710f5158a40, L_0x7a6d69186690;
L_0x5710f5158ca0 .arith/sum 2, L_0x5710f5158900, L_0x5710f5158b70;
S_0x5710f513bb40 .scope module, "b1_1" "rca4" 4 27, 5 3 0, S_0x5710f5132ee0;
 .timescale -9 -12;
    .port_info 0 /INPUT 4 "a";
    .port_info 1 /INPUT 4 "b";
    .port_info 2 /INPUT 1 "cin";
    .port_info 3 /OUTPUT 4 "s";
    .port_info 4 /OUTPUT 1 "cout";
P_0x5710f513bcd0 .param/l "N" 0 5 4, +C4<00000000000000000000000000000100>;
L_0x7a6d69186a80 .functor BUFT 1, C4<1>, C4<0>, C4<0>, C4<0>;
L_0x5710f51598e0 .functor BUFZ 1, L_0x7a6d69186a80, C4<0>, C4<0>, C4<0>;
v0x5710f513f1e0_0 .net *"_ivl_0", 0 0, L_0x5710f51592c0;  1 drivers
v0x5710f513f2e0_0 .net *"_ivl_14", 0 0, L_0x5710f515a8a0;  1 drivers
v0x5710f513f3c0_0 .net *"_ivl_16", 0 0, L_0x5710f515a940;  1 drivers
v0x5710f513f480_0 .net *"_ivl_2", 0 0, L_0x5710f5159360;  1 drivers
v0x5710f513f560_0 .net *"_ivl_21", 0 0, L_0x5710f515b6f0;  1 drivers
v0x5710f513f640_0 .net *"_ivl_23", 0 0, L_0x5710f515b790;  1 drivers
v0x5710f513f720_0 .net *"_ivl_33", 0 0, L_0x5710f51598e0;  1 drivers
v0x5710f513f800_0 .net *"_ivl_7", 0 0, L_0x5710f5159d50;  1 drivers
v0x5710f513f8e0_0 .net *"_ivl_9", 0 0, L_0x5710f5159df0;  1 drivers
v0x5710f513fa50_0 .net "a", 3 0, L_0x5710f515c510;  1 drivers
v0x5710f513fb30_0 .net "b", 3 0, L_0x5710f515c640;  1 drivers
v0x5710f513fc10_0 .net "c", 4 0, L_0x5710f515c1c0;  1 drivers
v0x5710f513fcf0_0 .net "cin", 0 0, L_0x7a6d69186a80;  1 drivers
v0x5710f513fdb0_0 .net "cout", 0 0, L_0x5710f515c420;  alias, 1 drivers
v0x5710f513fe70_0 .net "s", 3 0, L_0x5710f515b4b0;  alias, 1 drivers
L_0x5710f5159450 .part L_0x5710f515c510, 0, 1;
L_0x5710f5159630 .part L_0x5710f515c640, 0, 1;
L_0x5710f51599f0 .part L_0x5710f515c1c0, 0, 1;
L_0x5710f5159ee0 .part L_0x5710f515c510, 1, 1;
L_0x5710f515a110 .part L_0x5710f515c640, 1, 1;
L_0x5710f515a4b0 .part L_0x5710f515c1c0, 1, 1;
L_0x5710f515aa30 .part L_0x5710f515c510, 2, 1;
L_0x5710f515ac10 .part L_0x5710f515c640, 2, 1;
L_0x5710f515b190 .part L_0x5710f515c1c0, 2, 1;
L_0x5710f515b4b0 .concat8 [ 1 1 1 1], L_0x5710f5159360, L_0x5710f5159df0, L_0x5710f515a940, L_0x5710f515b790;
L_0x5710f515b880 .part L_0x5710f515c510, 3, 1;
L_0x5710f515baa0 .part L_0x5710f515c640, 3, 1;
L_0x5710f515be20 .part L_0x5710f515c1c0, 3, 1;
LS_0x5710f515c1c0_0_0 .concat8 [ 1 1 1 1], L_0x5710f51598e0, L_0x5710f51592c0, L_0x5710f5159d50, L_0x5710f515a8a0;
LS_0x5710f515c1c0_0_4 .concat8 [ 1 0 0 0], L_0x5710f515b6f0;
L_0x5710f515c1c0 .concat8 [ 4 1 0 0], LS_0x5710f515c1c0_0_0, LS_0x5710f515c1c0_0_4;
L_0x5710f515c420 .part L_0x5710f515c1c0, 4, 1;
S_0x5710f513be80 .scope generate, "fa_chain[0]" "fa_chain[0]" 5 17, 5 17 0, S_0x5710f513bb40;
 .timescale -9 -12;
P_0x5710f513c080 .param/l "i" 1 5 17, +C4<00>;
L_0x7a6d69186768 .functor BUFT 1, C4<0>, C4<0>, C4<0>, C4<0>;
v0x5710f513c160_0 .net *"_ivl_12", 0 0, L_0x7a6d69186768;  1 drivers
v0x5710f513c240_0 .net *"_ivl_13", 1 0, L_0x5710f5159840;  1 drivers
v0x5710f513c320_0 .net *"_ivl_15", 0 0, L_0x5710f51599f0;  1 drivers
v0x5710f513c3e0_0 .net *"_ivl_16", 1 0, L_0x5710f5159a90;  1 drivers
L_0x7a6d691867b0 .functor BUFT 1, C4<0>, C4<0>, C4<0>, C4<0>;
v0x5710f513c4c0_0 .net *"_ivl_19", 0 0, L_0x7a6d691867b0;  1 drivers
v0x5710f513c5f0_0 .net *"_ivl_20", 1 0, L_0x5710f5159c10;  1 drivers
v0x5710f513c6d0_0 .net *"_ivl_3", 0 0, L_0x5710f5159450;  1 drivers
v0x5710f513c7b0_0 .net *"_ivl_4", 1 0, L_0x5710f51594f0;  1 drivers
L_0x7a6d69186720 .functor BUFT 1, C4<0>, C4<0>, C4<0>, C4<0>;
v0x5710f513c890_0 .net *"_ivl_7", 0 0, L_0x7a6d69186720;  1 drivers
v0x5710f513c970_0 .net *"_ivl_8", 0 0, L_0x5710f5159630;  1 drivers
v0x5710f513ca50_0 .net *"_ivl_9", 1 0, L_0x5710f51596d0;  1 drivers
L_0x5710f51592c0 .part L_0x5710f5159c10, 1, 1;
L_0x5710f5159360 .part L_0x5710f5159c10, 0, 1;
L_0x5710f51594f0 .concat [ 1 1 0 0], L_0x5710f5159450, L_0x7a6d69186720;
L_0x5710f51596d0 .concat [ 1 1 0 0], L_0x5710f5159630, L_0x7a6d69186768;
L_0x5710f5159840 .arith/sum 2, L_0x5710f51594f0, L_0x5710f51596d0;
L_0x5710f5159a90 .concat [ 1 1 0 0], L_0x5710f51599f0, L_0x7a6d691867b0;
L_0x5710f5159c10 .arith/sum 2, L_0x5710f5159840, L_0x5710f5159a90;
S_0x5710f513cb30 .scope generate, "fa_chain[1]" "fa_chain[1]" 5 17, 5 17 0, S_0x5710f513bb40;
 .timescale -9 -12;
P_0x5710f513cd00 .param/l "i" 1 5 17, +C4<01>;
L_0x7a6d69186840 .functor BUFT 1, C4<0>, C4<0>, C4<0>, C4<0>;
v0x5710f513cdc0_0 .net *"_ivl_12", 0 0, L_0x7a6d69186840;  1 drivers
v0x5710f513cea0_0 .net *"_ivl_13", 1 0, L_0x5710f515a370;  1 drivers
v0x5710f513cf80_0 .net *"_ivl_15", 0 0, L_0x5710f515a4b0;  1 drivers
v0x5710f513d040_0 .net *"_ivl_16", 1 0, L_0x5710f515a5e0;  1 drivers
L_0x7a6d69186888 .functor BUFT 1, C4<0>, C4<0>, C4<0>, C4<0>;
v0x5710f513d120_0 .net *"_ivl_19", 0 0, L_0x7a6d69186888;  1 drivers
v0x5710f513d250_0 .net *"_ivl_20", 1 0, L_0x5710f515a760;  1 drivers
v0x5710f513d330_0 .net *"_ivl_3", 0 0, L_0x5710f5159ee0;  1 drivers
v0x5710f513d410_0 .net *"_ivl_4", 1 0, L_0x5710f5159fd0;  1 drivers
L_0x7a6d691867f8 .functor BUFT 1, C4<0>, C4<0>, C4<0>, C4<0>;
v0x5710f513d4f0_0 .net *"_ivl_7", 0 0, L_0x7a6d691867f8;  1 drivers
v0x5710f513d660_0 .net *"_ivl_8", 0 0, L_0x5710f515a110;  1 drivers
v0x5710f513d740_0 .net *"_ivl_9", 1 0, L_0x5710f515a200;  1 drivers
L_0x5710f5159d50 .part L_0x5710f515a760, 1, 1;
L_0x5710f5159df0 .part L_0x5710f515a760, 0, 1;
L_0x5710f5159fd0 .concat [ 1 1 0 0], L_0x5710f5159ee0, L_0x7a6d691867f8;
L_0x5710f515a200 .concat [ 1 1 0 0], L_0x5710f515a110, L_0x7a6d69186840;
L_0x5710f515a370 .arith/sum 2, L_0x5710f5159fd0, L_0x5710f515a200;
L_0x5710f515a5e0 .concat [ 1 1 0 0], L_0x5710f515a4b0, L_0x7a6d69186888;
L_0x5710f515a760 .arith/sum 2, L_0x5710f515a370, L_0x5710f515a5e0;
S_0x5710f513d820 .scope generate, "fa_chain[2]" "fa_chain[2]" 5 17, 5 17 0, S_0x5710f513bb40;
 .timescale -9 -12;
P_0x5710f513d9d0 .param/l "i" 1 5 17, +C4<010>;
L_0x7a6d69186918 .functor BUFT 1, C4<0>, C4<0>, C4<0>, C4<0>;
v0x5710f513da90_0 .net *"_ivl_12", 0 0, L_0x7a6d69186918;  1 drivers
v0x5710f513db70_0 .net *"_ivl_13", 1 0, L_0x5710f515b050;  1 drivers
v0x5710f513dc50_0 .net *"_ivl_15", 0 0, L_0x5710f515b190;  1 drivers
v0x5710f513dd10_0 .net *"_ivl_16", 1 0, L_0x5710f515b230;  1 drivers
L_0x7a6d69186960 .functor BUFT 1, C4<0>, C4<0>, C4<0>, C4<0>;
v0x5710f513ddf0_0 .net *"_ivl_19", 0 0, L_0x7a6d69186960;  1 drivers
v0x5710f513df20_0 .net *"_ivl_20", 1 0, L_0x5710f515b370;  1 drivers
v0x5710f513e000_0 .net *"_ivl_3", 0 0, L_0x5710f515aa30;  1 drivers
v0x5710f513e0e0_0 .net *"_ivl_4", 1 0, L_0x5710f515aad0;  1 drivers
L_0x7a6d691868d0 .functor BUFT 1, C4<0>, C4<0>, C4<0>, C4<0>;
v0x5710f513e1c0_0 .net *"_ivl_7", 0 0, L_0x7a6d691868d0;  1 drivers
v0x5710f513e330_0 .net *"_ivl_8", 0 0, L_0x5710f515ac10;  1 drivers
v0x5710f513e410_0 .net *"_ivl_9", 1 0, L_0x5710f515ad00;  1 drivers
L_0x5710f515a8a0 .part L_0x5710f515b370, 1, 1;
L_0x5710f515a940 .part L_0x5710f515b370, 0, 1;
L_0x5710f515aad0 .concat [ 1 1 0 0], L_0x5710f515aa30, L_0x7a6d691868d0;
L_0x5710f515ad00 .concat [ 1 1 0 0], L_0x5710f515ac10, L_0x7a6d69186918;
L_0x5710f515b050 .arith/sum 2, L_0x5710f515aad0, L_0x5710f515ad00;
L_0x5710f515b230 .concat [ 1 1 0 0], L_0x5710f515b190, L_0x7a6d69186960;
L_0x5710f515b370 .arith/sum 2, L_0x5710f515b050, L_0x5710f515b230;
S_0x5710f513e4f0 .scope generate, "fa_chain[3]" "fa_chain[3]" 5 17, 5 17 0, S_0x5710f513bb40;
 .timescale -9 -12;
P_0x5710f513e6a0 .param/l "i" 1 5 17, +C4<011>;
L_0x7a6d691869f0 .functor BUFT 1, C4<0>, C4<0>, C4<0>, C4<0>;
v0x5710f513e780_0 .net *"_ivl_12", 0 0, L_0x7a6d691869f0;  1 drivers
v0x5710f513e860_0 .net *"_ivl_13", 1 0, L_0x5710f515bce0;  1 drivers
v0x5710f513e940_0 .net *"_ivl_15", 0 0, L_0x5710f515be20;  1 drivers
v0x5710f513ea00_0 .net *"_ivl_16", 1 0, L_0x5710f515bf50;  1 drivers
L_0x7a6d69186a38 .functor BUFT 1, C4<0>, C4<0>, C4<0>, C4<0>;
v0x5710f513eae0_0 .net *"_ivl_19", 0 0, L_0x7a6d69186a38;  1 drivers
v0x5710f513ec10_0 .net *"_ivl_20", 1 0, L_0x5710f515c080;  1 drivers
v0x5710f513ecf0_0 .net *"_ivl_3", 0 0, L_0x5710f515b880;  1 drivers
v0x5710f513edd0_0 .net *"_ivl_4", 1 0, L_0x5710f515b9b0;  1 drivers
L_0x7a6d691869a8 .functor BUFT 1, C4<0>, C4<0>, C4<0>, C4<0>;
v0x5710f513eeb0_0 .net *"_ivl_7", 0 0, L_0x7a6d691869a8;  1 drivers
v0x5710f513f020_0 .net *"_ivl_8", 0 0, L_0x5710f515baa0;  1 drivers
v0x5710f513f100_0 .net *"_ivl_9", 1 0, L_0x5710f515bc40;  1 drivers
L_0x5710f515b6f0 .part L_0x5710f515c080, 1, 1;
L_0x5710f515b790 .part L_0x5710f515c080, 0, 1;
L_0x5710f515b9b0 .concat [ 1 1 0 0], L_0x5710f515b880, L_0x7a6d691869a8;
L_0x5710f515bc40 .concat [ 1 1 0 0], L_0x5710f515baa0, L_0x7a6d691869f0;
L_0x5710f515bce0 .arith/sum 2, L_0x5710f515b9b0, L_0x5710f515bc40;
L_0x5710f515bf50 .concat [ 1 1 0 0], L_0x5710f515be20, L_0x7a6d69186a38;
L_0x5710f515c080 .arith/sum 2, L_0x5710f515bce0, L_0x5710f515bf50;
S_0x5710f513fff0 .scope module, "b2_0" "rca4" 4 36, 5 3 0, S_0x5710f5132ee0;
 .timescale -9 -12;
    .port_info 0 /INPUT 4 "a";
    .port_info 1 /INPUT 4 "b";
    .port_info 2 /INPUT 1 "cin";
    .port_info 3 /OUTPUT 4 "s";
    .port_info 4 /OUTPUT 1 "cout";
P_0x5710f5140180 .param/l "N" 0 5 4, +C4<00000000000000000000000000000100>;
L_0x7a6d69186e28 .functor BUFT 1, C4<0>, C4<0>, C4<0>, C4<0>;
L_0x5710f515cf20 .functor BUFZ 1, L_0x7a6d69186e28, C4<0>, C4<0>, C4<0>;
v0x5710f5143740_0 .net *"_ivl_0", 0 0, L_0x5710f515c9d0;  1 drivers
v0x5710f5143840_0 .net *"_ivl_14", 0 0, L_0x5710f515dea0;  1 drivers
v0x5710f5143920_0 .net *"_ivl_16", 0 0, L_0x5710f515df40;  1 drivers
v0x5710f51439e0_0 .net *"_ivl_2", 0 0, L_0x5710f515ca70;  1 drivers
v0x5710f5143ac0_0 .net *"_ivl_21", 0 0, L_0x5710f515eae0;  1 drivers
v0x5710f5143ba0_0 .net *"_ivl_23", 0 0, L_0x5710f515eb80;  1 drivers
v0x5710f5143c80_0 .net *"_ivl_33", 0 0, L_0x5710f515cf20;  1 drivers
v0x5710f5143d60_0 .net *"_ivl_7", 0 0, L_0x5710f515d350;  1 drivers
v0x5710f5143e40_0 .net *"_ivl_9", 0 0, L_0x5710f515d3f0;  1 drivers
v0x5710f5143fb0_0 .net "a", 3 0, L_0x5710f515f900;  1 drivers
v0x5710f5144090_0 .net "b", 3 0, L_0x5710f515f9a0;  1 drivers
v0x5710f5144170_0 .net "c", 4 0, L_0x5710f515f5b0;  1 drivers
v0x5710f5144250_0 .net "cin", 0 0, L_0x7a6d69186e28;  1 drivers
v0x5710f5144310_0 .net "cout", 0 0, L_0x5710f515f810;  alias, 1 drivers
v0x5710f51443d0_0 .net "s", 3 0, L_0x5710f515e8a0;  alias, 1 drivers
L_0x5710f515cb10 .part L_0x5710f515f900, 0, 1;
L_0x5710f515cca0 .part L_0x5710f515f9a0, 0, 1;
L_0x5710f515d030 .part L_0x5710f515f5b0, 0, 1;
L_0x5710f515d4e0 .part L_0x5710f515f900, 1, 1;
L_0x5710f515d710 .part L_0x5710f515f9a0, 1, 1;
L_0x5710f515dab0 .part L_0x5710f515f5b0, 1, 1;
L_0x5710f515e030 .part L_0x5710f515f900, 2, 1;
L_0x5710f515e210 .part L_0x5710f515f9a0, 2, 1;
L_0x5710f515e580 .part L_0x5710f515f5b0, 2, 1;
L_0x5710f515e8a0 .concat8 [ 1 1 1 1], L_0x5710f515ca70, L_0x5710f515d3f0, L_0x5710f515df40, L_0x5710f515eb80;
L_0x5710f515ec70 .part L_0x5710f515f900, 3, 1;
L_0x5710f515ee90 .part L_0x5710f515f9a0, 3, 1;
L_0x5710f515f210 .part L_0x5710f515f5b0, 3, 1;
LS_0x5710f515f5b0_0_0 .concat8 [ 1 1 1 1], L_0x5710f515cf20, L_0x5710f515c9d0, L_0x5710f515d350, L_0x5710f515dea0;
LS_0x5710f515f5b0_0_4 .concat8 [ 1 0 0 0], L_0x5710f515eae0;
L_0x5710f515f5b0 .concat8 [ 4 1 0 0], LS_0x5710f515f5b0_0_0, LS_0x5710f515f5b0_0_4;
L_0x5710f515f810 .part L_0x5710f515f5b0, 4, 1;
S_0x5710f5140360 .scope generate, "fa_chain[0]" "fa_chain[0]" 5 17, 5 17 0, S_0x5710f513fff0;
 .timescale -9 -12;
P_0x5710f5140580 .param/l "i" 1 5 17, +C4<00>;
L_0x7a6d69186b10 .functor BUFT 1, C4<0>, C4<0>, C4<0>, C4<0>;
v0x5710f5140660_0 .net *"_ivl_12", 0 0, L_0x7a6d69186b10;  1 drivers
v0x5710f5140740_0 .net *"_ivl_13", 1 0, L_0x5710f515ce80;  1 drivers
v0x5710f5140820_0 .net *"_ivl_15", 0 0, L_0x5710f515d030;  1 drivers
v0x5710f5140910_0 .net *"_ivl_16", 1 0, L_0x5710f515d0d0;  1 drivers
L_0x7a6d69186b58 .functor BUFT 1, C4<0>, C4<0>, C4<0>, C4<0>;
v0x5710f51409f0_0 .net *"_ivl_19", 0 0, L_0x7a6d69186b58;  1 drivers
v0x5710f5140b20_0 .net *"_ivl_20", 1 0, L_0x5710f515d210;  1 drivers
v0x5710f5140c00_0 .net *"_ivl_3", 0 0, L_0x5710f515cb10;  1 drivers
v0x5710f5140ce0_0 .net *"_ivl_4", 1 0, L_0x5710f515cbb0;  1 drivers
L_0x7a6d69186ac8 .functor BUFT 1, C4<0>, C4<0>, C4<0>, C4<0>;
v0x5710f5140dc0_0 .net *"_ivl_7", 0 0, L_0x7a6d69186ac8;  1 drivers
v0x5710f5140ea0_0 .net *"_ivl_8", 0 0, L_0x5710f515cca0;  1 drivers
v0x5710f5140f80_0 .net *"_ivl_9", 1 0, L_0x5710f515cd40;  1 drivers
L_0x5710f515c9d0 .part L_0x5710f515d210, 1, 1;
L_0x5710f515ca70 .part L_0x5710f515d210, 0, 1;
L_0x5710f515cbb0 .concat [ 1 1 0 0], L_0x5710f515cb10, L_0x7a6d69186ac8;
L_0x5710f515cd40 .concat [ 1 1 0 0], L_0x5710f515cca0, L_0x7a6d69186b10;
L_0x5710f515ce80 .arith/sum 2, L_0x5710f515cbb0, L_0x5710f515cd40;
L_0x5710f515d0d0 .concat [ 1 1 0 0], L_0x5710f515d030, L_0x7a6d69186b58;
L_0x5710f515d210 .arith/sum 2, L_0x5710f515ce80, L_0x5710f515d0d0;
S_0x5710f5141060 .scope generate, "fa_chain[1]" "fa_chain[1]" 5 17, 5 17 0, S_0x5710f513fff0;
 .timescale -9 -12;
P_0x5710f5141230 .param/l "i" 1 5 17, +C4<01>;
L_0x7a6d69186be8 .functor BUFT 1, C4<0>, C4<0>, C4<0>, C4<0>;
v0x5710f51412f0_0 .net *"_ivl_12", 0 0, L_0x7a6d69186be8;  1 drivers
v0x5710f51413d0_0 .net *"_ivl_13", 1 0, L_0x5710f515d970;  1 drivers
v0x5710f51414b0_0 .net *"_ivl_15", 0 0, L_0x5710f515dab0;  1 drivers
v0x5710f5141570_0 .net *"_ivl_16", 1 0, L_0x5710f515dbe0;  1 drivers
L_0x7a6d69186c30 .functor BUFT 1, C4<0>, C4<0>, C4<0>, C4<0>;
v0x5710f5141650_0 .net *"_ivl_19", 0 0, L_0x7a6d69186c30;  1 drivers
v0x5710f5141780_0 .net *"_ivl_20", 1 0, L_0x5710f515dd60;  1 drivers
v0x5710f5141860_0 .net *"_ivl_3", 0 0, L_0x5710f515d4e0;  1 drivers
v0x5710f5141940_0 .net *"_ivl_4", 1 0, L_0x5710f515d5d0;  1 drivers
L_0x7a6d69186ba0 .functor BUFT 1, C4<0>, C4<0>, C4<0>, C4<0>;
v0x5710f5141a20_0 .net *"_ivl_7", 0 0, L_0x7a6d69186ba0;  1 drivers
v0x5710f5141b90_0 .net *"_ivl_8", 0 0, L_0x5710f515d710;  1 drivers
v0x5710f5141c70_0 .net *"_ivl_9", 1 0, L_0x5710f515d800;  1 drivers
L_0x5710f515d350 .part L_0x5710f515dd60, 1, 1;
L_0x5710f515d3f0 .part L_0x5710f515dd60, 0, 1;
L_0x5710f515d5d0 .concat [ 1 1 0 0], L_0x5710f515d4e0, L_0x7a6d69186ba0;
L_0x5710f515d800 .concat [ 1 1 0 0], L_0x5710f515d710, L_0x7a6d69186be8;
L_0x5710f515d970 .arith/sum 2, L_0x5710f515d5d0, L_0x5710f515d800;
L_0x5710f515dbe0 .concat [ 1 1 0 0], L_0x5710f515dab0, L_0x7a6d69186c30;
L_0x5710f515dd60 .arith/sum 2, L_0x5710f515d970, L_0x5710f515dbe0;
S_0x5710f5141d50 .scope generate, "fa_chain[2]" "fa_chain[2]" 5 17, 5 17 0, S_0x5710f513fff0;
 .timescale -9 -12;
P_0x5710f5141f00 .param/l "i" 1 5 17, +C4<010>;
L_0x7a6d69186cc0 .functor BUFT 1, C4<0>, C4<0>, C4<0>, C4<0>;
v0x5710f5141fc0_0 .net *"_ivl_12", 0 0, L_0x7a6d69186cc0;  1 drivers
v0x5710f51420a0_0 .net *"_ivl_13", 1 0, L_0x5710f515e440;  1 drivers
v0x5710f5142180_0 .net *"_ivl_15", 0 0, L_0x5710f515e580;  1 drivers
v0x5710f5142270_0 .net *"_ivl_16", 1 0, L_0x5710f515e620;  1 drivers
L_0x7a6d69186d08 .functor BUFT 1, C4<0>, C4<0>, C4<0>, C4<0>;
v0x5710f5142350_0 .net *"_ivl_19", 0 0, L_0x7a6d69186d08;  1 drivers
v0x5710f5142480_0 .net *"_ivl_20", 1 0, L_0x5710f515e760;  1 drivers
v0x5710f5142560_0 .net *"_ivl_3", 0 0, L_0x5710f515e030;  1 drivers
v0x5710f5142640_0 .net *"_ivl_4", 1 0, L_0x5710f515e0d0;  1 drivers
L_0x7a6d69186c78 .functor BUFT 1, C4<0>, C4<0>, C4<0>, C4<0>;
v0x5710f5142720_0 .net *"_ivl_7", 0 0, L_0x7a6d69186c78;  1 drivers
v0x5710f5142890_0 .net *"_ivl_8", 0 0, L_0x5710f515e210;  1 drivers
v0x5710f5142970_0 .net *"_ivl_9", 1 0, L_0x5710f515e300;  1 drivers
L_0x5710f515dea0 .part L_0x5710f515e760, 1, 1;
L_0x5710f515df40 .part L_0x5710f515e760, 0, 1;
L_0x5710f515e0d0 .concat [ 1 1 0 0], L_0x5710f515e030, L_0x7a6d69186c78;
L_0x5710f515e300 .concat [ 1 1 0 0], L_0x5710f515e210, L_0x7a6d69186cc0;
L_0x5710f515e440 .arith/sum 2, L_0x5710f515e0d0, L_0x5710f515e300;
L_0x5710f515e620 .concat [ 1 1 0 0], L_0x5710f515e580, L_0x7a6d69186d08;
L_0x5710f515e760 .arith/sum 2, L_0x5710f515e440, L_0x5710f515e620;
S_0x5710f5142a50 .scope generate, "fa_chain[3]" "fa_chain[3]" 5 17, 5 17 0, S_0x5710f513fff0;
 .timescale -9 -12;
P_0x5710f5142c00 .param/l "i" 1 5 17, +C4<011>;
L_0x7a6d69186d98 .functor BUFT 1, C4<0>, C4<0>, C4<0>, C4<0>;
v0x5710f5142ce0_0 .net *"_ivl_12", 0 0, L_0x7a6d69186d98;  1 drivers
v0x5710f5142dc0_0 .net *"_ivl_13", 1 0, L_0x5710f515f0d0;  1 drivers
v0x5710f5142ea0_0 .net *"_ivl_15", 0 0, L_0x5710f515f210;  1 drivers
v0x5710f5142f60_0 .net *"_ivl_16", 1 0, L_0x5710f515f340;  1 drivers
L_0x7a6d69186de0 .functor BUFT 1, C4<0>, C4<0>, C4<0>, C4<0>;
v0x5710f5143040_0 .net *"_ivl_19", 0 0, L_0x7a6d69186de0;  1 drivers
v0x5710f5143170_0 .net *"_ivl_20", 1 0, L_0x5710f515f470;  1 drivers
v0x5710f5143250_0 .net *"_ivl_3", 0 0, L_0x5710f515ec70;  1 drivers
v0x5710f5143330_0 .net *"_ivl_4", 1 0, L_0x5710f515eda0;  1 drivers
L_0x7a6d69186d50 .functor BUFT 1, C4<0>, C4<0>, C4<0>, C4<0>;
v0x5710f5143410_0 .net *"_ivl_7", 0 0, L_0x7a6d69186d50;  1 drivers
v0x5710f5143580_0 .net *"_ivl_8", 0 0, L_0x5710f515ee90;  1 drivers
v0x5710f5143660_0 .net *"_ivl_9", 1 0, L_0x5710f515f030;  1 drivers
L_0x5710f515eae0 .part L_0x5710f515f470, 1, 1;
L_0x5710f515eb80 .part L_0x5710f515f470, 0, 1;
L_0x5710f515eda0 .concat [ 1 1 0 0], L_0x5710f515ec70, L_0x7a6d69186d50;
L_0x5710f515f030 .concat [ 1 1 0 0], L_0x5710f515ee90, L_0x7a6d69186d98;
L_0x5710f515f0d0 .arith/sum 2, L_0x5710f515eda0, L_0x5710f515f030;
L_0x5710f515f340 .concat [ 1 1 0 0], L_0x5710f515f210, L_0x7a6d69186de0;
L_0x5710f515f470 .arith/sum 2, L_0x5710f515f0d0, L_0x5710f515f340;
S_0x5710f5144550 .scope module, "b2_1" "rca4" 4 37, 5 3 0, S_0x5710f5132ee0;
 .timescale -9 -12;
    .port_info 0 /INPUT 4 "a";
    .port_info 1 /INPUT 4 "b";
    .port_info 2 /INPUT 1 "cin";
    .port_info 3 /OUTPUT 4 "s";
    .port_info 4 /OUTPUT 1 "cout";
P_0x5710f5144730 .param/l "N" 0 5 4, +C4<00000000000000000000000000000100>;
L_0x7a6d691871d0 .functor BUFT 1, C4<1>, C4<0>, C4<0>, C4<0>;
L_0x5710f5160090 .functor BUFZ 1, L_0x7a6d691871d0, C4<0>, C4<0>, C4<0>;
v0x5710f5147cc0_0 .net *"_ivl_0", 0 0, L_0x5710f515faa0;  1 drivers
v0x5710f5147dc0_0 .net *"_ivl_14", 0 0, L_0x5710f5161050;  1 drivers
v0x5710f5147ea0_0 .net *"_ivl_16", 0 0, L_0x5710f51610f0;  1 drivers
v0x5710f5147f60_0 .net *"_ivl_2", 0 0, L_0x5710f515fb40;  1 drivers
v0x5710f5148040_0 .net *"_ivl_21", 0 0, L_0x5710f5161c90;  1 drivers
v0x5710f5148120_0 .net *"_ivl_23", 0 0, L_0x5710f5161d30;  1 drivers
v0x5710f5148200_0 .net *"_ivl_33", 0 0, L_0x5710f5160090;  1 drivers
v0x5710f51482e0_0 .net *"_ivl_7", 0 0, L_0x5710f5160500;  1 drivers
v0x5710f51483c0_0 .net *"_ivl_9", 0 0, L_0x5710f51605a0;  1 drivers
v0x5710f5148530_0 .net "a", 3 0, L_0x5710f5162ab0;  1 drivers
v0x5710f5148610_0 .net "b", 3 0, L_0x5710f5162b50;  1 drivers
v0x5710f51486f0_0 .net "c", 4 0, L_0x5710f5162760;  1 drivers
v0x5710f51487d0_0 .net "cin", 0 0, L_0x7a6d691871d0;  1 drivers
v0x5710f5148890_0 .net "cout", 0 0, L_0x5710f51629c0;  alias, 1 drivers
v0x5710f5148950_0 .net "s", 3 0, L_0x5710f5161a50;  alias, 1 drivers
L_0x5710f515fc30 .part L_0x5710f5162ab0, 0, 1;
L_0x5710f515fe10 .part L_0x5710f5162b50, 0, 1;
L_0x5710f51601a0 .part L_0x5710f5162760, 0, 1;
L_0x5710f5160690 .part L_0x5710f5162ab0, 1, 1;
L_0x5710f51608c0 .part L_0x5710f5162b50, 1, 1;
L_0x5710f5160c60 .part L_0x5710f5162760, 1, 1;
L_0x5710f51611e0 .part L_0x5710f5162ab0, 2, 1;
L_0x5710f51613c0 .part L_0x5710f5162b50, 2, 1;
L_0x5710f5161730 .part L_0x5710f5162760, 2, 1;
L_0x5710f5161a50 .concat8 [ 1 1 1 1], L_0x5710f515fb40, L_0x5710f51605a0, L_0x5710f51610f0, L_0x5710f5161d30;
L_0x5710f5161e20 .part L_0x5710f5162ab0, 3, 1;
L_0x5710f5162040 .part L_0x5710f5162b50, 3, 1;
L_0x5710f51623c0 .part L_0x5710f5162760, 3, 1;
LS_0x5710f5162760_0_0 .concat8 [ 1 1 1 1], L_0x5710f5160090, L_0x5710f515faa0, L_0x5710f5160500, L_0x5710f5161050;
LS_0x5710f5162760_0_4 .concat8 [ 1 0 0 0], L_0x5710f5161c90;
L_0x5710f5162760 .concat8 [ 4 1 0 0], LS_0x5710f5162760_0_0, LS_0x5710f5162760_0_4;
L_0x5710f51629c0 .part L_0x5710f5162760, 4, 1;
S_0x5710f51448e0 .scope generate, "fa_chain[0]" "fa_chain[0]" 5 17, 5 17 0, S_0x5710f5144550;
 .timescale -9 -12;
P_0x5710f5144b00 .param/l "i" 1 5 17, +C4<00>;
L_0x7a6d69186eb8 .functor BUFT 1, C4<0>, C4<0>, C4<0>, C4<0>;
v0x5710f5144be0_0 .net *"_ivl_12", 0 0, L_0x7a6d69186eb8;  1 drivers
v0x5710f5144cc0_0 .net *"_ivl_13", 1 0, L_0x5710f515fff0;  1 drivers
v0x5710f5144da0_0 .net *"_ivl_15", 0 0, L_0x5710f51601a0;  1 drivers
v0x5710f5144e90_0 .net *"_ivl_16", 1 0, L_0x5710f5160240;  1 drivers
L_0x7a6d69186f00 .functor BUFT 1, C4<0>, C4<0>, C4<0>, C4<0>;
v0x5710f5144f70_0 .net *"_ivl_19", 0 0, L_0x7a6d69186f00;  1 drivers
v0x5710f51450a0_0 .net *"_ivl_20", 1 0, L_0x5710f51603c0;  1 drivers
v0x5710f5145180_0 .net *"_ivl_3", 0 0, L_0x5710f515fc30;  1 drivers
v0x5710f5145260_0 .net *"_ivl_4", 1 0, L_0x5710f515fcd0;  1 drivers
L_0x7a6d69186e70 .functor BUFT 1, C4<0>, C4<0>, C4<0>, C4<0>;
v0x5710f5145340_0 .net *"_ivl_7", 0 0, L_0x7a6d69186e70;  1 drivers
v0x5710f5145420_0 .net *"_ivl_8", 0 0, L_0x5710f515fe10;  1 drivers
v0x5710f5145500_0 .net *"_ivl_9", 1 0, L_0x5710f515feb0;  1 drivers
L_0x5710f515faa0 .part L_0x5710f51603c0, 1, 1;
L_0x5710f515fb40 .part L_0x5710f51603c0, 0, 1;
L_0x5710f515fcd0 .concat [ 1 1 0 0], L_0x5710f515fc30, L_0x7a6d69186e70;
L_0x5710f515feb0 .concat [ 1 1 0 0], L_0x5710f515fe10, L_0x7a6d69186eb8;
L_0x5710f515fff0 .arith/sum 2, L_0x5710f515fcd0, L_0x5710f515feb0;
L_0x5710f5160240 .concat [ 1 1 0 0], L_0x5710f51601a0, L_0x7a6d69186f00;
L_0x5710f51603c0 .arith/sum 2, L_0x5710f515fff0, L_0x5710f5160240;
S_0x5710f51455e0 .scope generate, "fa_chain[1]" "fa_chain[1]" 5 17, 5 17 0, S_0x5710f5144550;
 .timescale -9 -12;
P_0x5710f51457b0 .param/l "i" 1 5 17, +C4<01>;
L_0x7a6d69186f90 .functor BUFT 1, C4<0>, C4<0>, C4<0>, C4<0>;
v0x5710f5145870_0 .net *"_ivl_12", 0 0, L_0x7a6d69186f90;  1 drivers
v0x5710f5145950_0 .net *"_ivl_13", 1 0, L_0x5710f5160b20;  1 drivers
v0x5710f5145a30_0 .net *"_ivl_15", 0 0, L_0x5710f5160c60;  1 drivers
v0x5710f5145af0_0 .net *"_ivl_16", 1 0, L_0x5710f5160d90;  1 drivers
L_0x7a6d69186fd8 .functor BUFT 1, C4<0>, C4<0>, C4<0>, C4<0>;
v0x5710f5145bd0_0 .net *"_ivl_19", 0 0, L_0x7a6d69186fd8;  1 drivers
v0x5710f5145d00_0 .net *"_ivl_20", 1 0, L_0x5710f5160f10;  1 drivers
v0x5710f5145de0_0 .net *"_ivl_3", 0 0, L_0x5710f5160690;  1 drivers
v0x5710f5145ec0_0 .net *"_ivl_4", 1 0, L_0x5710f5160780;  1 drivers
L_0x7a6d69186f48 .functor BUFT 1, C4<0>, C4<0>, C4<0>, C4<0>;
v0x5710f5145fa0_0 .net *"_ivl_7", 0 0, L_0x7a6d69186f48;  1 drivers
v0x5710f5146110_0 .net *"_ivl_8", 0 0, L_0x5710f51608c0;  1 drivers
v0x5710f51461f0_0 .net *"_ivl_9", 1 0, L_0x5710f51609b0;  1 drivers
L_0x5710f5160500 .part L_0x5710f5160f10, 1, 1;
L_0x5710f51605a0 .part L_0x5710f5160f10, 0, 1;
L_0x5710f5160780 .concat [ 1 1 0 0], L_0x5710f5160690, L_0x7a6d69186f48;
L_0x5710f51609b0 .concat [ 1 1 0 0], L_0x5710f51608c0, L_0x7a6d69186f90;
L_0x5710f5160b20 .arith/sum 2, L_0x5710f5160780, L_0x5710f51609b0;
L_0x5710f5160d90 .concat [ 1 1 0 0], L_0x5710f5160c60, L_0x7a6d69186fd8;
L_0x5710f5160f10 .arith/sum 2, L_0x5710f5160b20, L_0x5710f5160d90;
S_0x5710f51462d0 .scope generate, "fa_chain[2]" "fa_chain[2]" 5 17, 5 17 0, S_0x5710f5144550;
 .timescale -9 -12;
P_0x5710f5146480 .param/l "i" 1 5 17, +C4<010>;
L_0x7a6d69187068 .functor BUFT 1, C4<0>, C4<0>, C4<0>, C4<0>;
v0x5710f5146540_0 .net *"_ivl_12", 0 0, L_0x7a6d69187068;  1 drivers
v0x5710f5146620_0 .net *"_ivl_13", 1 0, L_0x5710f51615f0;  1 drivers
v0x5710f5146700_0 .net *"_ivl_15", 0 0, L_0x5710f5161730;  1 drivers
v0x5710f51467f0_0 .net *"_ivl_16", 1 0, L_0x5710f51617d0;  1 drivers
L_0x7a6d691870b0 .functor BUFT 1, C4<0>, C4<0>, C4<0>, C4<0>;
v0x5710f51468d0_0 .net *"_ivl_19", 0 0, L_0x7a6d691870b0;  1 drivers
v0x5710f5146a00_0 .net *"_ivl_20", 1 0, L_0x5710f5161910;  1 drivers
v0x5710f5146ae0_0 .net *"_ivl_3", 0 0, L_0x5710f51611e0;  1 drivers
v0x5710f5146bc0_0 .net *"_ivl_4", 1 0, L_0x5710f5161280;  1 drivers
L_0x7a6d69187020 .functor BUFT 1, C4<0>, C4<0>, C4<0>, C4<0>;
v0x5710f5146ca0_0 .net *"_ivl_7", 0 0, L_0x7a6d69187020;  1 drivers
v0x5710f5146e10_0 .net *"_ivl_8", 0 0, L_0x5710f51613c0;  1 drivers
v0x5710f5146ef0_0 .net *"_ivl_9", 1 0, L_0x5710f51614b0;  1 drivers
L_0x5710f5161050 .part L_0x5710f5161910, 1, 1;
L_0x5710f51610f0 .part L_0x5710f5161910, 0, 1;
L_0x5710f5161280 .concat [ 1 1 0 0], L_0x5710f51611e0, L_0x7a6d69187020;
L_0x5710f51614b0 .concat [ 1 1 0 0], L_0x5710f51613c0, L_0x7a6d69187068;
L_0x5710f51615f0 .arith/sum 2, L_0x5710f5161280, L_0x5710f51614b0;
L_0x5710f51617d0 .concat [ 1 1 0 0], L_0x5710f5161730, L_0x7a6d691870b0;
L_0x5710f5161910 .arith/sum 2, L_0x5710f51615f0, L_0x5710f51617d0;
S_0x5710f5146fd0 .scope generate, "fa_chain[3]" "fa_chain[3]" 5 17, 5 17 0, S_0x5710f5144550;
 .timescale -9 -12;
P_0x5710f5147180 .param/l "i" 1 5 17, +C4<011>;
L_0x7a6d69187140 .functor BUFT 1, C4<0>, C4<0>, C4<0>, C4<0>;
v0x5710f5147260_0 .net *"_ivl_12", 0 0, L_0x7a6d69187140;  1 drivers
v0x5710f5147340_0 .net *"_ivl_13", 1 0, L_0x5710f5162280;  1 drivers
v0x5710f5147420_0 .net *"_ivl_15", 0 0, L_0x5710f51623c0;  1 drivers
v0x5710f51474e0_0 .net *"_ivl_16", 1 0, L_0x5710f51624f0;  1 drivers
L_0x7a6d69187188 .functor BUFT 1, C4<0>, C4<0>, C4<0>, C4<0>;
v0x5710f51475c0_0 .net *"_ivl_19", 0 0, L_0x7a6d69187188;  1 drivers
v0x5710f51476f0_0 .net *"_ivl_20", 1 0, L_0x5710f5162620;  1 drivers
v0x5710f51477d0_0 .net *"_ivl_3", 0 0, L_0x5710f5161e20;  1 drivers
v0x5710f51478b0_0 .net *"_ivl_4", 1 0, L_0x5710f5161f50;  1 drivers
L_0x7a6d691870f8 .functor BUFT 1, C4<0>, C4<0>, C4<0>, C4<0>;
v0x5710f5147990_0 .net *"_ivl_7", 0 0, L_0x7a6d691870f8;  1 drivers
v0x5710f5147b00_0 .net *"_ivl_8", 0 0, L_0x5710f5162040;  1 drivers
v0x5710f5147be0_0 .net *"_ivl_9", 1 0, L_0x5710f51621e0;  1 drivers
L_0x5710f5161c90 .part L_0x5710f5162620, 1, 1;
L_0x5710f5161d30 .part L_0x5710f5162620, 0, 1;
L_0x5710f5161f50 .concat [ 1 1 0 0], L_0x5710f5161e20, L_0x7a6d691870f8;
L_0x5710f51621e0 .concat [ 1 1 0 0], L_0x5710f5162040, L_0x7a6d69187140;
L_0x5710f5162280 .arith/sum 2, L_0x5710f5161f50, L_0x5710f51621e0;
L_0x5710f51624f0 .concat [ 1 1 0 0], L_0x5710f51623c0, L_0x7a6d69187188;
L_0x5710f5162620 .arith/sum 2, L_0x5710f5162280, L_0x5710f51624f0;
S_0x5710f5148ad0 .scope module, "b3_0" "rca4" 4 46, 5 3 0, S_0x5710f5132ee0;
 .timescale -9 -12;
    .port_info 0 /INPUT 4 "a";
    .port_info 1 /INPUT 4 "b";
    .port_info 2 /INPUT 1 "cin";
    .port_info 3 /OUTPUT 4 "s";
    .port_info 4 /OUTPUT 1 "cout";
P_0x5710f5148c60 .param/l "N" 0 5 4, +C4<00000000000000000000000000000100>;
L_0x7a6d69187578 .functor BUFT 1, C4<0>, C4<0>, C4<0>, C4<0>;
L_0x5710f5163820 .functor BUFZ 1, L_0x7a6d69187578, C4<0>, C4<0>, C4<0>;
v0x5710f514c220_0 .net *"_ivl_0", 0 0, L_0x5710f5162e70;  1 drivers
v0x5710f514c320_0 .net *"_ivl_14", 0 0, L_0x5710f51647e0;  1 drivers
v0x5710f514c400_0 .net *"_ivl_16", 0 0, L_0x5710f5164880;  1 drivers
v0x5710f514c4c0_0 .net *"_ivl_2", 0 0, L_0x5710f5162f10;  1 drivers
v0x5710f514c5a0_0 .net *"_ivl_21", 0 0, L_0x5710f5165420;  1 drivers
v0x5710f514c680_0 .net *"_ivl_23", 0 0, L_0x5710f51654c0;  1 drivers
v0x5710f514c760_0 .net *"_ivl_33", 0 0, L_0x5710f5163820;  1 drivers
v0x5710f514c840_0 .net *"_ivl_7", 0 0, L_0x5710f5163c90;  1 drivers
v0x5710f514c920_0 .net *"_ivl_9", 0 0, L_0x5710f5163d30;  1 drivers
v0x5710f514ca90_0 .net "a", 3 0, L_0x5710f5166240;  1 drivers
v0x5710f514cb70_0 .net "b", 3 0, L_0x5710f51662e0;  1 drivers
v0x5710f514cc50_0 .net "c", 4 0, L_0x5710f5165ef0;  1 drivers
v0x5710f514cd30_0 .net "cin", 0 0, L_0x7a6d69187578;  1 drivers
v0x5710f514cdf0_0 .net "cout", 0 0, L_0x5710f5166150;  alias, 1 drivers
v0x5710f514ceb0_0 .net "s", 3 0, L_0x5710f51651e0;  alias, 1 drivers
L_0x5710f5162fb0 .part L_0x5710f5166240, 0, 1;
L_0x5710f51635a0 .part L_0x5710f51662e0, 0, 1;
L_0x5710f5163930 .part L_0x5710f5165ef0, 0, 1;
L_0x5710f5163e20 .part L_0x5710f5166240, 1, 1;
L_0x5710f5164050 .part L_0x5710f51662e0, 1, 1;
L_0x5710f51643f0 .part L_0x5710f5165ef0, 1, 1;
L_0x5710f5164970 .part L_0x5710f5166240, 2, 1;
L_0x5710f5164b50 .part L_0x5710f51662e0, 2, 1;
L_0x5710f5164ec0 .part L_0x5710f5165ef0, 2, 1;
L_0x5710f51651e0 .concat8 [ 1 1 1 1], L_0x5710f5162f10, L_0x5710f5163d30, L_0x5710f5164880, L_0x5710f51654c0;
L_0x5710f51655b0 .part L_0x5710f5166240, 3, 1;
L_0x5710f51657d0 .part L_0x5710f51662e0, 3, 1;
L_0x5710f5165b50 .part L_0x5710f5165ef0, 3, 1;
LS_0x5710f5165ef0_0_0 .concat8 [ 1 1 1 1], L_0x5710f5163820, L_0x5710f5162e70, L_0x5710f5163c90, L_0x5710f51647e0;
LS_0x5710f5165ef0_0_4 .concat8 [ 1 0 0 0], L_0x5710f5165420;
L_0x5710f5165ef0 .concat8 [ 4 1 0 0], LS_0x5710f5165ef0_0_0, LS_0x5710f5165ef0_0_4;
L_0x5710f5166150 .part L_0x5710f5165ef0, 4, 1;
S_0x5710f5148e40 .scope generate, "fa_chain[0]" "fa_chain[0]" 5 17, 5 17 0, S_0x5710f5148ad0;
 .timescale -9 -12;
P_0x5710f5149060 .param/l "i" 1 5 17, +C4<00>;
L_0x7a6d69187260 .functor BUFT 1, C4<0>, C4<0>, C4<0>, C4<0>;
v0x5710f5149140_0 .net *"_ivl_12", 0 0, L_0x7a6d69187260;  1 drivers
v0x5710f5149220_0 .net *"_ivl_13", 1 0, L_0x5710f5163780;  1 drivers
v0x5710f5149300_0 .net *"_ivl_15", 0 0, L_0x5710f5163930;  1 drivers
v0x5710f51493f0_0 .net *"_ivl_16", 1 0, L_0x5710f51639d0;  1 drivers
L_0x7a6d691872a8 .functor BUFT 1, C4<0>, C4<0>, C4<0>, C4<0>;
v0x5710f51494d0_0 .net *"_ivl_19", 0 0, L_0x7a6d691872a8;  1 drivers
v0x5710f5149600_0 .net *"_ivl_20", 1 0, L_0x5710f5163b50;  1 drivers
v0x5710f51496e0_0 .net *"_ivl_3", 0 0, L_0x5710f5162fb0;  1 drivers
v0x5710f51497c0_0 .net *"_ivl_4", 1 0, L_0x5710f5163050;  1 drivers
L_0x7a6d69187218 .functor BUFT 1, C4<0>, C4<0>, C4<0>, C4<0>;
v0x5710f51498a0_0 .net *"_ivl_7", 0 0, L_0x7a6d69187218;  1 drivers
v0x5710f5149980_0 .net *"_ivl_8", 0 0, L_0x5710f51635a0;  1 drivers
v0x5710f5149a60_0 .net *"_ivl_9", 1 0, L_0x5710f5163640;  1 drivers
L_0x5710f5162e70 .part L_0x5710f5163b50, 1, 1;
L_0x5710f5162f10 .part L_0x5710f5163b50, 0, 1;
L_0x5710f5163050 .concat [ 1 1 0 0], L_0x5710f5162fb0, L_0x7a6d69187218;
L_0x5710f5163640 .concat [ 1 1 0 0], L_0x5710f51635a0, L_0x7a6d69187260;
L_0x5710f5163780 .arith/sum 2, L_0x5710f5163050, L_0x5710f5163640;
L_0x5710f51639d0 .concat [ 1 1 0 0], L_0x5710f5163930, L_0x7a6d691872a8;
L_0x5710f5163b50 .arith/sum 2, L_0x5710f5163780, L_0x5710f51639d0;
S_0x5710f5149b40 .scope generate, "fa_chain[1]" "fa_chain[1]" 5 17, 5 17 0, S_0x5710f5148ad0;
 .timescale -9 -12;
P_0x5710f5149d10 .param/l "i" 1 5 17, +C4<01>;
L_0x7a6d69187338 .functor BUFT 1, C4<0>, C4<0>, C4<0>, C4<0>;
v0x5710f5149dd0_0 .net *"_ivl_12", 0 0, L_0x7a6d69187338;  1 drivers
v0x5710f5149eb0_0 .net *"_ivl_13", 1 0, L_0x5710f51642b0;  1 drivers
v0x5710f5149f90_0 .net *"_ivl_15", 0 0, L_0x5710f51643f0;  1 drivers
v0x5710f514a050_0 .net *"_ivl_16", 1 0, L_0x5710f5164520;  1 drivers
L_0x7a6d69187380 .functor BUFT 1, C4<0>, C4<0>, C4<0>, C4<0>;
v0x5710f514a130_0 .net *"_ivl_19", 0 0, L_0x7a6d69187380;  1 drivers
v0x5710f514a260_0 .net *"_ivl_20", 1 0, L_0x5710f51646a0;  1 drivers
v0x5710f514a340_0 .net *"_ivl_3", 0 0, L_0x5710f5163e20;  1 drivers
v0x5710f514a420_0 .net *"_ivl_4", 1 0, L_0x5710f5163f10;  1 drivers
L_0x7a6d691872f0 .functor BUFT 1, C4<0>, C4<0>, C4<0>, C4<0>;
v0x5710f514a500_0 .net *"_ivl_7", 0 0, L_0x7a6d691872f0;  1 drivers
v0x5710f514a670_0 .net *"_ivl_8", 0 0, L_0x5710f5164050;  1 drivers
v0x5710f514a750_0 .net *"_ivl_9", 1 0, L_0x5710f5164140;  1 drivers
L_0x5710f5163c90 .part L_0x5710f51646a0, 1, 1;
L_0x5710f5163d30 .part L_0x5710f51646a0, 0, 1;
L_0x5710f5163f10 .concat [ 1 1 0 0], L_0x5710f5163e20, L_0x7a6d691872f0;
L_0x5710f5164140 .concat [ 1 1 0 0], L_0x5710f5164050, L_0x7a6d69187338;
L_0x5710f51642b0 .arith/sum 2, L_0x5710f5163f10, L_0x5710f5164140;
L_0x5710f5164520 .concat [ 1 1 0 0], L_0x5710f51643f0, L_0x7a6d69187380;
L_0x5710f51646a0 .arith/sum 2, L_0x5710f51642b0, L_0x5710f5164520;
S_0x5710f514a830 .scope generate, "fa_chain[2]" "fa_chain[2]" 5 17, 5 17 0, S_0x5710f5148ad0;
 .timescale -9 -12;
P_0x5710f514a9e0 .param/l "i" 1 5 17, +C4<010>;
L_0x7a6d69187410 .functor BUFT 1, C4<0>, C4<0>, C4<0>, C4<0>;
v0x5710f514aaa0_0 .net *"_ivl_12", 0 0, L_0x7a6d69187410;  1 drivers
v0x5710f514ab80_0 .net *"_ivl_13", 1 0, L_0x5710f5164d80;  1 drivers
v0x5710f514ac60_0 .net *"_ivl_15", 0 0, L_0x5710f5164ec0;  1 drivers
v0x5710f514ad50_0 .net *"_ivl_16", 1 0, L_0x5710f5164f60;  1 drivers
L_0x7a6d69187458 .functor BUFT 1, C4<0>, C4<0>, C4<0>, C4<0>;
v0x5710f514ae30_0 .net *"_ivl_19", 0 0, L_0x7a6d69187458;  1 drivers
v0x5710f514af60_0 .net *"_ivl_20", 1 0, L_0x5710f51650a0;  1 drivers
v0x5710f514b040_0 .net *"_ivl_3", 0 0, L_0x5710f5164970;  1 drivers
v0x5710f514b120_0 .net *"_ivl_4", 1 0, L_0x5710f5164a10;  1 drivers
L_0x7a6d691873c8 .functor BUFT 1, C4<0>, C4<0>, C4<0>, C4<0>;
v0x5710f514b200_0 .net *"_ivl_7", 0 0, L_0x7a6d691873c8;  1 drivers
v0x5710f514b370_0 .net *"_ivl_8", 0 0, L_0x5710f5164b50;  1 drivers
v0x5710f514b450_0 .net *"_ivl_9", 1 0, L_0x5710f5164c40;  1 drivers
L_0x5710f51647e0 .part L_0x5710f51650a0, 1, 1;
L_0x5710f5164880 .part L_0x5710f51650a0, 0, 1;
L_0x5710f5164a10 .concat [ 1 1 0 0], L_0x5710f5164970, L_0x7a6d691873c8;
L_0x5710f5164c40 .concat [ 1 1 0 0], L_0x5710f5164b50, L_0x7a6d69187410;
L_0x5710f5164d80 .arith/sum 2, L_0x5710f5164a10, L_0x5710f5164c40;
L_0x5710f5164f60 .concat [ 1 1 0 0], L_0x5710f5164ec0, L_0x7a6d69187458;
L_0x5710f51650a0 .arith/sum 2, L_0x5710f5164d80, L_0x5710f5164f60;
S_0x5710f514b530 .scope generate, "fa_chain[3]" "fa_chain[3]" 5 17, 5 17 0, S_0x5710f5148ad0;
 .timescale -9 -12;
P_0x5710f514b6e0 .param/l "i" 1 5 17, +C4<011>;
L_0x7a6d691874e8 .functor BUFT 1, C4<0>, C4<0>, C4<0>, C4<0>;
v0x5710f514b7c0_0 .net *"_ivl_12", 0 0, L_0x7a6d691874e8;  1 drivers
v0x5710f514b8a0_0 .net *"_ivl_13", 1 0, L_0x5710f5165a10;  1 drivers
v0x5710f514b980_0 .net *"_ivl_15", 0 0, L_0x5710f5165b50;  1 drivers
v0x5710f514ba40_0 .net *"_ivl_16", 1 0, L_0x5710f5165c80;  1 drivers
L_0x7a6d69187530 .functor BUFT 1, C4<0>, C4<0>, C4<0>, C4<0>;
v0x5710f514bb20_0 .net *"_ivl_19", 0 0, L_0x7a6d69187530;  1 drivers
v0x5710f514bc50_0 .net *"_ivl_20", 1 0, L_0x5710f5165db0;  1 drivers
v0x5710f514bd30_0 .net *"_ivl_3", 0 0, L_0x5710f51655b0;  1 drivers
v0x5710f514be10_0 .net *"_ivl_4", 1 0, L_0x5710f51656e0;  1 drivers
L_0x7a6d691874a0 .functor BUFT 1, C4<0>, C4<0>, C4<0>, C4<0>;
v0x5710f514bef0_0 .net *"_ivl_7", 0 0, L_0x7a6d691874a0;  1 drivers
v0x5710f514c060_0 .net *"_ivl_8", 0 0, L_0x5710f51657d0;  1 drivers
v0x5710f514c140_0 .net *"_ivl_9", 1 0, L_0x5710f5165970;  1 drivers
L_0x5710f5165420 .part L_0x5710f5165db0, 1, 1;
L_0x5710f51654c0 .part L_0x5710f5165db0, 0, 1;
L_0x5710f51656e0 .concat [ 1 1 0 0], L_0x5710f51655b0, L_0x7a6d691874a0;
L_0x5710f5165970 .concat [ 1 1 0 0], L_0x5710f51657d0, L_0x7a6d691874e8;
L_0x5710f5165a10 .arith/sum 2, L_0x5710f51656e0, L_0x5710f5165970;
L_0x5710f5165c80 .concat [ 1 1 0 0], L_0x5710f5165b50, L_0x7a6d69187530;
L_0x5710f5165db0 .arith/sum 2, L_0x5710f5165a10, L_0x5710f5165c80;
S_0x5710f514d030 .scope module, "b3_1" "rca4" 4 47, 5 3 0, S_0x5710f5132ee0;
 .timescale -9 -12;
    .port_info 0 /INPUT 4 "a";
    .port_info 1 /INPUT 4 "b";
    .port_info 2 /INPUT 1 "cin";
    .port_info 3 /OUTPUT 4 "s";
    .port_info 4 /OUTPUT 1 "cout";
P_0x5710f514d1c0 .param/l "N" 0 5 4, +C4<00000000000000000000000000000100>;
L_0x7a6d69187920 .functor BUFT 1, C4<1>, C4<0>, C4<0>, C4<0>;
L_0x5710f5166a00 .functor BUFZ 1, L_0x7a6d69187920, C4<0>, C4<0>, C4<0>;
v0x5710f5150780_0 .net *"_ivl_0", 0 0, L_0x5710f5166410;  1 drivers
v0x5710f5150880_0 .net *"_ivl_14", 0 0, L_0x5710f51679c0;  1 drivers
v0x5710f5150960_0 .net *"_ivl_16", 0 0, L_0x5710f5167a60;  1 drivers
v0x5710f5150a20_0 .net *"_ivl_2", 0 0, L_0x5710f51664b0;  1 drivers
v0x5710f5150b00_0 .net *"_ivl_21", 0 0, L_0x5710f5168600;  1 drivers
v0x5710f5150be0_0 .net *"_ivl_23", 0 0, L_0x5710f51686a0;  1 drivers
v0x5710f5150cc0_0 .net *"_ivl_33", 0 0, L_0x5710f5166a00;  1 drivers
v0x5710f5150da0_0 .net *"_ivl_7", 0 0, L_0x5710f5166e70;  1 drivers
v0x5710f5150e80_0 .net *"_ivl_9", 0 0, L_0x5710f5166f10;  1 drivers
v0x5710f5150ff0_0 .net "a", 3 0, L_0x5710f5169420;  1 drivers
v0x5710f51510d0_0 .net "b", 3 0, L_0x5710f51694c0;  1 drivers
v0x5710f51511b0_0 .net "c", 4 0, L_0x5710f51690d0;  1 drivers
v0x5710f5151290_0 .net "cin", 0 0, L_0x7a6d69187920;  1 drivers
v0x5710f5151350_0 .net "cout", 0 0, L_0x5710f5169330;  alias, 1 drivers
v0x5710f5151410_0 .net "s", 3 0, L_0x5710f51683c0;  alias, 1 drivers
L_0x5710f51665a0 .part L_0x5710f5169420, 0, 1;
L_0x5710f5166780 .part L_0x5710f51694c0, 0, 1;
L_0x5710f5166b10 .part L_0x5710f51690d0, 0, 1;
L_0x5710f5167000 .part L_0x5710f5169420, 1, 1;
L_0x5710f5167230 .part L_0x5710f51694c0, 1, 1;
L_0x5710f51675d0 .part L_0x5710f51690d0, 1, 1;
L_0x5710f5167b50 .part L_0x5710f5169420, 2, 1;
L_0x5710f5167d30 .part L_0x5710f51694c0, 2, 1;
L_0x5710f51680a0 .part L_0x5710f51690d0, 2, 1;
L_0x5710f51683c0 .concat8 [ 1 1 1 1], L_0x5710f51664b0, L_0x5710f5166f10, L_0x5710f5167a60, L_0x5710f51686a0;
L_0x5710f5168790 .part L_0x5710f5169420, 3, 1;
L_0x5710f51689b0 .part L_0x5710f51694c0, 3, 1;
L_0x5710f5168d30 .part L_0x5710f51690d0, 3, 1;
LS_0x5710f51690d0_0_0 .concat8 [ 1 1 1 1], L_0x5710f5166a00, L_0x5710f5166410, L_0x5710f5166e70, L_0x5710f51679c0;
LS_0x5710f51690d0_0_4 .concat8 [ 1 0 0 0], L_0x5710f5168600;
L_0x5710f51690d0 .concat8 [ 4 1 0 0], LS_0x5710f51690d0_0_0, LS_0x5710f51690d0_0_4;
L_0x5710f5169330 .part L_0x5710f51690d0, 4, 1;
S_0x5710f514d3a0 .scope generate, "fa_chain[0]" "fa_chain[0]" 5 17, 5 17 0, S_0x5710f514d030;
 .timescale -9 -12;
P_0x5710f514d5c0 .param/l "i" 1 5 17, +C4<00>;
L_0x7a6d69187608 .functor BUFT 1, C4<0>, C4<0>, C4<0>, C4<0>;
v0x5710f514d6a0_0 .net *"_ivl_12", 0 0, L_0x7a6d69187608;  1 drivers
v0x5710f514d780_0 .net *"_ivl_13", 1 0, L_0x5710f5166960;  1 drivers
v0x5710f514d860_0 .net *"_ivl_15", 0 0, L_0x5710f5166b10;  1 drivers
v0x5710f514d950_0 .net *"_ivl_16", 1 0, L_0x5710f5166bb0;  1 drivers
L_0x7a6d69187650 .functor BUFT 1, C4<0>, C4<0>, C4<0>, C4<0>;
v0x5710f514da30_0 .net *"_ivl_19", 0 0, L_0x7a6d69187650;  1 drivers
v0x5710f514db60_0 .net *"_ivl_20", 1 0, L_0x5710f5166d30;  1 drivers
v0x5710f514dc40_0 .net *"_ivl_3", 0 0, L_0x5710f51665a0;  1 drivers
v0x5710f514dd20_0 .net *"_ivl_4", 1 0, L_0x5710f5166640;  1 drivers
L_0x7a6d691875c0 .functor BUFT 1, C4<0>, C4<0>, C4<0>, C4<0>;
v0x5710f514de00_0 .net *"_ivl_7", 0 0, L_0x7a6d691875c0;  1 drivers
v0x5710f514dee0_0 .net *"_ivl_8", 0 0, L_0x5710f5166780;  1 drivers
v0x5710f514dfc0_0 .net *"_ivl_9", 1 0, L_0x5710f5166820;  1 drivers
L_0x5710f5166410 .part L_0x5710f5166d30, 1, 1;
L_0x5710f51664b0 .part L_0x5710f5166d30, 0, 1;
L_0x5710f5166640 .concat [ 1 1 0 0], L_0x5710f51665a0, L_0x7a6d691875c0;
L_0x5710f5166820 .concat [ 1 1 0 0], L_0x5710f5166780, L_0x7a6d69187608;
L_0x5710f5166960 .arith/sum 2, L_0x5710f5166640, L_0x5710f5166820;
L_0x5710f5166bb0 .concat [ 1 1 0 0], L_0x5710f5166b10, L_0x7a6d69187650;
L_0x5710f5166d30 .arith/sum 2, L_0x5710f5166960, L_0x5710f5166bb0;
S_0x5710f514e0a0 .scope generate, "fa_chain[1]" "fa_chain[1]" 5 17, 5 17 0, S_0x5710f514d030;
 .timescale -9 -12;
P_0x5710f514e270 .param/l "i" 1 5 17, +C4<01>;
L_0x7a6d691876e0 .functor BUFT 1, C4<0>, C4<0>, C4<0>, C4<0>;
v0x5710f514e330_0 .net *"_ivl_12", 0 0, L_0x7a6d691876e0;  1 drivers
v0x5710f514e410_0 .net *"_ivl_13", 1 0, L_0x5710f5167490;  1 drivers
v0x5710f514e4f0_0 .net *"_ivl_15", 0 0, L_0x5710f51675d0;  1 drivers
v0x5710f514e5b0_0 .net *"_ivl_16", 1 0, L_0x5710f5167700;  1 drivers
L_0x7a6d69187728 .functor BUFT 1, C4<0>, C4<0>, C4<0>, C4<0>;
v0x5710f514e690_0 .net *"_ivl_19", 0 0, L_0x7a6d69187728;  1 drivers
v0x5710f514e7c0_0 .net *"_ivl_20", 1 0, L_0x5710f5167880;  1 drivers
v0x5710f514e8a0_0 .net *"_ivl_3", 0 0, L_0x5710f5167000;  1 drivers
v0x5710f514e980_0 .net *"_ivl_4", 1 0, L_0x5710f51670f0;  1 drivers
L_0x7a6d69187698 .functor BUFT 1, C4<0>, C4<0>, C4<0>, C4<0>;
v0x5710f514ea60_0 .net *"_ivl_7", 0 0, L_0x7a6d69187698;  1 drivers
v0x5710f514ebd0_0 .net *"_ivl_8", 0 0, L_0x5710f5167230;  1 drivers
v0x5710f514ecb0_0 .net *"_ivl_9", 1 0, L_0x5710f5167320;  1 drivers
L_0x5710f5166e70 .part L_0x5710f5167880, 1, 1;
L_0x5710f5166f10 .part L_0x5710f5167880, 0, 1;
L_0x5710f51670f0 .concat [ 1 1 0 0], L_0x5710f5167000, L_0x7a6d69187698;
L_0x5710f5167320 .concat [ 1 1 0 0], L_0x5710f5167230, L_0x7a6d691876e0;
L_0x5710f5167490 .arith/sum 2, L_0x5710f51670f0, L_0x5710f5167320;
L_0x5710f5167700 .concat [ 1 1 0 0], L_0x5710f51675d0, L_0x7a6d69187728;
L_0x5710f5167880 .arith/sum 2, L_0x5710f5167490, L_0x5710f5167700;
S_0x5710f514ed90 .scope generate, "fa_chain[2]" "fa_chain[2]" 5 17, 5 17 0, S_0x5710f514d030;
 .timescale -9 -12;
P_0x5710f514ef40 .param/l "i" 1 5 17, +C4<010>;
L_0x7a6d691877b8 .functor BUFT 1, C4<0>, C4<0>, C4<0>, C4<0>;
v0x5710f514f000_0 .net *"_ivl_12", 0 0, L_0x7a6d691877b8;  1 drivers
v0x5710f514f0e0_0 .net *"_ivl_13", 1 0, L_0x5710f5167f60;  1 drivers
v0x5710f514f1c0_0 .net *"_ivl_15", 0 0, L_0x5710f51680a0;  1 drivers
v0x5710f514f2b0_0 .net *"_ivl_16", 1 0, L_0x5710f5168140;  1 drivers
L_0x7a6d69187800 .functor BUFT 1, C4<0>, C4<0>, C4<0>, C4<0>;
v0x5710f514f390_0 .net *"_ivl_19", 0 0, L_0x7a6d69187800;  1 drivers
v0x5710f514f4c0_0 .net *"_ivl_20", 1 0, L_0x5710f5168280;  1 drivers
v0x5710f514f5a0_0 .net *"_ivl_3", 0 0, L_0x5710f5167b50;  1 drivers
v0x5710f514f680_0 .net *"_ivl_4", 1 0, L_0x5710f5167bf0;  1 drivers
L_0x7a6d69187770 .functor BUFT 1, C4<0>, C4<0>, C4<0>, C4<0>;
v0x5710f514f760_0 .net *"_ivl_7", 0 0, L_0x7a6d69187770;  1 drivers
v0x5710f514f8d0_0 .net *"_ivl_8", 0 0, L_0x5710f5167d30;  1 drivers
v0x5710f514f9b0_0 .net *"_ivl_9", 1 0, L_0x5710f5167e20;  1 drivers
L_0x5710f51679c0 .part L_0x5710f5168280, 1, 1;
L_0x5710f5167a60 .part L_0x5710f5168280, 0, 1;
L_0x5710f5167bf0 .concat [ 1 1 0 0], L_0x5710f5167b50, L_0x7a6d69187770;
L_0x5710f5167e20 .concat [ 1 1 0 0], L_0x5710f5167d30, L_0x7a6d691877b8;
L_0x5710f5167f60 .arith/sum 2, L_0x5710f5167bf0, L_0x5710f5167e20;
L_0x5710f5168140 .concat [ 1 1 0 0], L_0x5710f51680a0, L_0x7a6d69187800;
L_0x5710f5168280 .arith/sum 2, L_0x5710f5167f60, L_0x5710f5168140;
S_0x5710f514fa90 .scope generate, "fa_chain[3]" "fa_chain[3]" 5 17, 5 17 0, S_0x5710f514d030;
 .timescale -9 -12;
P_0x5710f514fc40 .param/l "i" 1 5 17, +C4<011>;
L_0x7a6d69187890 .functor BUFT 1, C4<0>, C4<0>, C4<0>, C4<0>;
v0x5710f514fd20_0 .net *"_ivl_12", 0 0, L_0x7a6d69187890;  1 drivers
v0x5710f514fe00_0 .net *"_ivl_13", 1 0, L_0x5710f5168bf0;  1 drivers
v0x5710f514fee0_0 .net *"_ivl_15", 0 0, L_0x5710f5168d30;  1 drivers
v0x5710f514ffa0_0 .net *"_ivl_16", 1 0, L_0x5710f5168e60;  1 drivers
L_0x7a6d691878d8 .functor BUFT 1, C4<0>, C4<0>, C4<0>, C4<0>;
v0x5710f5150080_0 .net *"_ivl_19", 0 0, L_0x7a6d691878d8;  1 drivers
v0x5710f51501b0_0 .net *"_ivl_20", 1 0, L_0x5710f5168f90;  1 drivers
v0x5710f5150290_0 .net *"_ivl_3", 0 0, L_0x5710f5168790;  1 drivers
v0x5710f5150370_0 .net *"_ivl_4", 1 0, L_0x5710f51688c0;  1 drivers
L_0x7a6d69187848 .functor BUFT 1, C4<0>, C4<0>, C4<0>, C4<0>;
v0x5710f5150450_0 .net *"_ivl_7", 0 0, L_0x7a6d69187848;  1 drivers
v0x5710f51505c0_0 .net *"_ivl_8", 0 0, L_0x5710f51689b0;  1 drivers
v0x5710f51506a0_0 .net *"_ivl_9", 1 0, L_0x5710f5168b50;  1 drivers
L_0x5710f5168600 .part L_0x5710f5168f90, 1, 1;
L_0x5710f51686a0 .part L_0x5710f5168f90, 0, 1;
L_0x5710f51688c0 .concat [ 1 1 0 0], L_0x5710f5168790, L_0x7a6d69187848;
L_0x5710f5168b50 .concat [ 1 1 0 0], L_0x5710f51689b0, L_0x7a6d69187890;
L_0x5710f5168bf0 .arith/sum 2, L_0x5710f51688c0, L_0x5710f5168b50;
L_0x5710f5168e60 .concat [ 1 1 0 0], L_0x5710f5168d30, L_0x7a6d691878d8;
L_0x5710f5168f90 .arith/sum 2, L_0x5710f5168bf0, L_0x5710f5168e60;
    .scope S_0x5710f505d500;
T_1 ;
    %pushi/vec4 0, 0, 32;
    %store/vec4 v0x5710f5152bc0_0, 0, 32;
    %end;
    .thread T_1, $init;
    .scope S_0x5710f505d500;
T_2 ;
    %vpi_call/w 3 27 "$dumpfile", "csla.vcd" {0 0 0};
    %vpi_call/w 3 28 "$dumpvars", 32'sb00000000000000000000000000000000, S_0x5710f505d500 {0 0 0};
    %pushi/vec4 0, 0, 16;
    %store/vec4 v0x5710f51528a0_0, 0, 16;
    %pushi/vec4 0, 0, 16;
    %store/vec4 v0x5710f5152980_0, 0, 16;
    %pushi/vec4 0, 0, 1;
    %store/vec4 v0x5710f5152a50_0, 0, 1;
    %delay 10000, 0;
    %pushi/str "Borde Inferior";
    %store/str v0x5710f5132e20_0;
    %fork TD_tb_csla.check_result, S_0x5710f5132c20;
    %join;
    %pushi/vec4 65535, 0, 16;
    %store/vec4 v0x5710f51528a0_0, 0, 16;
    %pushi/vec4 65535, 0, 16;
    %store/vec4 v0x5710f5152980_0, 0, 16;
    %pushi/vec4 0, 0, 1;
    %store/vec4 v0x5710f5152a50_0, 0, 1;
    %delay 10000, 0;
    %pushi/str "Borde Superior";
    %store/str v0x5710f5132e20_0;
    %fork TD_tb_csla.check_result, S_0x5710f5132c20;
    %join;
    %pushi/vec4 65535, 0, 16;
    %store/vec4 v0x5710f51528a0_0, 0, 16;
    %pushi/vec4 1, 0, 16;
    %store/vec4 v0x5710f5152980_0, 0, 16;
    %pushi/vec4 0, 0, 1;
    %store/vec4 v0x5710f5152a50_0, 0, 1;
    %delay 10000, 0;
    %pushi/str "Carry-out en 1";
    %store/str v0x5710f5132e20_0;
    %fork TD_tb_csla.check_result, S_0x5710f5132c20;
    %join;
    %fork t_1, S_0x5710f505d690;
    %jmp t_0;
    .scope S_0x5710f505d690;
t_1 ;
    %pushi/vec4 0, 0, 32;
    %store/vec4 v0x5710f50abbe0_0, 0, 32;
T_2.0 ;
    %load/vec4 v0x5710f50abbe0_0;
    %cmpi/s 1000, 0, 32;
    %jmp/0xz T_2.1, 5;
    %vpi_func 3 44 "$urandom" 32 {0 0 0};
    %pad/u 16;
    %store/vec4 v0x5710f51528a0_0, 0, 16;
    %vpi_func 3 45 "$urandom" 32 {0 0 0};
    %pad/u 16;
    %store/vec4 v0x5710f5152980_0, 0, 16;
    %vpi_func 3 46 "$urandom_range" 32, 32'sb00000000000000000000000000000000, 32'sb00000000000000000000000000000001 {0 0 0};
    %pad/u 1;
    %store/vec4 v0x5710f5152a50_0, 0, 1;
    %delay 10000, 0;
    %pushi/str "Random";
    %store/str v0x5710f5132e20_0;
    %fork TD_tb_csla.check_result, S_0x5710f5132c20;
    %join;
    ; show_stmt_assign_vector: Get l-value for compressed += operand
    %load/vec4 v0x5710f50abbe0_0;
    %pushi/vec4 1, 0, 32;
    %add;
    %cast2;
    %store/vec4 v0x5710f50abbe0_0, 0, 32;
    %jmp T_2.0;
T_2.1 ;
    %end;
    .scope S_0x5710f505d500;
t_0 %join;
    %load/vec4 v0x5710f5152bc0_0;
    %cmpi/e 0, 0, 32;
    %jmp/0xz  T_2.2, 4;
    %vpi_call/w 3 52 "$display", "=========================================" {0 0 0};
    %vpi_call/w 3 53 "$display", "PASS: Todos los casos evaluados con exito." {0 0 0};
    %vpi_call/w 3 54 "$display", "=========================================" {0 0 0};
    %jmp T_2.3;
T_2.2 ;
    %vpi_call/w 3 56 "$display", "=========================================" {0 0 0};
    %vpi_call/w 3 57 "$display", "FAIL: Se encontraron %0d errores.", v0x5710f5152bc0_0 {0 0 0};
    %vpi_call/w 3 58 "$display", "=========================================" {0 0 0};
T_2.3 ;
    %vpi_call/w 3 61 "$finish" {0 0 0};
    %end;
    .thread T_2;
# The file index is used to find the file name in the following table.
:file_names 6;
    "N/A";
    "<interactive>";
    "-";
    "tb_csla.sv";
    "csla16.sv";
    "rca4.sv";
